Archive member included to satisfy reference by file (symbol)

.\ARM_GCC_541\Debug\CapSense_CSD_Design01.a(CapSense_CSD.o)
                              .\ARM_GCC_541\Debug\main.o (CapSense_CSD_Start)
.\ARM_GCC_541\Debug\CapSense_CSD_Design01.a(CapSense_CSD_CSHL.o)
                              .\ARM_GCC_541\Debug\main.o (CapSense_CSD_InitializeAllBaselines)
.\ARM_GCC_541\Debug\CapSense_CSD_Design01.a(CapSense_CSD_INT.o)
                              .\ARM_GCC_541\Debug\CapSense_CSD_Design01.a(CapSense_CSD.o) (CapSense_CSD_IsrCH0_ISR)
.\ARM_GCC_541\Debug\CapSense_CSD_Design01.a(CapSense_CSD_CompCH0.o)
                              .\ARM_GCC_541\Debug\CapSense_CSD_Design01.a(CapSense_CSD.o) (CapSense_CSD_CompCH0_Init)
.\ARM_GCC_541\Debug\CapSense_CSD_Design01.a(CapSense_CSD_IdacCH0.o)
                              .\ARM_GCC_541\Debug\CapSense_CSD_Design01.a(CapSense_CSD.o) (CapSense_CSD_IdacCH0_Init)
.\ARM_GCC_541\Debug\CapSense_CSD_Design01.a(CapSense_CSD_AMuxCH0.o)
                              .\ARM_GCC_541\Debug\CapSense_CSD_Design01.a(CapSense_CSD.o) (CapSense_CSD_AMuxCH0_Init)
.\ARM_GCC_541\Debug\CapSense_CSD_Design01.a(CapSense_CSD_IntClock.o)
                              .\ARM_GCC_541\Debug\CapSense_CSD_Design01.a(CapSense_CSD.o) (CapSense_CSD_IntClock_Start)
.\ARM_GCC_541\Debug\CapSense_CSD_Design01.a(CyLib.o)
                              .\ARM_GCC_541\Debug\Cm3Start.o (CyResetStatus)
.\ARM_GCC_541\Debug\CapSense_CSD_Design01.a(cyPm.o)
                              .\ARM_GCC_541\Debug\CapSense_CSD_Design01.a(CyLib.o) (CyPmReadStatus)
.\ARM_GCC_541\Debug\CapSense_CSD_Design01.a(Clock_1.o)
                              .\ARM_GCC_541\Debug\main.o (Clock_1_Start)
.\ARM_GCC_541\Debug\CapSense_CSD_Design01.a(PWM_1.o)
                              .\ARM_GCC_541\Debug\main.o (PWM_1_Start)
.\ARM_GCC_541\Debug\CapSense_CSD_Design01.a(CyBootAsmGnu.o)
                              .\ARM_GCC_541\Debug\cyfitter_cfg.o (CyDelayCycles)
.\ARM_GCC_541\Debug\CapSense_CSD_Design01.a(CyFlash.o)
                              .\ARM_GCC_541\Debug\CapSense_CSD_Design01.a(cyPm.o) (CyFlash_SetWaitCycles)
.\ARM_GCC_541\Debug\CapSense_CSD_Design01.a(CySpc.o)
                              .\ARM_GCC_541\Debug\CapSense_CSD_Design01.a(CyFlash.o) (CySpcStart)
c:/program files (x86)/cypress/psoc creator/4.2/psoc creator/import/gnu/arm/5.4.1/bin/../lib/gcc/arm-none-eabi/5.4.1/../../../../arm-none-eabi/lib/armv7-m\libg_nano.a(lib_a-errno.o)
                              .\ARM_GCC_541\Debug\Cm3Start.o (__errno)
c:/program files (x86)/cypress/psoc creator/4.2/psoc creator/import/gnu/arm/5.4.1/bin/../lib/gcc/arm-none-eabi/5.4.1/../../../../arm-none-eabi/lib/armv7-m\libg_nano.a(lib_a-exit.o)
                              c:/program files (x86)/cypress/psoc creator/4.2/psoc creator/import/gnu/arm/5.4.1/bin/../lib/gcc/arm-none-eabi/5.4.1/../../../../arm-none-eabi/lib/armv7-m/crt0.o (exit)
c:/program files (x86)/cypress/psoc creator/4.2/psoc creator/import/gnu/arm/5.4.1/bin/../lib/gcc/arm-none-eabi/5.4.1/../../../../arm-none-eabi/lib/armv7-m\libg_nano.a(lib_a-impure.o)
                              c:/program files (x86)/cypress/psoc creator/4.2/psoc creator/import/gnu/arm/5.4.1/bin/../lib/gcc/arm-none-eabi/5.4.1/../../../../arm-none-eabi/lib/armv7-m\libg_nano.a(lib_a-exit.o) (_global_impure_ptr)
c:/program files (x86)/cypress/psoc creator/4.2/psoc creator/import/gnu/arm/5.4.1/bin/../lib/gcc/arm-none-eabi/5.4.1/../../../../arm-none-eabi/lib/armv7-m\libg_nano.a(lib_a-init.o)
                              c:/program files (x86)/cypress/psoc creator/4.2/psoc creator/import/gnu/arm/5.4.1/bin/../lib/gcc/arm-none-eabi/5.4.1/../../../../arm-none-eabi/lib/armv7-m/crt0.o (__libc_init_array)
c:/program files (x86)/cypress/psoc creator/4.2/psoc creator/import/gnu/arm/5.4.1/bin/../lib/gcc/arm-none-eabi/5.4.1/../../../../arm-none-eabi/lib/armv7-m\libg_nano.a(lib_a-memcpy-stub.o)
                              .\ARM_GCC_541\Debug\cyfitter_cfg.o (memcpy)
c:/program files (x86)/cypress/psoc creator/4.2/psoc creator/import/gnu/arm/5.4.1/bin/../lib/gcc/arm-none-eabi/5.4.1/../../../../arm-none-eabi/lib/armv7-m\libg_nano.a(lib_a-memset.o)
                              c:/program files (x86)/cypress/psoc creator/4.2/psoc creator/import/gnu/arm/5.4.1/bin/../lib/gcc/arm-none-eabi/5.4.1/../../../../arm-none-eabi/lib/armv7-m/crt0.o (memset)

Allocating common symbols
Common symbol       size              file

curPos              0x2               .\ARM_GCC_541\Debug\main.o
CapSense_CSD_sensorIndex
                    0x1               .\ARM_GCC_541\Debug\CapSense_CSD_Design01.a(CapSense_CSD.o)
CapSense_CSD_csv    0x1               .\ARM_GCC_541\Debug\CapSense_CSD_Design01.a(CapSense_CSD.o)
CapSense_CSD_sensorSignal
                    0xa               .\ARM_GCC_541\Debug\CapSense_CSD_Design01.a(CapSense_CSD_CSHL.o)
oldPos              0x2               .\ARM_GCC_541\Debug\main.o
CapSense_CSD_sensorBaseline
                    0xa               .\ARM_GCC_541\Debug\CapSense_CSD_Design01.a(CapSense_CSD_CSHL.o)
CapSense_CSD_sensorBaselineLow
                    0x5               .\ARM_GCC_541\Debug\CapSense_CSD_Design01.a(CapSense_CSD_CSHL.o)
CapSense_CSD_sensorRaw
                    0xa               .\ARM_GCC_541\Debug\CapSense_CSD_Design01.a(CapSense_CSD.o)
CapSense_CSD_sensorOnMask
                    0x1               .\ARM_GCC_541\Debug\CapSense_CSD_Design01.a(CapSense_CSD_CSHL.o)
CapSense_CSD_lowBaselineResetCnt
                    0x5               .\ARM_GCC_541\Debug\CapSense_CSD_Design01.a(CapSense_CSD_CSHL.o)
dieTemperature      0x2               .\ARM_GCC_541\Debug\CapSense_CSD_Design01.a(CyFlash.o)

Discarded input sections

 .text          0x00000000        0x0 c:/program files (x86)/cypress/psoc creator/4.2/psoc creator/import/gnu/arm/5.4.1/bin/../lib/gcc/arm-none-eabi/5.4.1/armv7-m/crti.o
 .data          0x00000000        0x0 c:/program files (x86)/cypress/psoc creator/4.2/psoc creator/import/gnu/arm/5.4.1/bin/../lib/gcc/arm-none-eabi/5.4.1/armv7-m/crti.o
 .bss           0x00000000        0x0 c:/program files (x86)/cypress/psoc creator/4.2/psoc creator/import/gnu/arm/5.4.1/bin/../lib/gcc/arm-none-eabi/5.4.1/armv7-m/crti.o
 .data          0x00000000        0x4 c:/program files (x86)/cypress/psoc creator/4.2/psoc creator/import/gnu/arm/5.4.1/bin/../lib/gcc/arm-none-eabi/5.4.1/armv7-m/crtbegin.o
 .text          0x00000000       0x74 c:/program files (x86)/cypress/psoc creator/4.2/psoc creator/import/gnu/arm/5.4.1/bin/../lib/gcc/arm-none-eabi/5.4.1/../../../../arm-none-eabi/lib/armv7-m/crt0.o
 .data          0x00000000        0x0 c:/program files (x86)/cypress/psoc creator/4.2/psoc creator/import/gnu/arm/5.4.1/bin/../lib/gcc/arm-none-eabi/5.4.1/../../../../arm-none-eabi/lib/armv7-m/crt0.o
 .bss           0x00000000        0x0 c:/program files (x86)/cypress/psoc creator/4.2/psoc creator/import/gnu/arm/5.4.1/bin/../lib/gcc/arm-none-eabi/5.4.1/../../../../arm-none-eabi/lib/armv7-m/crt0.o
 .ARM.extab     0x00000000        0x0 c:/program files (x86)/cypress/psoc creator/4.2/psoc creator/import/gnu/arm/5.4.1/bin/../lib/gcc/arm-none-eabi/5.4.1/../../../../arm-none-eabi/lib/armv7-m/crt0.o
 .ARM.exidx     0x00000000        0x8 c:/program files (x86)/cypress/psoc creator/4.2/psoc creator/import/gnu/arm/5.4.1/bin/../lib/gcc/arm-none-eabi/5.4.1/../../../../arm-none-eabi/lib/armv7-m/crt0.o
 .text          0x00000000        0x0 .\ARM_GCC_541\Debug\main.o
 .data          0x00000000        0x0 .\ARM_GCC_541\Debug\main.o
 .bss           0x00000000        0x0 .\ARM_GCC_541\Debug\main.o
 .text          0x00000000        0x0 .\ARM_GCC_541\Debug\cyfitter_cfg.o
 .data          0x00000000        0x0 .\ARM_GCC_541\Debug\cyfitter_cfg.o
 .bss           0x00000000        0x0 .\ARM_GCC_541\Debug\cyfitter_cfg.o
 .text.CYCONFIGCPYCODE
                0x00000000       0x20 .\ARM_GCC_541\Debug\cyfitter_cfg.o
 .text.SetAnalogRoutingPumps
                0x00000000       0x3c .\ARM_GCC_541\Debug\cyfitter_cfg.o
 .text          0x00000000        0x0 .\ARM_GCC_541\Debug\cymetadata.o
 .data          0x00000000        0x0 .\ARM_GCC_541\Debug\cymetadata.o
 .bss           0x00000000        0x0 .\ARM_GCC_541\Debug\cymetadata.o
 .text          0x00000000        0x0 .\ARM_GCC_541\Debug\Cm3Start.o
 .data          0x00000000        0x4 .\ARM_GCC_541\Debug\Cm3Start.o
 .bss           0x00000000        0x0 .\ARM_GCC_541\Debug\Cm3Start.o
 .text._exit    0x00000000       0x14 .\ARM_GCC_541\Debug\Cm3Start.o
 .text._sbrk    0x00000000       0x50 .\ARM_GCC_541\Debug\Cm3Start.o
 .text          0x00000000        0x0 .\ARM_GCC_541\Debug\CapSense_CSD_Design01.a(CapSense_CSD.o)
 .text.CapSense_CSD_Stop
                0x00000000       0x98 .\ARM_GCC_541\Debug\CapSense_CSD_Design01.a(CapSense_CSD.o)
 .text.CapSense_CSD_ReadSensorRaw
                0x00000000       0x20 .\ARM_GCC_541\Debug\CapSense_CSD_Design01.a(CapSense_CSD.o)
 .text.CapSense_CSD_GetPrescaler
                0x00000000       0x20 .\ARM_GCC_541\Debug\CapSense_CSD_Design01.a(CapSense_CSD.o)
 .text.CapSense_CSD_SetScanSpeed
                0x00000000       0x20 .\ARM_GCC_541\Debug\CapSense_CSD_Design01.a(CapSense_CSD.o)
 .text          0x00000000        0x0 .\ARM_GCC_541\Debug\CapSense_CSD_Design01.a(CapSense_CSD_CSHL.o)
 .data          0x00000000        0x0 .\ARM_GCC_541\Debug\CapSense_CSD_Design01.a(CapSense_CSD_CSHL.o)
 .rodata        0x00000000       0x1a .\ARM_GCC_541\Debug\CapSense_CSD_Design01.a(CapSense_CSD_CSHL.o)
 .text.CapSense_CSD_InitializeEnabledBaselines
                0x00000000       0x70 .\ARM_GCC_541\Debug\CapSense_CSD_Design01.a(CapSense_CSD_CSHL.o)
 .text.CapSense_CSD_CheckIsSensorActive
                0x00000000       0xfc .\ARM_GCC_541\Debug\CapSense_CSD_Design01.a(CapSense_CSD_CSHL.o)
 .text.CapSense_CSD_CheckIsWidgetActive
                0x00000000       0x44 .\ARM_GCC_541\Debug\CapSense_CSD_Design01.a(CapSense_CSD_CSHL.o)
 .text.CapSense_CSD_CheckIsAnyWidgetActive
                0x00000000       0x38 .\ARM_GCC_541\Debug\CapSense_CSD_Design01.a(CapSense_CSD_CSHL.o)
 .text.CapSense_CSD_EnableWidget
                0x00000000       0x58 .\ARM_GCC_541\Debug\CapSense_CSD_Design01.a(CapSense_CSD_CSHL.o)
 .text.CapSense_CSD_DisableWidget
                0x00000000       0x5c .\ARM_GCC_541\Debug\CapSense_CSD_Design01.a(CapSense_CSD_CSHL.o)
 .text          0x00000000        0x0 .\ARM_GCC_541\Debug\CapSense_CSD_Design01.a(CapSense_CSD_INT.o)
 .data          0x00000000        0x0 .\ARM_GCC_541\Debug\CapSense_CSD_Design01.a(CapSense_CSD_INT.o)
 .bss           0x00000000        0x0 .\ARM_GCC_541\Debug\CapSense_CSD_Design01.a(CapSense_CSD_INT.o)
 .text          0x00000000        0x0 .\ARM_GCC_541\Debug\CapSense_CSD_Design01.a(CapSense_CSD_CompCH0.o)
 .data          0x00000000        0x0 .\ARM_GCC_541\Debug\CapSense_CSD_Design01.a(CapSense_CSD_CompCH0.o)
 .bss           0x00000000        0x1 .\ARM_GCC_541\Debug\CapSense_CSD_Design01.a(CapSense_CSD_CompCH0.o)
 .text.CapSense_CSD_CompCH0_Start
                0x00000000       0x24 .\ARM_GCC_541\Debug\CapSense_CSD_Design01.a(CapSense_CSD_CompCH0.o)
 .text.CapSense_CSD_CompCH0_Stop
                0x00000000       0x34 .\ARM_GCC_541\Debug\CapSense_CSD_Design01.a(CapSense_CSD_CompCH0.o)
 .text.CapSense_CSD_CompCH0_GetCompare
                0x00000000       0x1c .\ARM_GCC_541\Debug\CapSense_CSD_Design01.a(CapSense_CSD_CompCH0.o)
 .text.CapSense_CSD_CompCH0_trimAdjust
                0x00000000       0xc0 .\ARM_GCC_541\Debug\CapSense_CSD_Design01.a(CapSense_CSD_CompCH0.o)
 .text.CapSense_CSD_CompCH0_ZeroCal
                0x00000000       0xc4 .\ARM_GCC_541\Debug\CapSense_CSD_Design01.a(CapSense_CSD_CompCH0.o)
 .text.CapSense_CSD_CompCH0_LoadTrim
                0x00000000       0x30 .\ARM_GCC_541\Debug\CapSense_CSD_Design01.a(CapSense_CSD_CompCH0.o)
 .text.CapSense_CSD_CompCH0_PwrDwnOverrideEnable
                0x00000000       0x20 .\ARM_GCC_541\Debug\CapSense_CSD_Design01.a(CapSense_CSD_CompCH0.o)
 .text.CapSense_CSD_CompCH0_PwrDwnOverrideDisable
                0x00000000       0x20 .\ARM_GCC_541\Debug\CapSense_CSD_Design01.a(CapSense_CSD_CompCH0.o)
 .text          0x00000000        0x0 .\ARM_GCC_541\Debug\CapSense_CSD_Design01.a(CapSense_CSD_IdacCH0.o)
 .data          0x00000000        0x0 .\ARM_GCC_541\Debug\CapSense_CSD_Design01.a(CapSense_CSD_IdacCH0.o)
 .bss           0x00000000        0x1 .\ARM_GCC_541\Debug\CapSense_CSD_Design01.a(CapSense_CSD_IdacCH0.o)
 .text.CapSense_CSD_IdacCH0_Start
                0x00000000       0x28 .\ARM_GCC_541\Debug\CapSense_CSD_Design01.a(CapSense_CSD_IdacCH0.o)
 .text.CapSense_CSD_IdacCH0_Stop
                0x00000000       0x34 .\ARM_GCC_541\Debug\CapSense_CSD_Design01.a(CapSense_CSD_IdacCH0.o)
 .text          0x00000000        0x0 .\ARM_GCC_541\Debug\CapSense_CSD_Design01.a(CapSense_CSD_AMuxCH0.o)
 .data          0x00000000        0x1 .\ARM_GCC_541\Debug\CapSense_CSD_Design01.a(CapSense_CSD_AMuxCH0.o)
 .bss           0x00000000        0x1 .\ARM_GCC_541\Debug\CapSense_CSD_Design01.a(CapSense_CSD_AMuxCH0.o)
 .text.CapSense_CSD_AMuxCH0_Start
                0x00000000       0x18 .\ARM_GCC_541\Debug\CapSense_CSD_Design01.a(CapSense_CSD_AMuxCH0.o)
 .text.CapSense_CSD_AMuxCH0_Stop
                0x00000000        0xc .\ARM_GCC_541\Debug\CapSense_CSD_Design01.a(CapSense_CSD_AMuxCH0.o)
 .text.CapSense_CSD_AMuxCH0_Select
                0x00000000       0x28 .\ARM_GCC_541\Debug\CapSense_CSD_Design01.a(CapSense_CSD_AMuxCH0.o)
 .text.CapSense_CSD_AMuxCH0_FastSelect
                0x00000000       0x38 .\ARM_GCC_541\Debug\CapSense_CSD_Design01.a(CapSense_CSD_AMuxCH0.o)
 .text          0x00000000        0x0 .\ARM_GCC_541\Debug\CapSense_CSD_Design01.a(CapSense_CSD_IntClock.o)
 .data          0x00000000        0x0 .\ARM_GCC_541\Debug\CapSense_CSD_Design01.a(CapSense_CSD_IntClock.o)
 .bss           0x00000000        0x0 .\ARM_GCC_541\Debug\CapSense_CSD_Design01.a(CapSense_CSD_IntClock.o)
 .text.CapSense_CSD_IntClock_Stop
                0x00000000       0x34 .\ARM_GCC_541\Debug\CapSense_CSD_Design01.a(CapSense_CSD_IntClock.o)
 .text.CapSense_CSD_IntClock_StopBlock
                0x00000000       0xb0 .\ARM_GCC_541\Debug\CapSense_CSD_Design01.a(CapSense_CSD_IntClock.o)
 .text.CapSense_CSD_IntClock_StandbyPower
                0x00000000       0x40 .\ARM_GCC_541\Debug\CapSense_CSD_Design01.a(CapSense_CSD_IntClock.o)
 .text.CapSense_CSD_IntClock_SetDividerRegister
                0x00000000      0x164 .\ARM_GCC_541\Debug\CapSense_CSD_Design01.a(CapSense_CSD_IntClock.o)
 .text.CapSense_CSD_IntClock_GetDividerRegister
                0x00000000       0x18 .\ARM_GCC_541\Debug\CapSense_CSD_Design01.a(CapSense_CSD_IntClock.o)
 .text.CapSense_CSD_IntClock_SetModeRegister
                0x00000000       0x34 .\ARM_GCC_541\Debug\CapSense_CSD_Design01.a(CapSense_CSD_IntClock.o)
 .text.CapSense_CSD_IntClock_ClearModeRegister
                0x00000000       0x34 .\ARM_GCC_541\Debug\CapSense_CSD_Design01.a(CapSense_CSD_IntClock.o)
 .text.CapSense_CSD_IntClock_GetModeRegister
                0x00000000       0x1c .\ARM_GCC_541\Debug\CapSense_CSD_Design01.a(CapSense_CSD_IntClock.o)
 .text.CapSense_CSD_IntClock_SetSourceRegister
                0x00000000       0xc4 .\ARM_GCC_541\Debug\CapSense_CSD_Design01.a(CapSense_CSD_IntClock.o)
 .text.CapSense_CSD_IntClock_GetSourceRegister
                0x00000000       0x1c .\ARM_GCC_541\Debug\CapSense_CSD_Design01.a(CapSense_CSD_IntClock.o)
 .text          0x00000000        0x0 .\ARM_GCC_541\Debug\CapSense_CSD_Design01.a(CyLib.o)
 .data          0x00000000       0x10 .\ARM_GCC_541\Debug\CapSense_CSD_Design01.a(CyLib.o)
 .bss           0x00000000       0x19 .\ARM_GCC_541\Debug\CapSense_CSD_Design01.a(CyLib.o)
 .text.CyPLL_OUT_Start
                0x00000000       0xb0 .\ARM_GCC_541\Debug\CapSense_CSD_Design01.a(CyLib.o)
 .text.CyPLL_OUT_Stop
                0x00000000       0x20 .\ARM_GCC_541\Debug\CapSense_CSD_Design01.a(CyLib.o)
 .text.CyPLL_OUT_SetPQ
                0x00000000       0x94 .\ARM_GCC_541\Debug\CapSense_CSD_Design01.a(CyLib.o)
 .text.CyPLL_OUT_SetSource
                0x00000000       0x58 .\ARM_GCC_541\Debug\CapSense_CSD_Design01.a(CyLib.o)
 .text.CyIMO_Start
                0x00000000       0x94 .\ARM_GCC_541\Debug\CapSense_CSD_Design01.a(CyLib.o)
 .text.CyIMO_Stop
                0x00000000       0x34 .\ARM_GCC_541\Debug\CapSense_CSD_Design01.a(CyLib.o)
 .text.CyUSB_PowerOnCheck
                0x00000000       0x60 .\ARM_GCC_541\Debug\CapSense_CSD_Design01.a(CyLib.o)
 .text.CyIMO_SetTrimValue
                0x00000000      0x108 .\ARM_GCC_541\Debug\CapSense_CSD_Design01.a(CyLib.o)
 .text.CyIMO_SetFreq
                0x00000000      0x1b0 .\ARM_GCC_541\Debug\CapSense_CSD_Design01.a(CyLib.o)
 .text.CyIMO_SetSource
                0x00000000       0x8c .\ARM_GCC_541\Debug\CapSense_CSD_Design01.a(CyLib.o)
 .text.CyIMO_EnableDoubler
                0x00000000       0x20 .\ARM_GCC_541\Debug\CapSense_CSD_Design01.a(CyLib.o)
 .text.CyIMO_DisableDoubler
                0x00000000       0x20 .\ARM_GCC_541\Debug\CapSense_CSD_Design01.a(CyLib.o)
 .text.CyMasterClk_SetSource
                0x00000000       0x34 .\ARM_GCC_541\Debug\CapSense_CSD_Design01.a(CyLib.o)
 .text.CyMasterClk_SetDivider
                0x00000000       0x20 .\ARM_GCC_541\Debug\CapSense_CSD_Design01.a(CyLib.o)
 .text.CyBusClk_Internal_SetDivider
                0x00000000       0x78 .\ARM_GCC_541\Debug\CapSense_CSD_Design01.a(CyLib.o)
 .text.CyBusClk_SetDivider
                0x00000000       0xb4 .\ARM_GCC_541\Debug\CapSense_CSD_Design01.a(CyLib.o)
 .text.CyUsbClk_SetSource
                0x00000000       0x34 .\ARM_GCC_541\Debug\CapSense_CSD_Design01.a(CyLib.o)
 .text.CyILO_Start1K
                0x00000000       0x20 .\ARM_GCC_541\Debug\CapSense_CSD_Design01.a(CyLib.o)
 .text.CyILO_Stop1K
                0x00000000       0x20 .\ARM_GCC_541\Debug\CapSense_CSD_Design01.a(CyLib.o)
 .text.CyILO_Start100K
                0x00000000       0x20 .\ARM_GCC_541\Debug\CapSense_CSD_Design01.a(CyLib.o)
 .text.CyILO_Stop100K
                0x00000000       0x20 .\ARM_GCC_541\Debug\CapSense_CSD_Design01.a(CyLib.o)
 .text.CyILO_Enable33K
                0x00000000       0x20 .\ARM_GCC_541\Debug\CapSense_CSD_Design01.a(CyLib.o)
 .text.CyILO_Disable33K
                0x00000000       0x20 .\ARM_GCC_541\Debug\CapSense_CSD_Design01.a(CyLib.o)
 .text.CyILO_SetSource
                0x00000000       0x38 .\ARM_GCC_541\Debug\CapSense_CSD_Design01.a(CyLib.o)
 .text.CyILO_SetPowerMode
                0x00000000       0x4c .\ARM_GCC_541\Debug\CapSense_CSD_Design01.a(CyLib.o)
 .text.CyXTAL_32KHZ_Start
                0x00000000       0x88 .\ARM_GCC_541\Debug\CapSense_CSD_Design01.a(CyLib.o)
 .text.CyXTAL_32KHZ_Stop
                0x00000000       0x50 .\ARM_GCC_541\Debug\CapSense_CSD_Design01.a(CyLib.o)
 .text.CyXTAL_32KHZ_ReadStatus
                0x00000000       0x1c .\ARM_GCC_541\Debug\CapSense_CSD_Design01.a(CyLib.o)
 .text.CyXTAL_32KHZ_SetPowerMode
                0x00000000       0xb4 .\ARM_GCC_541\Debug\CapSense_CSD_Design01.a(CyLib.o)
 .text.CyXTAL_Start
                0x00000000       0xd0 .\ARM_GCC_541\Debug\CapSense_CSD_Design01.a(CyLib.o)
 .text.CyXTAL_Stop
                0x00000000       0x20 .\ARM_GCC_541\Debug\CapSense_CSD_Design01.a(CyLib.o)
 .text.CyXTAL_EnableErrStatus
                0x00000000       0x20 .\ARM_GCC_541\Debug\CapSense_CSD_Design01.a(CyLib.o)
 .text.CyXTAL_DisableErrStatus
                0x00000000       0x20 .\ARM_GCC_541\Debug\CapSense_CSD_Design01.a(CyLib.o)
 .text.CyXTAL_ReadStatus
                0x00000000       0x24 .\ARM_GCC_541\Debug\CapSense_CSD_Design01.a(CyLib.o)
 .text.CyXTAL_EnableFaultRecovery
                0x00000000       0x20 .\ARM_GCC_541\Debug\CapSense_CSD_Design01.a(CyLib.o)
 .text.CyXTAL_DisableFaultRecovery
                0x00000000       0x20 .\ARM_GCC_541\Debug\CapSense_CSD_Design01.a(CyLib.o)
 .text.CyXTAL_SetStartup
                0x00000000       0x34 .\ARM_GCC_541\Debug\CapSense_CSD_Design01.a(CyLib.o)
 .text.CyXTAL_SetFbVoltage
                0x00000000       0x34 .\ARM_GCC_541\Debug\CapSense_CSD_Design01.a(CyLib.o)
 .text.CyXTAL_SetWdVoltage
                0x00000000       0x38 .\ARM_GCC_541\Debug\CapSense_CSD_Design01.a(CyLib.o)
 .text.CySoftwareReset
                0x00000000       0x20 .\ARM_GCC_541\Debug\CapSense_CSD_Design01.a(CyLib.o)
 .text.CyDelay  0x00000000       0x44 .\ARM_GCC_541\Debug\CapSense_CSD_Design01.a(CyLib.o)
 .text.CyDelayUs
                0x00000000       0x28 .\ARM_GCC_541\Debug\CapSense_CSD_Design01.a(CyLib.o)
 .text.CyDelayFreq
                0x00000000       0x7c .\ARM_GCC_541\Debug\CapSense_CSD_Design01.a(CyLib.o)
 .text.CyWdtStart
                0x00000000       0x8c .\ARM_GCC_541\Debug\CapSense_CSD_Design01.a(CyLib.o)
 .text.CyWdtClear
                0x00000000       0x18 .\ARM_GCC_541\Debug\CapSense_CSD_Design01.a(CyLib.o)
 .text.CyVdLvDigitEnable
                0x00000000       0xcc .\ARM_GCC_541\Debug\CapSense_CSD_Design01.a(CyLib.o)
 .text.CyVdLvAnalogEnable
                0x00000000       0xcc .\ARM_GCC_541\Debug\CapSense_CSD_Design01.a(CyLib.o)
 .text.CyVdLvDigitDisable
                0x00000000       0x48 .\ARM_GCC_541\Debug\CapSense_CSD_Design01.a(CyLib.o)
 .text.CyVdLvAnalogDisable
                0x00000000       0x44 .\ARM_GCC_541\Debug\CapSense_CSD_Design01.a(CyLib.o)
 .text.CyVdHvAnalogEnable
                0x00000000       0x7c .\ARM_GCC_541\Debug\CapSense_CSD_Design01.a(CyLib.o)
 .text.CyVdHvAnalogDisable
                0x00000000       0x30 .\ARM_GCC_541\Debug\CapSense_CSD_Design01.a(CyLib.o)
 .text.CyVdStickyStatus
                0x00000000       0x5c .\ARM_GCC_541\Debug\CapSense_CSD_Design01.a(CyLib.o)
 .text.CyVdRealTimeStatus
                0x00000000       0x30 .\ARM_GCC_541\Debug\CapSense_CSD_Design01.a(CyLib.o)
 .text.CyDisableInts
                0x00000000       0x34 .\ARM_GCC_541\Debug\CapSense_CSD_Design01.a(CyLib.o)
 .text.CyEnableInts
                0x00000000       0x2c .\ARM_GCC_541\Debug\CapSense_CSD_Design01.a(CyLib.o)
 .text.CyFlushCache
                0x00000000       0x5c .\ARM_GCC_541\Debug\CapSense_CSD_Design01.a(CyLib.o)
 .text.CyIntSetSysVector
                0x00000000       0x4c .\ARM_GCC_541\Debug\CapSense_CSD_Design01.a(CyLib.o)
 .text.CyIntGetSysVector
                0x00000000       0x38 .\ARM_GCC_541\Debug\CapSense_CSD_Design01.a(CyLib.o)
 .text.CyIntGetVector
                0x00000000       0x38 .\ARM_GCC_541\Debug\CapSense_CSD_Design01.a(CyLib.o)
 .text.CyIntGetPriority
                0x00000000       0x38 .\ARM_GCC_541\Debug\CapSense_CSD_Design01.a(CyLib.o)
 .text.CyIntGetState
                0x00000000       0x44 .\ARM_GCC_541\Debug\CapSense_CSD_Design01.a(CyLib.o)
 .text.CySysTickStart
                0x00000000       0x24 .\ARM_GCC_541\Debug\CapSense_CSD_Design01.a(CyLib.o)
 .text.CySysTickInit
                0x00000000       0x6c .\ARM_GCC_541\Debug\CapSense_CSD_Design01.a(CyLib.o)
 .text.CySysTickEnable
                0x00000000       0x1c .\ARM_GCC_541\Debug\CapSense_CSD_Design01.a(CyLib.o)
 .text.CySysTickStop
                0x00000000       0x1c .\ARM_GCC_541\Debug\CapSense_CSD_Design01.a(CyLib.o)
 .text.CySysTickEnableInterrupt
                0x00000000       0x1c .\ARM_GCC_541\Debug\CapSense_CSD_Design01.a(CyLib.o)
 .text.CySysTickDisableInterrupt
                0x00000000       0x1c .\ARM_GCC_541\Debug\CapSense_CSD_Design01.a(CyLib.o)
 .text.CySysTickSetReload
                0x00000000       0x20 .\ARM_GCC_541\Debug\CapSense_CSD_Design01.a(CyLib.o)
 .text.CySysTickGetReload
                0x00000000       0x18 .\ARM_GCC_541\Debug\CapSense_CSD_Design01.a(CyLib.o)
 .text.CySysTickGetValue
                0x00000000       0x18 .\ARM_GCC_541\Debug\CapSense_CSD_Design01.a(CyLib.o)
 .text.CySysTickSetClockSource
                0x00000000       0x38 .\ARM_GCC_541\Debug\CapSense_CSD_Design01.a(CyLib.o)
 .text.CySysTickGetClockSource
                0x00000000       0x1c .\ARM_GCC_541\Debug\CapSense_CSD_Design01.a(CyLib.o)
 .text.CySysTickGetCountFlag
                0x00000000       0x1c .\ARM_GCC_541\Debug\CapSense_CSD_Design01.a(CyLib.o)
 .text.CySysTickClear
                0x00000000       0x18 .\ARM_GCC_541\Debug\CapSense_CSD_Design01.a(CyLib.o)
 .text.CySysTickSetCallback
                0x00000000       0x30 .\ARM_GCC_541\Debug\CapSense_CSD_Design01.a(CyLib.o)
 .text.CySysTickGetCallback
                0x00000000       0x20 .\ARM_GCC_541\Debug\CapSense_CSD_Design01.a(CyLib.o)
 .text.CySysTickServiceCallbacks
                0x00000000       0x44 .\ARM_GCC_541\Debug\CapSense_CSD_Design01.a(CyLib.o)
 .text.CyGetUniqueId
                0x00000000       0xc4 .\ARM_GCC_541\Debug\CapSense_CSD_Design01.a(CyLib.o)
 .text          0x00000000        0x0 .\ARM_GCC_541\Debug\CapSense_CSD_Design01.a(cyPm.o)
 .data          0x00000000        0x0 .\ARM_GCC_541\Debug\CapSense_CSD_Design01.a(cyPm.o)
 .bss           0x00000000       0x43 .\ARM_GCC_541\Debug\CapSense_CSD_Design01.a(cyPm.o)
 .rodata        0x00000000        0xf .\ARM_GCC_541\Debug\CapSense_CSD_Design01.a(cyPm.o)
 .text.CyPmSaveClocks
                0x00000000      0x288 .\ARM_GCC_541\Debug\CapSense_CSD_Design01.a(cyPm.o)
 .text.CyPmRestoreClocks
                0x00000000      0x2f0 .\ARM_GCC_541\Debug\CapSense_CSD_Design01.a(cyPm.o)
 .text.CyPmAltAct
                0x00000000       0xbc .\ARM_GCC_541\Debug\CapSense_CSD_Design01.a(cyPm.o)
 .text.CyPmSleep
                0x00000000      0x170 .\ARM_GCC_541\Debug\CapSense_CSD_Design01.a(cyPm.o)
 .text.CyPmHibernate
                0x00000000       0x10 .\ARM_GCC_541\Debug\CapSense_CSD_Design01.a(cyPm.o)
 .text.CyPmHibernateEx
                0x00000000      0x158 .\ARM_GCC_541\Debug\CapSense_CSD_Design01.a(cyPm.o)
 .text.CyPmReadStatus
                0x00000000       0x5c .\ARM_GCC_541\Debug\CapSense_CSD_Design01.a(cyPm.o)
 .text.CyPmHibSaveSet
                0x00000000       0xe8 .\ARM_GCC_541\Debug\CapSense_CSD_Design01.a(cyPm.o)
 .text.CyPmHibRestore
                0x00000000       0x78 .\ARM_GCC_541\Debug\CapSense_CSD_Design01.a(cyPm.o)
 .text.CyPmCtwSetInterval
                0x00000000       0x94 .\ARM_GCC_541\Debug\CapSense_CSD_Design01.a(cyPm.o)
 .text.CyPmOppsSet
                0x00000000       0x44 .\ARM_GCC_541\Debug\CapSense_CSD_Design01.a(cyPm.o)
 .text.CyPmFtwSetInterval
                0x00000000       0x94 .\ARM_GCC_541\Debug\CapSense_CSD_Design01.a(cyPm.o)
 .text.CyPmHibSlpSaveSet
                0x00000000      0x280 .\ARM_GCC_541\Debug\CapSense_CSD_Design01.a(cyPm.o)
 .text.CyPmHibSlpRestore
                0x00000000      0x18c .\ARM_GCC_541\Debug\CapSense_CSD_Design01.a(cyPm.o)
 .text.CyPmHviLviSaveDisable
                0x00000000       0xd8 .\ARM_GCC_541\Debug\CapSense_CSD_Design01.a(cyPm.o)
 .text.CyPmHviLviRestore
                0x00000000       0x58 .\ARM_GCC_541\Debug\CapSense_CSD_Design01.a(cyPm.o)
 .text          0x00000000        0x0 .\ARM_GCC_541\Debug\CapSense_CSD_Design01.a(Clock_1.o)
 .data          0x00000000        0x0 .\ARM_GCC_541\Debug\CapSense_CSD_Design01.a(Clock_1.o)
 .bss           0x00000000        0x0 .\ARM_GCC_541\Debug\CapSense_CSD_Design01.a(Clock_1.o)
 .text.Clock_1_Stop
                0x00000000       0x34 .\ARM_GCC_541\Debug\CapSense_CSD_Design01.a(Clock_1.o)
 .text.Clock_1_StopBlock
                0x00000000       0xb0 .\ARM_GCC_541\Debug\CapSense_CSD_Design01.a(Clock_1.o)
 .text.Clock_1_StandbyPower
                0x00000000       0x40 .\ARM_GCC_541\Debug\CapSense_CSD_Design01.a(Clock_1.o)
 .text.Clock_1_SetDividerRegister
                0x00000000      0x164 .\ARM_GCC_541\Debug\CapSense_CSD_Design01.a(Clock_1.o)
 .text.Clock_1_GetDividerRegister
                0x00000000       0x18 .\ARM_GCC_541\Debug\CapSense_CSD_Design01.a(Clock_1.o)
 .text.Clock_1_SetModeRegister
                0x00000000       0x34 .\ARM_GCC_541\Debug\CapSense_CSD_Design01.a(Clock_1.o)
 .text.Clock_1_ClearModeRegister
                0x00000000       0x34 .\ARM_GCC_541\Debug\CapSense_CSD_Design01.a(Clock_1.o)
 .text.Clock_1_GetModeRegister
                0x00000000       0x1c .\ARM_GCC_541\Debug\CapSense_CSD_Design01.a(Clock_1.o)
 .text.Clock_1_SetSourceRegister
                0x00000000       0xc4 .\ARM_GCC_541\Debug\CapSense_CSD_Design01.a(Clock_1.o)
 .text.Clock_1_GetSourceRegister
                0x00000000       0x1c .\ARM_GCC_541\Debug\CapSense_CSD_Design01.a(Clock_1.o)
 .text          0x00000000        0x0 .\ARM_GCC_541\Debug\CapSense_CSD_Design01.a(PWM_1.o)
 .data          0x00000000        0x0 .\ARM_GCC_541\Debug\CapSense_CSD_Design01.a(PWM_1.o)
 .text.PWM_1_Stop
                0x00000000       0x20 .\ARM_GCC_541\Debug\CapSense_CSD_Design01.a(PWM_1.o)
 .text.PWM_1_ReadCounter
                0x00000000       0x20 .\ARM_GCC_541\Debug\CapSense_CSD_Design01.a(PWM_1.o)
 .text.PWM_1_ReadControlRegister
                0x00000000       0x1c .\ARM_GCC_541\Debug\CapSense_CSD_Design01.a(PWM_1.o)
 .text.PWM_1_WriteControlRegister
                0x00000000       0x20 .\ARM_GCC_541\Debug\CapSense_CSD_Design01.a(PWM_1.o)
 .text.PWM_1_ReadCompare
                0x00000000       0x18 .\ARM_GCC_541\Debug\CapSense_CSD_Design01.a(PWM_1.o)
 .text.PWM_1_ReadPeriod
                0x00000000       0x18 .\ARM_GCC_541\Debug\CapSense_CSD_Design01.a(PWM_1.o)
 .data          0x00000000        0x0 .\ARM_GCC_541\Debug\CapSense_CSD_Design01.a(CyBootAsmGnu.o)
 .bss           0x00000000        0x0 .\ARM_GCC_541\Debug\CapSense_CSD_Design01.a(CyBootAsmGnu.o)
 .text          0x00000000        0x0 .\ARM_GCC_541\Debug\CapSense_CSD_Design01.a(CyFlash.o)
 .data          0x00000000        0x0 .\ARM_GCC_541\Debug\CapSense_CSD_Design01.a(CyFlash.o)
 .bss           0x00000000        0x4 .\ARM_GCC_541\Debug\CapSense_CSD_Design01.a(CyFlash.o)
 .text.CyFlash_Start
                0x00000000       0x8c .\ARM_GCC_541\Debug\CapSense_CSD_Design01.a(CyFlash.o)
 .text.CyFlash_Stop
                0x00000000       0x48 .\ARM_GCC_541\Debug\CapSense_CSD_Design01.a(CyFlash.o)
 .text.CySetTempInt
                0x00000000       0x7c .\ARM_GCC_541\Debug\CapSense_CSD_Design01.a(CyFlash.o)
 .text.CyFlashGetSpcAlgorithm
                0x00000000       0x70 .\ARM_GCC_541\Debug\CapSense_CSD_Design01.a(CyFlash.o)
 .text.CySetTemp
                0x00000000       0x24 .\ARM_GCC_541\Debug\CapSense_CSD_Design01.a(CyFlash.o)
 .text.CySetFlashEEBuffer
                0x00000000       0x54 .\ARM_GCC_541\Debug\CapSense_CSD_Design01.a(CyFlash.o)
 .text.CyWriteRowData
                0x00000000       0x38 .\ARM_GCC_541\Debug\CapSense_CSD_Design01.a(CyFlash.o)
 .text.CyWriteRowFull
                0x00000000      0x154 .\ARM_GCC_541\Debug\CapSense_CSD_Design01.a(CyFlash.o)
 .text.CyFlash_SetWaitCycles
                0x00000000       0xbc .\ARM_GCC_541\Debug\CapSense_CSD_Design01.a(CyFlash.o)
 .text.CyEEPROM_Start
                0x00000000       0x8c .\ARM_GCC_541\Debug\CapSense_CSD_Design01.a(CyFlash.o)
 .text.CyEEPROM_Stop
                0x00000000       0x48 .\ARM_GCC_541\Debug\CapSense_CSD_Design01.a(CyFlash.o)
 .text.CyEEPROM_ReadReserve
                0x00000000       0x30 .\ARM_GCC_541\Debug\CapSense_CSD_Design01.a(CyFlash.o)
 .text.CyEEPROM_ReadRelease
                0x00000000       0x20 .\ARM_GCC_541\Debug\CapSense_CSD_Design01.a(CyFlash.o)
 COMMON         0x00000000        0x2 .\ARM_GCC_541\Debug\CapSense_CSD_Design01.a(CyFlash.o)
 .text          0x00000000        0x0 .\ARM_GCC_541\Debug\CapSense_CSD_Design01.a(CySpc.o)
 .data          0x00000000        0x0 .\ARM_GCC_541\Debug\CapSense_CSD_Design01.a(CySpc.o)
 .bss           0x00000000        0x8 .\ARM_GCC_541\Debug\CapSense_CSD_Design01.a(CySpc.o)
 .text.CySpcStart
                0x00000000       0x48 .\ARM_GCC_541\Debug\CapSense_CSD_Design01.a(CySpc.o)
 .text.CySpcStop
                0x00000000       0x48 .\ARM_GCC_541\Debug\CapSense_CSD_Design01.a(CySpc.o)
 .text.CySpcReadData
                0x00000000       0x54 .\ARM_GCC_541\Debug\CapSense_CSD_Design01.a(CySpc.o)
 .text.CySpcLoadMultiByte
                0x00000000       0xd0 .\ARM_GCC_541\Debug\CapSense_CSD_Design01.a(CySpc.o)
 .text.CySpcLoadRow
                0x00000000       0x88 .\ARM_GCC_541\Debug\CapSense_CSD_Design01.a(CySpc.o)
 .text.CySpcLoadRowFull
                0x00000000       0xcc .\ARM_GCC_541\Debug\CapSense_CSD_Design01.a(CySpc.o)
 .text.CySpcWriteRow
                0x00000000       0x98 .\ARM_GCC_541\Debug\CapSense_CSD_Design01.a(CySpc.o)
 .text.CySpcEraseSector
                0x00000000       0x70 .\ARM_GCC_541\Debug\CapSense_CSD_Design01.a(CySpc.o)
 .text.CySpcGetTemp
                0x00000000       0x64 .\ARM_GCC_541\Debug\CapSense_CSD_Design01.a(CySpc.o)
 .text.CySpcLock
                0x00000000       0x68 .\ARM_GCC_541\Debug\CapSense_CSD_Design01.a(CySpc.o)
 .text.CySpcUnlock
                0x00000000       0x50 .\ARM_GCC_541\Debug\CapSense_CSD_Design01.a(CySpc.o)
 .text.CySpcGetAlgorithm
                0x00000000       0x44 .\ARM_GCC_541\Debug\CapSense_CSD_Design01.a(CySpc.o)
 .text          0x00000000        0x0 c:/program files (x86)/cypress/psoc creator/4.2/psoc creator/import/gnu/arm/5.4.1/bin/../lib/gcc/arm-none-eabi/5.4.1/../../../../arm-none-eabi/lib/armv7-m\libg_nano.a(lib_a-errno.o)
 .data          0x00000000        0x0 c:/program files (x86)/cypress/psoc creator/4.2/psoc creator/import/gnu/arm/5.4.1/bin/../lib/gcc/arm-none-eabi/5.4.1/../../../../arm-none-eabi/lib/armv7-m\libg_nano.a(lib_a-errno.o)
 .bss           0x00000000        0x0 c:/program files (x86)/cypress/psoc creator/4.2/psoc creator/import/gnu/arm/5.4.1/bin/../lib/gcc/arm-none-eabi/5.4.1/../../../../arm-none-eabi/lib/armv7-m\libg_nano.a(lib_a-errno.o)
 .text          0x00000000        0x0 c:/program files (x86)/cypress/psoc creator/4.2/psoc creator/import/gnu/arm/5.4.1/bin/../lib/gcc/arm-none-eabi/5.4.1/../../../../arm-none-eabi/lib/armv7-m\libg_nano.a(lib_a-exit.o)
 .data          0x00000000        0x0 c:/program files (x86)/cypress/psoc creator/4.2/psoc creator/import/gnu/arm/5.4.1/bin/../lib/gcc/arm-none-eabi/5.4.1/../../../../arm-none-eabi/lib/armv7-m\libg_nano.a(lib_a-exit.o)
 .bss           0x00000000        0x0 c:/program files (x86)/cypress/psoc creator/4.2/psoc creator/import/gnu/arm/5.4.1/bin/../lib/gcc/arm-none-eabi/5.4.1/../../../../arm-none-eabi/lib/armv7-m\libg_nano.a(lib_a-exit.o)
 .text.exit     0x00000000       0x28 c:/program files (x86)/cypress/psoc creator/4.2/psoc creator/import/gnu/arm/5.4.1/bin/../lib/gcc/arm-none-eabi/5.4.1/../../../../arm-none-eabi/lib/armv7-m\libg_nano.a(lib_a-exit.o)
 .text          0x00000000        0x0 c:/program files (x86)/cypress/psoc creator/4.2/psoc creator/import/gnu/arm/5.4.1/bin/../lib/gcc/arm-none-eabi/5.4.1/../../../../arm-none-eabi/lib/armv7-m\libg_nano.a(lib_a-impure.o)
 .data          0x00000000        0x0 c:/program files (x86)/cypress/psoc creator/4.2/psoc creator/import/gnu/arm/5.4.1/bin/../lib/gcc/arm-none-eabi/5.4.1/../../../../arm-none-eabi/lib/armv7-m\libg_nano.a(lib_a-impure.o)
 .bss           0x00000000        0x0 c:/program files (x86)/cypress/psoc creator/4.2/psoc creator/import/gnu/arm/5.4.1/bin/../lib/gcc/arm-none-eabi/5.4.1/../../../../arm-none-eabi/lib/armv7-m\libg_nano.a(lib_a-impure.o)
 .rodata._global_impure_ptr
                0x00000000        0x4 c:/program files (x86)/cypress/psoc creator/4.2/psoc creator/import/gnu/arm/5.4.1/bin/../lib/gcc/arm-none-eabi/5.4.1/../../../../arm-none-eabi/lib/armv7-m\libg_nano.a(lib_a-impure.o)
 .text          0x00000000        0x0 c:/program files (x86)/cypress/psoc creator/4.2/psoc creator/import/gnu/arm/5.4.1/bin/../lib/gcc/arm-none-eabi/5.4.1/../../../../arm-none-eabi/lib/armv7-m\libg_nano.a(lib_a-init.o)
 .data          0x00000000        0x0 c:/program files (x86)/cypress/psoc creator/4.2/psoc creator/import/gnu/arm/5.4.1/bin/../lib/gcc/arm-none-eabi/5.4.1/../../../../arm-none-eabi/lib/armv7-m\libg_nano.a(lib_a-init.o)
 .bss           0x00000000        0x0 c:/program files (x86)/cypress/psoc creator/4.2/psoc creator/import/gnu/arm/5.4.1/bin/../lib/gcc/arm-none-eabi/5.4.1/../../../../arm-none-eabi/lib/armv7-m\libg_nano.a(lib_a-init.o)
 .text          0x00000000        0x0 c:/program files (x86)/cypress/psoc creator/4.2/psoc creator/import/gnu/arm/5.4.1/bin/../lib/gcc/arm-none-eabi/5.4.1/../../../../arm-none-eabi/lib/armv7-m\libg_nano.a(lib_a-memcpy-stub.o)
 .data          0x00000000        0x0 c:/program files (x86)/cypress/psoc creator/4.2/psoc creator/import/gnu/arm/5.4.1/bin/../lib/gcc/arm-none-eabi/5.4.1/../../../../arm-none-eabi/lib/armv7-m\libg_nano.a(lib_a-memcpy-stub.o)
 .bss           0x00000000        0x0 c:/program files (x86)/cypress/psoc creator/4.2/psoc creator/import/gnu/arm/5.4.1/bin/../lib/gcc/arm-none-eabi/5.4.1/../../../../arm-none-eabi/lib/armv7-m\libg_nano.a(lib_a-memcpy-stub.o)
 .text          0x00000000        0x0 c:/program files (x86)/cypress/psoc creator/4.2/psoc creator/import/gnu/arm/5.4.1/bin/../lib/gcc/arm-none-eabi/5.4.1/../../../../arm-none-eabi/lib/armv7-m\libg_nano.a(lib_a-memset.o)
 .data          0x00000000        0x0 c:/program files (x86)/cypress/psoc creator/4.2/psoc creator/import/gnu/arm/5.4.1/bin/../lib/gcc/arm-none-eabi/5.4.1/../../../../arm-none-eabi/lib/armv7-m\libg_nano.a(lib_a-memset.o)
 .bss           0x00000000        0x0 c:/program files (x86)/cypress/psoc creator/4.2/psoc creator/import/gnu/arm/5.4.1/bin/../lib/gcc/arm-none-eabi/5.4.1/../../../../arm-none-eabi/lib/armv7-m\libg_nano.a(lib_a-memset.o)
 .text          0x00000000        0x0 c:/program files (x86)/cypress/psoc creator/4.2/psoc creator/import/gnu/arm/5.4.1/bin/../lib/gcc/arm-none-eabi/5.4.1/armv7-m/crtend.o
 .data          0x00000000        0x0 c:/program files (x86)/cypress/psoc creator/4.2/psoc creator/import/gnu/arm/5.4.1/bin/../lib/gcc/arm-none-eabi/5.4.1/armv7-m/crtend.o
 .bss           0x00000000        0x0 c:/program files (x86)/cypress/psoc creator/4.2/psoc creator/import/gnu/arm/5.4.1/bin/../lib/gcc/arm-none-eabi/5.4.1/armv7-m/crtend.o
 .text          0x00000000        0x0 c:/program files (x86)/cypress/psoc creator/4.2/psoc creator/import/gnu/arm/5.4.1/bin/../lib/gcc/arm-none-eabi/5.4.1/armv7-m/crtn.o
 .data          0x00000000        0x0 c:/program files (x86)/cypress/psoc creator/4.2/psoc creator/import/gnu/arm/5.4.1/bin/../lib/gcc/arm-none-eabi/5.4.1/armv7-m/crtn.o
 .bss           0x00000000        0x0 c:/program files (x86)/cypress/psoc creator/4.2/psoc creator/import/gnu/arm/5.4.1/bin/../lib/gcc/arm-none-eabi/5.4.1/armv7-m/crtn.o

Memory Configuration

Name             Origin             Length             Attributes
rom              0x00000000         0x00040000         xr
ram              0x1fff8000         0x00010000         xrw
*default*        0x00000000         0xffffffff

Linker script and memory map

LOAD c:/program files (x86)/cypress/psoc creator/4.2/psoc creator/import/gnu/arm/5.4.1/bin/../lib/gcc/arm-none-eabi/5.4.1/armv7-m/crti.o
LOAD c:/program files (x86)/cypress/psoc creator/4.2/psoc creator/import/gnu/arm/5.4.1/bin/../lib/gcc/arm-none-eabi/5.4.1/armv7-m/crtbegin.o
LOAD c:/program files (x86)/cypress/psoc creator/4.2/psoc creator/import/gnu/arm/5.4.1/bin/../lib/gcc/arm-none-eabi/5.4.1/../../../../arm-none-eabi/lib/armv7-m/crt0.o
START GROUP
LOAD .\ARM_GCC_541\Debug\main.o
LOAD .\ARM_GCC_541\Debug\cyfitter_cfg.o
LOAD .\ARM_GCC_541\Debug\cymetadata.o
LOAD .\ARM_GCC_541\Debug\Cm3Start.o
LOAD .\ARM_GCC_541\Debug\CapSense_CSD_Design01.a
LOAD C:\Program Files (x86)\Cypress\PSoC Creator\4.2\PSoC Creator\psoc\content\CyComponentLibrary\CyComponentLibrary.cylib\CapSense_CSD_v3_50\Library\CapSenseLibrary_GCC.a
LOAD C:\Program Files (x86)\Cypress\PSoC Creator\4.2\PSoC Creator\psoc\content\cycomponentlibrary\CyComponentLibrary.cylib\CortexM3\ARM_GCC_541\Debug\CyComponentLibrary.a
END GROUP
START GROUP
LOAD c:/program files (x86)/cypress/psoc creator/4.2/psoc creator/import/gnu/arm/5.4.1/bin/../lib/gcc/arm-none-eabi/5.4.1/armv7-m\libgcc.a
LOAD c:/program files (x86)/cypress/psoc creator/4.2/psoc creator/import/gnu/arm/5.4.1/bin/../lib/gcc/arm-none-eabi/5.4.1/../../../../arm-none-eabi/lib/armv7-m\libg_nano.a
LOAD c:/program files (x86)/cypress/psoc creator/4.2/psoc creator/import/gnu/arm/5.4.1/bin/../lib/gcc/arm-none-eabi/5.4.1/../../../../arm-none-eabi/lib/armv7-m\libc_nano.a
END GROUP
START GROUP
LOAD c:/program files (x86)/cypress/psoc creator/4.2/psoc creator/import/gnu/arm/5.4.1/bin/../lib/gcc/arm-none-eabi/5.4.1/armv7-m\libgcc.a
LOAD c:/program files (x86)/cypress/psoc creator/4.2/psoc creator/import/gnu/arm/5.4.1/bin/../lib/gcc/arm-none-eabi/5.4.1/../../../../arm-none-eabi/lib/armv7-m\libc_nano.a
END GROUP
LOAD c:/program files (x86)/cypress/psoc creator/4.2/psoc creator/import/gnu/arm/5.4.1/bin/../lib/gcc/arm-none-eabi/5.4.1/armv7-m/crtend.o
LOAD c:/program files (x86)/cypress/psoc creator/4.2/psoc creator/import/gnu/arm/5.4.1/bin/../lib/gcc/arm-none-eabi/5.4.1/armv7-m/crtn.o
START GROUP
LOAD c:/program files (x86)/cypress/psoc creator/4.2/psoc creator/import/gnu/arm/5.4.1/bin/../lib/gcc/arm-none-eabi/5.4.1/armv7-m\libgcc.a
LOAD c:/program files (x86)/cypress/psoc creator/4.2/psoc creator/import/gnu/arm/5.4.1/bin/../lib/gcc/arm-none-eabi/5.4.1/../../../../arm-none-eabi/lib/armv7-m\libc.a
LOAD c:/program files (x86)/cypress/psoc creator/4.2/psoc creator/import/gnu/arm/5.4.1/bin/../lib/gcc/arm-none-eabi/5.4.1/../../../../arm-none-eabi/lib/armv7-m\libnosys.a
END GROUP
                0x00000000                CY_APPL_ORIGIN = 0x0
                0x00000100                CY_FLASH_ROW_SIZE = 0x100
                0x00000020                CY_ECC_ROW_SIZE = 0x20
                0x00000000                CY_EE_IN_BTLDR = 0x0
                0x00000000                CY_APPL_LOADABLE = 0x0
                0x00000800                CY_EE_SIZE = 0x800
                0x00000001                CY_APPL_NUM = 0x1
                0x00000001                CY_APPL_MAX = 0x1
                0x00000040                CY_METADATA_SIZE = 0x40
                0x00000000                CY_APPL_LOADABLE = 0x0
                0x00000000                CY_CHECKSUM_EXCLUDE_SIZE = ALIGN (0x0, CY_FLASH_ROW_SIZE)
                [!provide]                PROVIDE (__cy_heap_start, _end)
                0x00000001                PROVIDE (__cy_region_num, ((__cy_regions_end - __cy_regions) / 0x10))
                0x20008000                PROVIDE (__cy_stack, (ORIGIN (ram) + LENGTH (ram)))
                [!provide]                PROVIDE (__cy_heap_end, (__cy_stack - 0x800))

.cybootloader   0x00000000        0x0
 *(.cybootloader)
                0x00000000                appl1_start = CY_APPL_ORIGIN?CY_APPL_ORIGIN:ALIGN (CY_FLASH_ROW_SIZE)
                0x0001ff00                appl2_start = (appl1_start + ALIGN ((((LENGTH (rom) - appl1_start) - (0x2 * CY_FLASH_ROW_SIZE)) / 0x2), CY_FLASH_ROW_SIZE))
                0x00000000                appl_start = (CY_APPL_NUM == 0x1)?appl1_start:appl2_start
                0x00000000                ecc_offset = ((appl_start / CY_FLASH_ROW_SIZE) * CY_ECC_ROW_SIZE)
                0x00000000                ee_offset = (CY_APPL_LOADABLE && ! (CY_EE_IN_BTLDR))?((CY_EE_SIZE / CY_APPL_MAX) * (CY_APPL_NUM - 0x1)):0x0
                0x00000800                ee_size = (CY_APPL_LOADABLE && ! (CY_EE_IN_BTLDR))?(CY_EE_SIZE / CY_APPL_MAX):CY_EE_SIZE
                [!provide]                PROVIDE (CY_ECC_OFFSET, ecc_offset)

.text           0x00000000     0x16e6
 CREATE_OBJECT_SYMBOLS
                0x00000000                PROVIDE (__cy_interrupt_vector, RomVectors)
 *(.romvectors)
 .romvectors    0x00000000       0x10 .\ARM_GCC_541\Debug\Cm3Start.o
                0x00000000                RomVectors
                0x00000001                ASSERT ((. != __cy_interrupt_vector), No interrupt vector)
                0x00000001                ASSERT (CY_APPL_ORIGIN?(SIZEOF (.cybootloader) <= CY_APPL_ORIGIN):0x1, Wrong image location)
                0x00000010                PROVIDE (__cy_reset, Reset)
 *(.text.Reset)
 .text.Reset    0x00000010       0x18 .\ARM_GCC_541\Debug\Cm3Start.o
                0x00000010                Reset
                0x00000001                ASSERT ((. != __cy_reset), No reset code)
 *(.dma_init)
                0x00000001                ASSERT ((((appl_start + .) <= 0x10000) || 0x1), DMA Init must be within the first 64k of flash)
 *(.text .text.* .gnu.linkonce.t.*)
 .text          0x00000028       0x5c c:/program files (x86)/cypress/psoc creator/4.2/psoc creator/import/gnu/arm/5.4.1/bin/../lib/gcc/arm-none-eabi/5.4.1/armv7-m/crtbegin.o
 .text.main     0x00000084       0x30 .\ARM_GCC_541\Debug\main.o
                0x00000084                main
 .text.CapSense_LED_Update
                0x000000b4       0x34 .\ARM_GCC_541\Debug\main.o
                0x000000b4                CapSense_LED_Update
 .text.CYMEMZERO
                0x000000e8       0x1c .\ARM_GCC_541\Debug\cyfitter_cfg.o
 .text.CYCONFIGCPY
                0x00000104       0x20 .\ARM_GCC_541\Debug\cyfitter_cfg.o
 .text.CyClockStartupError
                0x00000124        0xc .\ARM_GCC_541\Debug\cyfitter_cfg.o
 .text.cfg_write_bytes32
                0x00000130       0x74 .\ARM_GCC_541\Debug\cyfitter_cfg.o
 .text.ClockSetup
                0x000001a4      0x114 .\ARM_GCC_541\Debug\cyfitter_cfg.o
 .text.AnalogSetDefault
                0x000002b8       0x60 .\ARM_GCC_541\Debug\cyfitter_cfg.o
 .text.CapSense_CSD_AMuxCH0_Set
                0x00000318       0x40 .\ARM_GCC_541\Debug\cyfitter_cfg.o
                0x00000318                CapSense_CSD_AMuxCH0_Set
 .text.CapSense_CSD_AMuxCH0_Unset
                0x00000358       0x44 .\ARM_GCC_541\Debug\cyfitter_cfg.o
                0x00000358                CapSense_CSD_AMuxCH0_Unset
 .text.cyfitter_cfg
                0x0000039c      0x15c .\ARM_GCC_541\Debug\cyfitter_cfg.o
                0x0000039c                cyfitter_cfg
 .text.IntDefaultHandler
                0x000004f8       0x14 .\ARM_GCC_541\Debug\Cm3Start.o
                0x000004f8                IntDefaultHandler
 .text.Start_c  0x0000050c       0x98 .\ARM_GCC_541\Debug\Cm3Start.o
                0x0000050c                Start_c
 .text.initialize_psoc
                0x000005a4       0x90 .\ARM_GCC_541\Debug\Cm3Start.o
                0x000005a4                initialize_psoc
 .text.CapSense_CSD_Init
                0x00000634      0x148 .\ARM_GCC_541\Debug\CapSense_CSD_Design01.a(CapSense_CSD.o)
                0x00000634                CapSense_CSD_Init
 .text.CapSense_CSD_Enable
                0x0000077c       0x98 .\ARM_GCC_541\Debug\CapSense_CSD_Design01.a(CapSense_CSD.o)
                0x0000077c                CapSense_CSD_Enable
 .text.CapSense_CSD_Start
                0x00000814       0x24 .\ARM_GCC_541\Debug\CapSense_CSD_Design01.a(CapSense_CSD.o)
                0x00000814                CapSense_CSD_Start
 .text.CapSense_CSD_FindNextSensor
                0x00000838       0x50 .\ARM_GCC_541\Debug\CapSense_CSD_Design01.a(CapSense_CSD.o)
                0x00000838                CapSense_CSD_FindNextSensor
 .text.CapSense_CSD_SetScanSlotSettings
                0x00000888       0x48 .\ARM_GCC_541\Debug\CapSense_CSD_Design01.a(CapSense_CSD.o)
                0x00000888                CapSense_CSD_SetScanSlotSettings
 .text.CapSense_CSD_ScanSensor
                0x000008d0       0x34 .\ARM_GCC_541\Debug\CapSense_CSD_Design01.a(CapSense_CSD.o)
                0x000008d0                CapSense_CSD_ScanSensor
 .text.CapSense_CSD_ScanEnabledWidgets
                0x00000904       0x58 .\ARM_GCC_541\Debug\CapSense_CSD_Design01.a(CapSense_CSD.o)
                0x00000904                CapSense_CSD_ScanEnabledWidgets
 .text.CapSense_CSD_IsBusy
                0x0000095c       0x1c .\ARM_GCC_541\Debug\CapSense_CSD_Design01.a(CapSense_CSD.o)
                0x0000095c                CapSense_CSD_IsBusy
 .text.CapSense_CSD_ClearSensors
                0x00000978       0x28 .\ARM_GCC_541\Debug\CapSense_CSD_Design01.a(CapSense_CSD.o)
                0x00000978                CapSense_CSD_ClearSensors
 .text.CapSense_CSD_EnableSensor
                0x000009a0       0x6c .\ARM_GCC_541\Debug\CapSense_CSD_Design01.a(CapSense_CSD.o)
                0x000009a0                CapSense_CSD_EnableSensor
 .text.CapSense_CSD_DisableSensor
                0x00000a0c       0x70 .\ARM_GCC_541\Debug\CapSense_CSD_Design01.a(CapSense_CSD.o)
                0x00000a0c                CapSense_CSD_DisableSensor
 .text.CapSense_CSD_PreScan
                0x00000a7c       0x5c .\ARM_GCC_541\Debug\CapSense_CSD_Design01.a(CapSense_CSD.o)
                0x00000a7c                CapSense_CSD_PreScan
 .text.CapSense_CSD_PostScan
                0x00000ad8       0x98 .\ARM_GCC_541\Debug\CapSense_CSD_Design01.a(CapSense_CSD.o)
                0x00000ad8                CapSense_CSD_PostScan
 .text.CapSense_CSD_SetPrescaler
                0x00000b70       0x2c .\ARM_GCC_541\Debug\CapSense_CSD_Design01.a(CapSense_CSD.o)
                0x00000b70                CapSense_CSD_SetPrescaler
 .text.CapSense_CSD_SetAnalogSwitchesSource
                0x00000b9c       0x40 .\ARM_GCC_541\Debug\CapSense_CSD_Design01.a(CapSense_CSD.o)
                0x00000b9c                CapSense_CSD_SetAnalogSwitchesSource
 .text.CapSense_CSD_BaseInit
                0x00000bdc       0x48 .\ARM_GCC_541\Debug\CapSense_CSD_Design01.a(CapSense_CSD_CSHL.o)
                0x00000bdc                CapSense_CSD_BaseInit
 .text.CapSense_CSD_InitializeSensorBaseline
                0x00000c24       0x30 .\ARM_GCC_541\Debug\CapSense_CSD_Design01.a(CapSense_CSD_CSHL.o)
                0x00000c24                CapSense_CSD_InitializeSensorBaseline
 .text.CapSense_CSD_InitializeAllBaselines
                0x00000c54       0x28 .\ARM_GCC_541\Debug\CapSense_CSD_Design01.a(CapSense_CSD_CSHL.o)
                0x00000c54                CapSense_CSD_InitializeAllBaselines
 .text.CapSense_CSD_UpdateSensorBaseline
                0x00000c7c      0x138 .\ARM_GCC_541\Debug\CapSense_CSD_Design01.a(CapSense_CSD_CSHL.o)
                0x00000c7c                CapSense_CSD_UpdateSensorBaseline
 .text.CapSense_CSD_UpdateEnabledBaselines
                0x00000db4       0x50 .\ARM_GCC_541\Debug\CapSense_CSD_Design01.a(CapSense_CSD_CSHL.o)
                0x00000db4                CapSense_CSD_UpdateEnabledBaselines
 .text.CapSense_CSD_FindMaximum
                0x00000e04       0x78 .\ARM_GCC_541\Debug\CapSense_CSD_Design01.a(CapSense_CSD_CSHL.o)
                0x00000e04                CapSense_CSD_FindMaximum
 .text.CapSense_CSD_CalcCentroid
                0x00000e7c      0x158 .\ARM_GCC_541\Debug\CapSense_CSD_Design01.a(CapSense_CSD_CSHL.o)
                0x00000e7c                CapSense_CSD_CalcCentroid
 .text.CapSense_CSD_GetCentroidPos
                0x00000fd4       0x54 .\ARM_GCC_541\Debug\CapSense_CSD_Design01.a(CapSense_CSD_CSHL.o)
                0x00000fd4                CapSense_CSD_GetCentroidPos
 .text.CapSense_CSD_IsrCH0_ISR
                0x00001028       0x78 .\ARM_GCC_541\Debug\CapSense_CSD_Design01.a(CapSense_CSD_INT.o)
                0x00001028                CapSense_CSD_IsrCH0_ISR
 .text.CapSense_CSD_CompCH0_Init
                0x000010a0       0x68 .\ARM_GCC_541\Debug\CapSense_CSD_Design01.a(CapSense_CSD_CompCH0.o)
                0x000010a0                CapSense_CSD_CompCH0_Init
 .text.CapSense_CSD_CompCH0_Enable
                0x00001108       0x34 .\ARM_GCC_541\Debug\CapSense_CSD_Design01.a(CapSense_CSD_CompCH0.o)
                0x00001108                CapSense_CSD_CompCH0_Enable
 .text.CapSense_CSD_CompCH0_SetSpeed
                0x0000113c       0x84 .\ARM_GCC_541\Debug\CapSense_CSD_Design01.a(CapSense_CSD_CompCH0.o)
                0x0000113c                CapSense_CSD_CompCH0_SetSpeed
 .text.CapSense_CSD_IdacCH0_Init
                0x000011c0       0x48 .\ARM_GCC_541\Debug\CapSense_CSD_Design01.a(CapSense_CSD_IdacCH0.o)
                0x000011c0                CapSense_CSD_IdacCH0_Init
 .text.CapSense_CSD_IdacCH0_Enable
                0x00001208       0x34 .\ARM_GCC_541\Debug\CapSense_CSD_Design01.a(CapSense_CSD_IdacCH0.o)
                0x00001208                CapSense_CSD_IdacCH0_Enable
 .text.CapSense_CSD_IdacCH0_SetSpeed
                0x0000123c       0x40 .\ARM_GCC_541\Debug\CapSense_CSD_Design01.a(CapSense_CSD_IdacCH0.o)
                0x0000123c                CapSense_CSD_IdacCH0_SetSpeed
 .text.CapSense_CSD_IdacCH0_SetPolarity
                0x0000127c       0x40 .\ARM_GCC_541\Debug\CapSense_CSD_Design01.a(CapSense_CSD_IdacCH0.o)
                0x0000127c                CapSense_CSD_IdacCH0_SetPolarity
 .text.CapSense_CSD_IdacCH0_SetRange
                0x000012bc       0x40 .\ARM_GCC_541\Debug\CapSense_CSD_Design01.a(CapSense_CSD_IdacCH0.o)
                0x000012bc                CapSense_CSD_IdacCH0_SetRange
 .text.CapSense_CSD_IdacCH0_SetValue
                0x000012fc       0x20 .\ARM_GCC_541\Debug\CapSense_CSD_Design01.a(CapSense_CSD_IdacCH0.o)
                0x000012fc                CapSense_CSD_IdacCH0_SetValue
 .text.CapSense_CSD_IdacCH0_DacTrim
                0x0000131c       0x54 .\ARM_GCC_541\Debug\CapSense_CSD_Design01.a(CapSense_CSD_IdacCH0.o)
                0x0000131c                CapSense_CSD_IdacCH0_DacTrim
 .text.CapSense_CSD_AMuxCH0_Init
                0x00001370        0xc .\ARM_GCC_541\Debug\CapSense_CSD_Design01.a(CapSense_CSD_AMuxCH0.o)
                0x00001370                CapSense_CSD_AMuxCH0_Init
 .text.CapSense_CSD_AMuxCH0_DisconnectAll
                0x0000137c       0x28 .\ARM_GCC_541\Debug\CapSense_CSD_Design01.a(CapSense_CSD_AMuxCH0.o)
                0x0000137c                CapSense_CSD_AMuxCH0_DisconnectAll
 .text.CapSense_CSD_IntClock_Start
                0x000013a4       0x34 .\ARM_GCC_541\Debug\CapSense_CSD_Design01.a(CapSense_CSD_IntClock.o)
                0x000013a4                CapSense_CSD_IntClock_Start
 .text.CyHalt   0x000013d8       0x18 .\ARM_GCC_541\Debug\CapSense_CSD_Design01.a(CyLib.o)
                0x000013d8                CyHalt
 .text.CyIntSetVector
                0x000013f0       0x50 .\ARM_GCC_541\Debug\CapSense_CSD_Design01.a(CyLib.o)
                0x000013f0                CyIntSetVector
 .text.CyIntSetPriority
                0x00001440       0x48 .\ARM_GCC_541\Debug\CapSense_CSD_Design01.a(CyLib.o)
                0x00001440                CyIntSetPriority
 .text.Clock_1_Start
                0x00001488       0x34 .\ARM_GCC_541\Debug\CapSense_CSD_Design01.a(Clock_1.o)
                0x00001488                Clock_1_Start
 .text.PWM_1_Start
                0x000014bc       0x24 .\ARM_GCC_541\Debug\CapSense_CSD_Design01.a(PWM_1.o)
                0x000014bc                PWM_1_Start
 .text.PWM_1_Init
                0x000014e0       0x7c .\ARM_GCC_541\Debug\CapSense_CSD_Design01.a(PWM_1.o)
                0x000014e0                PWM_1_Init
 .text.PWM_1_Enable
                0x0000155c       0x20 .\ARM_GCC_541\Debug\CapSense_CSD_Design01.a(PWM_1.o)
                0x0000155c                PWM_1_Enable
 .text.PWM_1_WriteCounter
                0x0000157c       0x20 .\ARM_GCC_541\Debug\CapSense_CSD_Design01.a(PWM_1.o)
                0x0000157c                PWM_1_WriteCounter
 .text.PWM_1_ClearFIFO
                0x0000159c       0x1c .\ARM_GCC_541\Debug\CapSense_CSD_Design01.a(PWM_1.o)
                0x0000159c                PWM_1_ClearFIFO
 .text.PWM_1_WritePeriod
                0x000015b8       0x20 .\ARM_GCC_541\Debug\CapSense_CSD_Design01.a(PWM_1.o)
                0x000015b8                PWM_1_WritePeriod
 .text.PWM_1_WriteCompare
                0x000015d8       0x20 .\ARM_GCC_541\Debug\CapSense_CSD_Design01.a(PWM_1.o)
                0x000015d8                PWM_1_WriteCompare
 .text.PWM_1_SetInterruptMode
                0x000015f8       0x20 .\ARM_GCC_541\Debug\CapSense_CSD_Design01.a(PWM_1.o)
                0x000015f8                PWM_1_SetInterruptMode
 .text.PWM_1_ReadStatusRegister
                0x00001618       0x18 .\ARM_GCC_541\Debug\CapSense_CSD_Design01.a(PWM_1.o)
                0x00001618                PWM_1_ReadStatusRegister
 .text.PWM_1_ReadCapture
                0x00001630       0x18 .\ARM_GCC_541\Debug\CapSense_CSD_Design01.a(PWM_1.o)
                0x00001630                PWM_1_ReadCapture
 .text          0x00001648       0x20 .\ARM_GCC_541\Debug\CapSense_CSD_Design01.a(CyBootAsmGnu.o)
                0x00001648                CyDelayCycles
                0x00001658                CyEnterCriticalSection
                0x00001660                CyExitCriticalSection
 .text.__errno  0x00001668        0xc c:/program files (x86)/cypress/psoc creator/4.2/psoc creator/import/gnu/arm/5.4.1/bin/../lib/gcc/arm-none-eabi/5.4.1/../../../../arm-none-eabi/lib/armv7-m\libg_nano.a(lib_a-errno.o)
                0x00001668                __errno
 .text.__libc_init_array
                0x00001674       0x4c c:/program files (x86)/cypress/psoc creator/4.2/psoc creator/import/gnu/arm/5.4.1/bin/../lib/gcc/arm-none-eabi/5.4.1/../../../../arm-none-eabi/lib/armv7-m\libg_nano.a(lib_a-init.o)
                0x00001674                __libc_init_array
 .text.memcpy   0x000016c0       0x16 c:/program files (x86)/cypress/psoc creator/4.2/psoc creator/import/gnu/arm/5.4.1/bin/../lib/gcc/arm-none-eabi/5.4.1/../../../../arm-none-eabi/lib/armv7-m\libg_nano.a(lib_a-memcpy-stub.o)
                0x000016c0                memcpy
 .text.memset   0x000016d6       0x10 c:/program files (x86)/cypress/psoc creator/4.2/psoc creator/import/gnu/arm/5.4.1/bin/../lib/gcc/arm-none-eabi/5.4.1/../../../../arm-none-eabi/lib/armv7-m\libg_nano.a(lib_a-memset.o)
                0x000016d6                memset
 *(.plt)
 *(.gnu.warning)
 *(.glue_7t)
 .glue_7t       0x000016e6        0x0 linker stubs
 *(.glue_7)
 .glue_7        0x000016e6        0x0 linker stubs
 *(.vfp11_veneer)
 .vfp11_veneer  0x000016e6        0x0 linker stubs
 *(.bootloader)
 *(.ARM.extab* .gnu.linkonce.armextab.*)
 *(.gcc_except_table)

.v4_bx          0x000016e8        0x0
 .v4_bx         0x000016e8        0x0 linker stubs

.iplt           0x000016e8        0x0
 .iplt          0x000016e8        0x0 c:/program files (x86)/cypress/psoc creator/4.2/psoc creator/import/gnu/arm/5.4.1/bin/../lib/gcc/arm-none-eabi/5.4.1/armv7-m/crtbegin.o

.eh_frame_hdr
 *(.eh_frame_hdr)

.eh_frame       0x000016e8        0x4
 *(.eh_frame)
 .eh_frame      0x000016e8        0x0 c:/program files (x86)/cypress/psoc creator/4.2/psoc creator/import/gnu/arm/5.4.1/bin/../lib/gcc/arm-none-eabi/5.4.1/armv7-m/crtbegin.o
 .eh_frame      0x000016e8        0x4 c:/program files (x86)/cypress/psoc creator/4.2/psoc creator/import/gnu/arm/5.4.1/bin/../lib/gcc/arm-none-eabi/5.4.1/armv7-m/crtend.o
                [!provide]                PROVIDE (__exidx_start, .)

.ARM.exidx
 *(.ARM.exidx* .gnu.linkonce.armexidx.*)
                0x000016ec                __exidx_end = .

.rodata         0x000016ec       0xec
 *(.rodata .rodata.* .gnu.linkonce.r.*)
 .rodata        0x000016ec       0x5e .\ARM_GCC_541\Debug\cyfitter_cfg.o
                0x000016ec                CapSense_CSD_AMuxCH0__addrTable
                0x0000170c                CapSense_CSD_AMuxCH0__maskTable
 *fill*         0x0000174a        0x2 
 .rodata        0x0000174c       0x55 .\ARM_GCC_541\Debug\CapSense_CSD_Design01.a(CapSense_CSD.o)
                0x0000174c                CapSense_CSD_pcTable
                0x00001760                CapSense_CSD_portTable
                0x00001768                CapSense_CSD_maskTable
                0x00001770                CapSense_CSD_csTable
                0x00001790                CapSense_CSD_idacSettings
                0x00001798                CapSense_CSD_widgetResolution
                0x0000179c                CapSense_CSD_widgetNumber
 .rodata.str1.1
                0x000017a1        0x2 c:/program files (x86)/cypress/psoc creator/4.2/psoc creator/import/gnu/arm/5.4.1/bin/../lib/gcc/arm-none-eabi/5.4.1/../../../../arm-none-eabi/lib/armv7-m\libg_nano.a(lib_a-impure.o)
                0x000017a4                . = ALIGN (0x4)
 *fill*         0x000017a3        0x1 
 *(.init)
 .init          0x000017a4        0x4 c:/program files (x86)/cypress/psoc creator/4.2/psoc creator/import/gnu/arm/5.4.1/bin/../lib/gcc/arm-none-eabi/5.4.1/armv7-m/crti.o
                0x000017a4                _init
 .init          0x000017a8        0x8 c:/program files (x86)/cypress/psoc creator/4.2/psoc creator/import/gnu/arm/5.4.1/bin/../lib/gcc/arm-none-eabi/5.4.1/armv7-m/crtn.o
                0x000017b0                . = ALIGN (0x4)
                0x000017b0                __preinit_array_start = .
 *(.preinit_array)
                0x000017b0                __preinit_array_end = .
                0x000017b0                . = ALIGN (0x4)
                0x000017b0                __init_array_start = .
 *(SORT(.init_array.*))
 *(.init_array)
 .init_array    0x000017b0        0x4 c:/program files (x86)/cypress/psoc creator/4.2/psoc creator/import/gnu/arm/5.4.1/bin/../lib/gcc/arm-none-eabi/5.4.1/armv7-m/crtbegin.o
 .init_array    0x000017b4        0x4 .\ARM_GCC_541\Debug\Cm3Start.o
                0x000017b8                __init_array_end = .
                0x000017b8                . = ALIGN (0x4)
 *(.fini)
 .fini          0x000017b8        0x4 c:/program files (x86)/cypress/psoc creator/4.2/psoc creator/import/gnu/arm/5.4.1/bin/../lib/gcc/arm-none-eabi/5.4.1/armv7-m/crti.o
                0x000017b8                _fini
 .fini          0x000017bc        0x8 c:/program files (x86)/cypress/psoc creator/4.2/psoc creator/import/gnu/arm/5.4.1/bin/../lib/gcc/arm-none-eabi/5.4.1/armv7-m/crtn.o
                0x000017c4                . = ALIGN (0x4)
                0x000017c4                __fini_array_start = .
 *(.fini_array)
 .fini_array    0x000017c4        0x4 c:/program files (x86)/cypress/psoc creator/4.2/psoc creator/import/gnu/arm/5.4.1/bin/../lib/gcc/arm-none-eabi/5.4.1/armv7-m/crtbegin.o
 *(SORT(.fini_array.*))
                0x000017c8                __fini_array_end = .
                0x000017c8                . = ALIGN (0x4)
 *crtbegin.o(.ctors)
 *(EXCLUDE_FILE(*crtend.o) .ctors)
 *(SORT(.ctors.*))
 *crtend.o(.ctors)
                0x000017c8                . = ALIGN (0x4)
 *crtbegin.o(.dtors)
 *(EXCLUDE_FILE(*crtend.o) .dtors)
 *(SORT(.dtors.*))
 *crtend.o(.dtors)
                0x000017c8                . = ALIGN (0x4)
                0x000017c8                __cy_regions = .
                0x000017c8        0x4 LONG 0x17d8 __cy_region_init_ram
                0x000017cc        0x4 LONG 0x1fff80c8 __cy_region_start_data
                0x000017d0        0x4 LONG 0x78 __cy_region_init_size_ram
                0x000017d4        0x4 LONG 0x70 __cy_region_zero_size_ram
                0x000017d8                __cy_regions_end = .
                0x000017d8                . = ALIGN (0x8)
                0x000017d8                _etext = .

.cy_checksum_exclude
                0x000017d8        0x0
 *(.cy_checksum_exclude)

.ramvectors     0x1fff8000       0xc0
                0x1fff8000                __cy_region_start_ram = .
 *(.ramvectors)
 .ramvectors    0x1fff8000       0xc0 .\ARM_GCC_541\Debug\Cm3Start.o
                0x1fff8000                CyRamVectors

.noinit         0x1fff80c0        0x5
 *(.noinit)
 .noinit        0x1fff80c0        0x4 .\ARM_GCC_541\Debug\Cm3Start.o
 .noinit        0x1fff80c4        0x1 .\ARM_GCC_541\Debug\CapSense_CSD_Design01.a(CyLib.o)
                0x1fff80c4                CyResetStatus

.data           0x1fff80c8       0x78 load address 0x000017d8
                0x1fff80c8                __cy_region_start_data = .
 *(.jcr)
 .jcr           0x1fff80c8        0x0 c:/program files (x86)/cypress/psoc creator/4.2/psoc creator/import/gnu/arm/5.4.1/bin/../lib/gcc/arm-none-eabi/5.4.1/armv7-m/crtbegin.o
 .jcr           0x1fff80c8        0x4 c:/program files (x86)/cypress/psoc creator/4.2/psoc creator/import/gnu/arm/5.4.1/bin/../lib/gcc/arm-none-eabi/5.4.1/armv7-m/crtend.o
 *(.got.plt)
 *(.got)
 *(.shdata)
 *(.data .data.* .gnu.linkonce.d.*)
 .data          0x1fff80cc        0x9 .\ARM_GCC_541\Debug\CapSense_CSD_Design01.a(CapSense_CSD.o)
                0x1fff80cc                CapSense_CSD_sensorEnableMask
                0x1fff80d0                CapSense_CSD_analogSwitchDivider
 *fill*         0x1fff80d5        0x3 
 .data.impure_data
                0x1fff80d8       0x60 c:/program files (x86)/cypress/psoc creator/4.2/psoc creator/import/gnu/arm/5.4.1/bin/../lib/gcc/arm-none-eabi/5.4.1/../../../../arm-none-eabi/lib/armv7-m\libg_nano.a(lib_a-impure.o)
 .data._impure_ptr
                0x1fff8138        0x4 c:/program files (x86)/cypress/psoc creator/4.2/psoc creator/import/gnu/arm/5.4.1/bin/../lib/gcc/arm-none-eabi/5.4.1/../../../../arm-none-eabi/lib/armv7-m\libg_nano.a(lib_a-impure.o)
                0x1fff8138                _impure_ptr
                0x1fff8140                . = ALIGN (0x8)
 *fill*         0x1fff813c        0x4 
 *(.ram)
                0x1fff8140                _edata = .

.igot.plt       0x1fff8140        0x0 load address 0x00001850
 .igot.plt      0x1fff8140        0x0 c:/program files (x86)/cypress/psoc creator/4.2/psoc creator/import/gnu/arm/5.4.1/bin/../lib/gcc/arm-none-eabi/5.4.1/armv7-m/crtbegin.o

.bss            0x1fff8140       0x70 load address 0x00001850
                0x1fff8140                PROVIDE (__bss_start__, .)
 *(.shbss)
 *(.bss .bss.* .gnu.linkonce.b.*)
 .bss           0x1fff8140       0x1c c:/program files (x86)/cypress/psoc creator/4.2/psoc creator/import/gnu/arm/5.4.1/bin/../lib/gcc/arm-none-eabi/5.4.1/armv7-m/crtbegin.o
 .bss           0x1fff815c        0x1 .\ARM_GCC_541\Debug\CapSense_CSD_Design01.a(CapSense_CSD.o)
 *fill*         0x1fff815d        0x3 
 .bss           0x1fff8160        0xa .\ARM_GCC_541\Debug\CapSense_CSD_Design01.a(CapSense_CSD_CSHL.o)
                0x1fff8160                CapSense_CSD_debounceCounter
 .bss           0x1fff816a        0x1 .\ARM_GCC_541\Debug\CapSense_CSD_Design01.a(PWM_1.o)
                0x1fff816a                PWM_1_initVar
 *(COMMON)
 *fill*         0x1fff816b        0x1 
 COMMON         0x1fff816c        0x4 .\ARM_GCC_541\Debug\main.o
                0x1fff816c                curPos
                0x1fff816e                oldPos
 COMMON         0x1fff8170        0xe .\ARM_GCC_541\Debug\CapSense_CSD_Design01.a(CapSense_CSD.o)
                0x1fff8170                CapSense_CSD_sensorIndex
                0x1fff8171                CapSense_CSD_csv
                0x1fff8174                CapSense_CSD_sensorRaw
 *fill*         0x1fff817e        0x2 
 COMMON         0x1fff8180       0x29 .\ARM_GCC_541\Debug\CapSense_CSD_Design01.a(CapSense_CSD_CSHL.o)
                0x1fff8180                CapSense_CSD_sensorSignal
                0x1fff818c                CapSense_CSD_sensorBaseline
                0x1fff8198                CapSense_CSD_sensorBaselineLow
                0x1fff81a0                CapSense_CSD_sensorOnMask
                0x1fff81a4                CapSense_CSD_lowBaselineResetCnt
                0x1fff81b0                . = ALIGN (0x8)
 *fill*         0x1fff81a9        0x7 
 *(.ram.b)
                0x1fff81b0                _end = .
                0x1fff81b0                __end = .
                0x1fff81b0                PROVIDE (end, .)
                0x1fff81b0                PROVIDE (__bss_end__, .)
                0x000017d8                __cy_region_init_ram = LOADADDR (.data)
                0x00000078                __cy_region_init_size_ram = (_edata - ADDR (.data))
                0x00000070                __cy_region_zero_size_ram = (_end - _edata)

.heap           0x1fff81b0       0x80 load address 0x00001850
                0x1fff81b0                . = _end
                0x1fff8230                . = (. + 0x80)
 *fill*         0x1fff81b0       0x80 
                0x1fff8230                __cy_heap_limit = .

.stack          0x20007800      0x800
                0x20007800                __cy_stack_limit = .
                0x20008000                . = (. + 0x800)
 *fill*         0x20007800      0x800 
                0x00000001                ASSERT ((__cy_stack_limit >= __cy_heap_limit), region RAM overflowed with stack)
                0x00000000                cy_checksum_exclude_size = (CY_APPL_LOADABLE == 0x1)?SIZEOF (.cy_checksum_exclude):0x0
                0x00000001                ASSERT ((cy_checksum_exclude_size <= CY_CHECKSUM_EXCLUDE_SIZE), CY_BOOT: Section .cy_checksum_exclude size exceedes specified limit.)

.cyloadermeta
 *(.cyloadermeta)

.cyloadablemeta
 *(.cyloadablemeta)

.cyconfigecc    0x80000000      0x3c0
 *(.cyconfigecc)
 .cyconfigecc   0x80000000      0x3c0 .\ARM_GCC_541\Debug\cymetadata.o
                0x80000000                cy_meta_configecc

.cycustnvl      0x90000000        0x4
 *(.cycustnvl)
 .cycustnvl     0x90000000        0x4 .\ARM_GCC_541\Debug\cymetadata.o
                0x90000000                cy_meta_custnvl

.cywolatch      0x90100000        0x4
 *(.cywolatch)
 .cywolatch     0x90100000        0x4 .\ARM_GCC_541\Debug\cymetadata.o
                0x90100000                cy_meta_wonvl

.cyeeprom       0x90200000        0x0
 *(.cyeeprom)
                0x00000001                ASSERT ((. <= ((0x90200000 + ee_offset) + ee_size)), .cyeeprom data will not fit in EEPROM)

.cyflashprotect
                0x90400000      0x100
 *(.cyflashprotect)
 .cyflashprotect
                0x90400000      0x100 .\ARM_GCC_541\Debug\cymetadata.o
                0x90400000                cy_meta_flashprotect

.cymeta         0x90500000        0xc
 *(.cymeta)
 .cymeta        0x90500000        0xc .\ARM_GCC_541\Debug\cymetadata.o
                0x90500000                cy_metadata

.rel.dyn        0x00001850        0x0 load address 0x9050000c
 .rel.iplt      0x00001850        0x0 c:/program files (x86)/cypress/psoc creator/4.2/psoc creator/import/gnu/arm/5.4.1/bin/../lib/gcc/arm-none-eabi/5.4.1/armv7-m/crtbegin.o

.stab
 *(.stab)

.stabstr
 *(.stabstr)

.debug
 *(.debug)

.line
 *(.line)

.debug_srcinfo
 *(.debug_srcinfo)

.debug_sfnames
 *(.debug_sfnames)

.debug_aranges  0x00000000      0x930
 *(.debug_aranges)
 .debug_aranges
                0x00000000       0x28 .\ARM_GCC_541\Debug\main.o
 .debug_aranges
                0x00000028       0x70 .\ARM_GCC_541\Debug\cyfitter_cfg.o
 .debug_aranges
                0x00000098       0x18 .\ARM_GCC_541\Debug\cymetadata.o
 .debug_aranges
                0x000000b0       0x48 .\ARM_GCC_541\Debug\Cm3Start.o
 .debug_aranges
                0x000000f8       0xb0 .\ARM_GCC_541\Debug\CapSense_CSD_Design01.a(CapSense_CSD.o)
 .debug_aranges
                0x000001a8       0x88 .\ARM_GCC_541\Debug\CapSense_CSD_Design01.a(CapSense_CSD_CSHL.o)
 .debug_aranges
                0x00000230       0x20 .\ARM_GCC_541\Debug\CapSense_CSD_Design01.a(CapSense_CSD_INT.o)
 .debug_aranges
                0x00000250       0x70 .\ARM_GCC_541\Debug\CapSense_CSD_Design01.a(CapSense_CSD_CompCH0.o)
 .debug_aranges
                0x000002c0       0x60 .\ARM_GCC_541\Debug\CapSense_CSD_Design01.a(CapSense_CSD_IdacCH0.o)
 .debug_aranges
                0x00000320       0x48 .\ARM_GCC_541\Debug\CapSense_CSD_Design01.a(CapSense_CSD_AMuxCH0.o)
 .debug_aranges
                0x00000368       0x70 .\ARM_GCC_541\Debug\CapSense_CSD_Design01.a(CapSense_CSD_IntClock.o)
 .debug_aranges
                0x000003d8      0x2a0 .\ARM_GCC_541\Debug\CapSense_CSD_Design01.a(CyLib.o)
 .debug_aranges
                0x00000678       0x98 .\ARM_GCC_541\Debug\CapSense_CSD_Design01.a(cyPm.o)
 .debug_aranges
                0x00000710       0x70 .\ARM_GCC_541\Debug\CapSense_CSD_Design01.a(Clock_1.o)
 .debug_aranges
                0x00000780       0x98 .\ARM_GCC_541\Debug\CapSense_CSD_Design01.a(PWM_1.o)
 .debug_aranges
                0x00000818       0x20 .\ARM_GCC_541\Debug\CapSense_CSD_Design01.a(CyBootAsmGnu.o)
 .debug_aranges
                0x00000838       0x80 .\ARM_GCC_541\Debug\CapSense_CSD_Design01.a(CyFlash.o)
 .debug_aranges
                0x000008b8       0x78 .\ARM_GCC_541\Debug\CapSense_CSD_Design01.a(CySpc.o)

.debug_pubnames
 *(.debug_pubnames)

.debug_info     0x00000000     0x4014
 *(.debug_info .gnu.linkonce.wi.*)
 .debug_info    0x00000000      0x10a .\ARM_GCC_541\Debug\main.o
 .debug_info    0x0000010a      0x459 .\ARM_GCC_541\Debug\cyfitter_cfg.o
 .debug_info    0x00000563      0x135 .\ARM_GCC_541\Debug\cymetadata.o
 .debug_info    0x00000698      0x32b .\ARM_GCC_541\Debug\Cm3Start.o
 .debug_info    0x000009c3      0x55d .\ARM_GCC_541\Debug\CapSense_CSD_Design01.a(CapSense_CSD.o)
 .debug_info    0x00000f20      0x772 .\ARM_GCC_541\Debug\CapSense_CSD_Design01.a(CapSense_CSD_CSHL.o)
 .debug_info    0x00001692       0xc9 .\ARM_GCC_541\Debug\CapSense_CSD_Design01.a(CapSense_CSD_INT.o)
 .debug_info    0x0000175b      0x246 .\ARM_GCC_541\Debug\CapSense_CSD_Design01.a(CapSense_CSD_CompCH0.o)
 .debug_info    0x000019a1      0x1ad .\ARM_GCC_541\Debug\CapSense_CSD_Design01.a(CapSense_CSD_IdacCH0.o)
 .debug_info    0x00001b4e      0x14e .\ARM_GCC_541\Debug\CapSense_CSD_Design01.a(CapSense_CSD_AMuxCH0.o)
 .debug_info    0x00001c9c      0x25d .\ARM_GCC_541\Debug\CapSense_CSD_Design01.a(CapSense_CSD_IntClock.o)
 .debug_info    0x00001ef9      0xe51 .\ARM_GCC_541\Debug\CapSense_CSD_Design01.a(CyLib.o)
 .debug_info    0x00002d4a      0x57a .\ARM_GCC_541\Debug\CapSense_CSD_Design01.a(cyPm.o)
 .debug_info    0x000032c4      0x25d .\ARM_GCC_541\Debug\CapSense_CSD_Design01.a(Clock_1.o)
 .debug_info    0x00003521      0x28a .\ARM_GCC_541\Debug\CapSense_CSD_Design01.a(PWM_1.o)
 .debug_info    0x000037ab       0x9e .\ARM_GCC_541\Debug\CapSense_CSD_Design01.a(CyBootAsmGnu.o)
 .debug_info    0x00003849      0x371 .\ARM_GCC_541\Debug\CapSense_CSD_Design01.a(CyFlash.o)
 .debug_info    0x00003bba      0x45a .\ARM_GCC_541\Debug\CapSense_CSD_Design01.a(CySpc.o)

.debug_abbrev   0x00000000     0x143c
 *(.debug_abbrev)
 .debug_abbrev  0x00000000       0x9d .\ARM_GCC_541\Debug\main.o
 .debug_abbrev  0x0000009d      0x1b0 .\ARM_GCC_541\Debug\cyfitter_cfg.o
 .debug_abbrev  0x0000024d       0x66 .\ARM_GCC_541\Debug\cymetadata.o
 .debug_abbrev  0x000002b3      0x1d6 .\ARM_GCC_541\Debug\Cm3Start.o
 .debug_abbrev  0x00000489      0x158 .\ARM_GCC_541\Debug\CapSense_CSD_Design01.a(CapSense_CSD.o)
 .debug_abbrev  0x000005e1      0x166 .\ARM_GCC_541\Debug\CapSense_CSD_Design01.a(CapSense_CSD_CSHL.o)
 .debug_abbrev  0x00000747       0x67 .\ARM_GCC_541\Debug\CapSense_CSD_Design01.a(CapSense_CSD_INT.o)
 .debug_abbrev  0x000007ae      0x146 .\ARM_GCC_541\Debug\CapSense_CSD_Design01.a(CapSense_CSD_CompCH0.o)
 .debug_abbrev  0x000008f4      0x114 .\ARM_GCC_541\Debug\CapSense_CSD_Design01.a(CapSense_CSD_IdacCH0.o)
 .debug_abbrev  0x00000a08       0x98 .\ARM_GCC_541\Debug\CapSense_CSD_Design01.a(CapSense_CSD_AMuxCH0.o)
 .debug_abbrev  0x00000aa0      0x11d .\ARM_GCC_541\Debug\CapSense_CSD_Design01.a(CapSense_CSD_IntClock.o)
 .debug_abbrev  0x00000bbd      0x217 .\ARM_GCC_541\Debug\CapSense_CSD_Design01.a(CyLib.o)
 .debug_abbrev  0x00000dd4      0x161 .\ARM_GCC_541\Debug\CapSense_CSD_Design01.a(cyPm.o)
 .debug_abbrev  0x00000f35      0x11d .\ARM_GCC_541\Debug\CapSense_CSD_Design01.a(Clock_1.o)
 .debug_abbrev  0x00001052      0x12e .\ARM_GCC_541\Debug\CapSense_CSD_Design01.a(PWM_1.o)
 .debug_abbrev  0x00001180       0x14 .\ARM_GCC_541\Debug\CapSense_CSD_Design01.a(CyBootAsmGnu.o)
 .debug_abbrev  0x00001194      0x13c .\ARM_GCC_541\Debug\CapSense_CSD_Design01.a(CyFlash.o)
 .debug_abbrev  0x000012d0      0x16c .\ARM_GCC_541\Debug\CapSense_CSD_Design01.a(CySpc.o)

.debug_line     0x00000000     0x2552
 *(.debug_line)
 .debug_line    0x00000000      0x183 .\ARM_GCC_541\Debug\main.o
 .debug_line    0x00000183      0x21f .\ARM_GCC_541\Debug\cyfitter_cfg.o
 .debug_line    0x000003a2      0x141 .\ARM_GCC_541\Debug\cymetadata.o
 .debug_line    0x000004e3      0x1dc .\ARM_GCC_541\Debug\Cm3Start.o
 .debug_line    0x000006bf      0x25a .\ARM_GCC_541\Debug\CapSense_CSD_Design01.a(CapSense_CSD.o)
 .debug_line    0x00000919      0x2ce .\ARM_GCC_541\Debug\CapSense_CSD_Design01.a(CapSense_CSD_CSHL.o)
 .debug_line    0x00000be7       0x8e .\ARM_GCC_541\Debug\CapSense_CSD_Design01.a(CapSense_CSD_INT.o)
 .debug_line    0x00000c75      0x17c .\ARM_GCC_541\Debug\CapSense_CSD_Design01.a(CapSense_CSD_CompCH0.o)
 .debug_line    0x00000df1      0x115 .\ARM_GCC_541\Debug\CapSense_CSD_Design01.a(CapSense_CSD_IdacCH0.o)
 .debug_line    0x00000f06       0xde .\ARM_GCC_541\Debug\CapSense_CSD_Design01.a(CapSense_CSD_AMuxCH0.o)
 .debug_line    0x00000fe4      0x1b4 .\ARM_GCC_541\Debug\CapSense_CSD_Design01.a(CapSense_CSD_IntClock.o)
 .debug_line    0x00001198      0x883 .\ARM_GCC_541\Debug\CapSense_CSD_Design01.a(CyLib.o)
 .debug_line    0x00001a1b      0x38e .\ARM_GCC_541\Debug\CapSense_CSD_Design01.a(cyPm.o)
 .debug_line    0x00001da9      0x1a6 .\ARM_GCC_541\Debug\CapSense_CSD_Design01.a(Clock_1.o)
 .debug_line    0x00001f4f      0x186 .\ARM_GCC_541\Debug\CapSense_CSD_Design01.a(PWM_1.o)
 .debug_line    0x000020d5       0x66 .\ARM_GCC_541\Debug\CapSense_CSD_Design01.a(CyBootAsmGnu.o)
 .debug_line    0x0000213b      0x205 .\ARM_GCC_541\Debug\CapSense_CSD_Design01.a(CyFlash.o)
 .debug_line    0x00002340      0x212 .\ARM_GCC_541\Debug\CapSense_CSD_Design01.a(CySpc.o)

.debug_frame    0x00000000     0x24cc
 *(.debug_frame)
 .debug_frame   0x00000000       0x48 .\ARM_GCC_541\Debug\main.o
 .debug_frame   0x00000048      0x1bc .\ARM_GCC_541\Debug\cyfitter_cfg.o
 .debug_frame   0x00000204       0xd8 .\ARM_GCC_541\Debug\Cm3Start.o
 .debug_frame   0x000002dc      0x2e0 .\ARM_GCC_541\Debug\CapSense_CSD_Design01.a(CapSense_CSD.o)
 .debug_frame   0x000005bc      0x24c .\ARM_GCC_541\Debug\CapSense_CSD_Design01.a(CapSense_CSD_CSHL.o)
 .debug_frame   0x00000808       0x2c .\ARM_GCC_541\Debug\CapSense_CSD_Design01.a(CapSense_CSD_INT.o)
 .debug_frame   0x00000834      0x19c .\ARM_GCC_541\Debug\CapSense_CSD_Design01.a(CapSense_CSD_CompCH0.o)
 .debug_frame   0x000009d0      0x158 .\ARM_GCC_541\Debug\CapSense_CSD_Design01.a(CapSense_CSD_IdacCH0.o)
 .debug_frame   0x00000b28       0xdc .\ARM_GCC_541\Debug\CapSense_CSD_Design01.a(CapSense_CSD_AMuxCH0.o)
 .debug_frame   0x00000c04      0x1b4 .\ARM_GCC_541\Debug\CapSense_CSD_Design01.a(CapSense_CSD_IntClock.o)
 .debug_frame   0x00000db8      0xc0c .\ARM_GCC_541\Debug\CapSense_CSD_Design01.a(CyLib.o)
 .debug_frame   0x000019c4      0x234 .\ARM_GCC_541\Debug\CapSense_CSD_Design01.a(cyPm.o)
 .debug_frame   0x00001bf8      0x1b4 .\ARM_GCC_541\Debug\CapSense_CSD_Design01.a(Clock_1.o)
 .debug_frame   0x00001dac      0x25c .\ARM_GCC_541\Debug\CapSense_CSD_Design01.a(PWM_1.o)
 .debug_frame   0x00002008      0x210 .\ARM_GCC_541\Debug\CapSense_CSD_Design01.a(CyFlash.o)
 .debug_frame   0x00002218      0x1f8 .\ARM_GCC_541\Debug\CapSense_CSD_Design01.a(CySpc.o)
 .debug_frame   0x00002410       0x20 c:/program files (x86)/cypress/psoc creator/4.2/psoc creator/import/gnu/arm/5.4.1/bin/../lib/gcc/arm-none-eabi/5.4.1/../../../../arm-none-eabi/lib/armv7-m\libg_nano.a(lib_a-errno.o)
 .debug_frame   0x00002430       0x28 c:/program files (x86)/cypress/psoc creator/4.2/psoc creator/import/gnu/arm/5.4.1/bin/../lib/gcc/arm-none-eabi/5.4.1/../../../../arm-none-eabi/lib/armv7-m\libg_nano.a(lib_a-exit.o)
 .debug_frame   0x00002458       0x2c c:/program files (x86)/cypress/psoc creator/4.2/psoc creator/import/gnu/arm/5.4.1/bin/../lib/gcc/arm-none-eabi/5.4.1/../../../../arm-none-eabi/lib/armv7-m\libg_nano.a(lib_a-init.o)
 .debug_frame   0x00002484       0x28 c:/program files (x86)/cypress/psoc creator/4.2/psoc creator/import/gnu/arm/5.4.1/bin/../lib/gcc/arm-none-eabi/5.4.1/../../../../arm-none-eabi/lib/armv7-m\libg_nano.a(lib_a-memcpy-stub.o)
 .debug_frame   0x000024ac       0x20 c:/program files (x86)/cypress/psoc creator/4.2/psoc creator/import/gnu/arm/5.4.1/bin/../lib/gcc/arm-none-eabi/5.4.1/../../../../arm-none-eabi/lib/armv7-m\libg_nano.a(lib_a-memset.o)

.debug_str      0x00000000     0x23e2
 *(.debug_str)
 .debug_str     0x00000000      0x195 .\ARM_GCC_541\Debug\main.o
                                0x1dd (size before relaxing)
 .debug_str     0x00000195      0x1f6 .\ARM_GCC_541\Debug\cyfitter_cfg.o
                                0x393 (size before relaxing)
 .debug_str     0x0000038b       0x7f .\ARM_GCC_541\Debug\cymetadata.o
                                0x1f2 (size before relaxing)
 .debug_str     0x0000040a      0x11d .\ARM_GCC_541\Debug\Cm3Start.o
                                0x2e5 (size before relaxing)
 .debug_str     0x00000527      0x393 .\ARM_GCC_541\Debug\CapSense_CSD_Design01.a(CapSense_CSD.o)
                                0x541 (size before relaxing)
 .debug_str     0x000008ba      0x3f4 .\ARM_GCC_541\Debug\CapSense_CSD_Design01.a(CapSense_CSD_CSHL.o)
                                0x651 (size before relaxing)
 .debug_str     0x00000cae       0x42 .\ARM_GCC_541\Debug\CapSense_CSD_Design01.a(CapSense_CSD_INT.o)
                                0x1fb (size before relaxing)
 .debug_str     0x00000cf0      0x1f0 .\ARM_GCC_541\Debug\CapSense_CSD_Design01.a(CapSense_CSD_CompCH0.o)
                                0x392 (size before relaxing)
 .debug_str     0x00000ee0      0x162 .\ARM_GCC_541\Debug\CapSense_CSD_Design01.a(CapSense_CSD_IdacCH0.o)
                                0x2ed (size before relaxing)
 .debug_str     0x00001042      0x11f .\ARM_GCC_541\Debug\CapSense_CSD_Design01.a(CapSense_CSD_AMuxCH0.o)
                                0x2a1 (size before relaxing)
 .debug_str     0x00001161      0x20a .\ARM_GCC_541\Debug\CapSense_CSD_Design01.a(CapSense_CSD_IntClock.o)
                                0x3a4 (size before relaxing)
 .debug_str     0x0000136b      0x7ed .\ARM_GCC_541\Debug\CapSense_CSD_Design01.a(CyLib.o)
                                0x9f8 (size before relaxing)
 .debug_str     0x00001b58      0x371 .\ARM_GCC_541\Debug\CapSense_CSD_Design01.a(cyPm.o)
                                0x551 (size before relaxing)
 .debug_str     0x00001ec9      0x117 .\ARM_GCC_541\Debug\CapSense_CSD_Design01.a(Clock_1.o)
                                0x2fc (size before relaxing)
 .debug_str     0x00001fe0      0x19e .\ARM_GCC_541\Debug\CapSense_CSD_Design01.a(PWM_1.o)
                                0x332 (size before relaxing)
 .debug_str     0x0000217e      0x145 .\ARM_GCC_541\Debug\CapSense_CSD_Design01.a(CyFlash.o)
                                0x304 (size before relaxing)
 .debug_str     0x000022c3      0x11f .\ARM_GCC_541\Debug\CapSense_CSD_Design01.a(CySpc.o)
                                0x301 (size before relaxing)

.debug_loc
 *(.debug_loc)

.debug_macinfo
 *(.debug_macinfo)

.debug_ranges   0x00000000      0x7f8
 *(.debug_ranges)
 .debug_ranges  0x00000000       0x18 .\ARM_GCC_541\Debug\main.o
 .debug_ranges  0x00000018       0x60 .\ARM_GCC_541\Debug\cyfitter_cfg.o
 .debug_ranges  0x00000078       0x38 .\ARM_GCC_541\Debug\Cm3Start.o
 .debug_ranges  0x000000b0       0xa0 .\ARM_GCC_541\Debug\CapSense_CSD_Design01.a(CapSense_CSD.o)
 .debug_ranges  0x00000150       0x78 .\ARM_GCC_541\Debug\CapSense_CSD_Design01.a(CapSense_CSD_CSHL.o)
 .debug_ranges  0x000001c8       0x10 .\ARM_GCC_541\Debug\CapSense_CSD_Design01.a(CapSense_CSD_INT.o)
 .debug_ranges  0x000001d8       0x60 .\ARM_GCC_541\Debug\CapSense_CSD_Design01.a(CapSense_CSD_CompCH0.o)
 .debug_ranges  0x00000238       0x50 .\ARM_GCC_541\Debug\CapSense_CSD_Design01.a(CapSense_CSD_IdacCH0.o)
 .debug_ranges  0x00000288       0x38 .\ARM_GCC_541\Debug\CapSense_CSD_Design01.a(CapSense_CSD_AMuxCH0.o)
 .debug_ranges  0x000002c0       0x60 .\ARM_GCC_541\Debug\CapSense_CSD_Design01.a(CapSense_CSD_IntClock.o)
 .debug_ranges  0x00000320      0x290 .\ARM_GCC_541\Debug\CapSense_CSD_Design01.a(CyLib.o)
 .debug_ranges  0x000005b0       0x88 .\ARM_GCC_541\Debug\CapSense_CSD_Design01.a(cyPm.o)
 .debug_ranges  0x00000638       0x60 .\ARM_GCC_541\Debug\CapSense_CSD_Design01.a(Clock_1.o)
 .debug_ranges  0x00000698       0x88 .\ARM_GCC_541\Debug\CapSense_CSD_Design01.a(PWM_1.o)
 .debug_ranges  0x00000720       0x70 .\ARM_GCC_541\Debug\CapSense_CSD_Design01.a(CyFlash.o)
 .debug_ranges  0x00000790       0x68 .\ARM_GCC_541\Debug\CapSense_CSD_Design01.a(CySpc.o)

.comment        0x00000000       0x6e
 .comment       0x00000000       0x6e .\ARM_GCC_541\Debug\main.o
                                 0x6f (size before relaxing)
 .comment       0x0000006e       0x6f .\ARM_GCC_541\Debug\cyfitter_cfg.o
 .comment       0x0000006e       0x6f .\ARM_GCC_541\Debug\cymetadata.o
 .comment       0x0000006e       0x6f .\ARM_GCC_541\Debug\Cm3Start.o
 .comment       0x0000006e       0x6f .\ARM_GCC_541\Debug\CapSense_CSD_Design01.a(CapSense_CSD.o)
 .comment       0x0000006e       0x6f .\ARM_GCC_541\Debug\CapSense_CSD_Design01.a(CapSense_CSD_CSHL.o)
 .comment       0x0000006e       0x6f .\ARM_GCC_541\Debug\CapSense_CSD_Design01.a(CapSense_CSD_INT.o)
 .comment       0x0000006e       0x6f .\ARM_GCC_541\Debug\CapSense_CSD_Design01.a(CapSense_CSD_CompCH0.o)
 .comment       0x0000006e       0x6f .\ARM_GCC_541\Debug\CapSense_CSD_Design01.a(CapSense_CSD_IdacCH0.o)
 .comment       0x0000006e       0x6f .\ARM_GCC_541\Debug\CapSense_CSD_Design01.a(CapSense_CSD_AMuxCH0.o)
 .comment       0x0000006e       0x6f .\ARM_GCC_541\Debug\CapSense_CSD_Design01.a(CapSense_CSD_IntClock.o)
 .comment       0x0000006e       0x6f .\ARM_GCC_541\Debug\CapSense_CSD_Design01.a(CyLib.o)
 .comment       0x0000006e       0x6f .\ARM_GCC_541\Debug\CapSense_CSD_Design01.a(cyPm.o)
 .comment       0x0000006e       0x6f .\ARM_GCC_541\Debug\CapSense_CSD_Design01.a(Clock_1.o)
 .comment       0x0000006e       0x6f .\ARM_GCC_541\Debug\CapSense_CSD_Design01.a(PWM_1.o)
 .comment       0x0000006e       0x6f .\ARM_GCC_541\Debug\CapSense_CSD_Design01.a(CyFlash.o)
 .comment       0x0000006e       0x6f .\ARM_GCC_541\Debug\CapSense_CSD_Design01.a(CySpc.o)

.debug_weaknames
 *(.debug_weaknames)

.debug_funcnames
 *(.debug_funcnames)

.debug_typenames
 *(.debug_typenames)

.debug_varnames
 *(.debug_varnames)

.note.gnu.arm.ident
 *(.note.gnu.arm.ident)

.ARM.attributes
                0x00000000       0x29
 *(.ARM.attributes)
 .ARM.attributes
                0x00000000       0x1d c:/program files (x86)/cypress/psoc creator/4.2/psoc creator/import/gnu/arm/5.4.1/bin/../lib/gcc/arm-none-eabi/5.4.1/armv7-m/crti.o
 .ARM.attributes
                0x0000001d       0x2d c:/program files (x86)/cypress/psoc creator/4.2/psoc creator/import/gnu/arm/5.4.1/bin/../lib/gcc/arm-none-eabi/5.4.1/armv7-m/crtbegin.o
 .ARM.attributes
                0x0000004a       0x1b c:/program files (x86)/cypress/psoc creator/4.2/psoc creator/import/gnu/arm/5.4.1/bin/../lib/gcc/arm-none-eabi/5.4.1/../../../../arm-none-eabi/lib/armv7-m/crt0.o
 .ARM.attributes
                0x00000065       0x33 .\ARM_GCC_541\Debug\main.o
 .ARM.attributes
                0x00000098       0x33 .\ARM_GCC_541\Debug\cyfitter_cfg.o
 .ARM.attributes
                0x000000cb       0x33 .\ARM_GCC_541\Debug\cymetadata.o
 .ARM.attributes
                0x000000fe       0x33 .\ARM_GCC_541\Debug\Cm3Start.o
 .ARM.attributes
                0x00000131       0x33 .\ARM_GCC_541\Debug\CapSense_CSD_Design01.a(CapSense_CSD.o)
 .ARM.attributes
                0x00000164       0x33 .\ARM_GCC_541\Debug\CapSense_CSD_Design01.a(CapSense_CSD_CSHL.o)
 .ARM.attributes
                0x00000197       0x33 .\ARM_GCC_541\Debug\CapSense_CSD_Design01.a(CapSense_CSD_INT.o)
 .ARM.attributes
                0x000001ca       0x33 .\ARM_GCC_541\Debug\CapSense_CSD_Design01.a(CapSense_CSD_CompCH0.o)
 .ARM.attributes
                0x000001fd       0x33 .\ARM_GCC_541\Debug\CapSense_CSD_Design01.a(CapSense_CSD_IdacCH0.o)
 .ARM.attributes
                0x00000230       0x33 .\ARM_GCC_541\Debug\CapSense_CSD_Design01.a(CapSense_CSD_AMuxCH0.o)
 .ARM.attributes
                0x00000263       0x33 .\ARM_GCC_541\Debug\CapSense_CSD_Design01.a(CapSense_CSD_IntClock.o)
 .ARM.attributes
                0x00000296       0x33 .\ARM_GCC_541\Debug\CapSense_CSD_Design01.a(CyLib.o)
 .ARM.attributes
                0x000002c9       0x33 .\ARM_GCC_541\Debug\CapSense_CSD_Design01.a(cyPm.o)
 .ARM.attributes
                0x000002fc       0x33 .\ARM_GCC_541\Debug\CapSense_CSD_Design01.a(Clock_1.o)
 .ARM.attributes
                0x0000032f       0x33 .\ARM_GCC_541\Debug\CapSense_CSD_Design01.a(PWM_1.o)
 .ARM.attributes
                0x00000362       0x21 .\ARM_GCC_541\Debug\CapSense_CSD_Design01.a(CyBootAsmGnu.o)
 .ARM.attributes
                0x00000383       0x33 .\ARM_GCC_541\Debug\CapSense_CSD_Design01.a(CyFlash.o)
 .ARM.attributes
                0x000003b6       0x33 .\ARM_GCC_541\Debug\CapSense_CSD_Design01.a(CySpc.o)
 .ARM.attributes
                0x000003e9       0x2d c:/program files (x86)/cypress/psoc creator/4.2/psoc creator/import/gnu/arm/5.4.1/bin/../lib/gcc/arm-none-eabi/5.4.1/../../../../arm-none-eabi/lib/armv7-m\libg_nano.a(lib_a-errno.o)
 .ARM.attributes
                0x00000416       0x2d c:/program files (x86)/cypress/psoc creator/4.2/psoc creator/import/gnu/arm/5.4.1/bin/../lib/gcc/arm-none-eabi/5.4.1/../../../../arm-none-eabi/lib/armv7-m\libg_nano.a(lib_a-exit.o)
 .ARM.attributes
                0x00000443       0x2d c:/program files (x86)/cypress/psoc creator/4.2/psoc creator/import/gnu/arm/5.4.1/bin/../lib/gcc/arm-none-eabi/5.4.1/../../../../arm-none-eabi/lib/armv7-m\libg_nano.a(lib_a-impure.o)
 .ARM.attributes
                0x00000470       0x2d c:/program files (x86)/cypress/psoc creator/4.2/psoc creator/import/gnu/arm/5.4.1/bin/../lib/gcc/arm-none-eabi/5.4.1/../../../../arm-none-eabi/lib/armv7-m\libg_nano.a(lib_a-init.o)
 .ARM.attributes
                0x0000049d       0x2d c:/program files (x86)/cypress/psoc creator/4.2/psoc creator/import/gnu/arm/5.4.1/bin/../lib/gcc/arm-none-eabi/5.4.1/../../../../arm-none-eabi/lib/armv7-m\libg_nano.a(lib_a-memcpy-stub.o)
 .ARM.attributes
                0x000004ca       0x2d c:/program files (x86)/cypress/psoc creator/4.2/psoc creator/import/gnu/arm/5.4.1/bin/../lib/gcc/arm-none-eabi/5.4.1/../../../../arm-none-eabi/lib/armv7-m\libg_nano.a(lib_a-memset.o)
 .ARM.attributes
                0x000004f7       0x2d c:/program files (x86)/cypress/psoc creator/4.2/psoc creator/import/gnu/arm/5.4.1/bin/../lib/gcc/arm-none-eabi/5.4.1/armv7-m/crtend.o
 .ARM.attributes
                0x00000524       0x1d c:/program files (x86)/cypress/psoc creator/4.2/psoc creator/import/gnu/arm/5.4.1/bin/../lib/gcc/arm-none-eabi/5.4.1/armv7-m/crtn.o

/DISCARD/
 *(.note.GNU-stack)
OUTPUT(C:\Users\holge\OneDrive\Skrivebord\cypress_PsOC_5LP\Workspace01\CapSense_CSD_Design01.cydsn\ARM_GCC_541\Debug\CapSense_CSD_Design01.elf elf32-littlearm)
