Archive member included to satisfy reference by file (symbol)

.\ARM_GCC_541\Debug\ADC_DMA_VDAC01.a(ADC_DelSig_1.o)
                              .\ARM_GCC_541\Debug\main.o (ADC_DelSig_1_Start)
.\ARM_GCC_541\Debug\ADC_DMA_VDAC01.a(ADC_DelSig_1_INT.o)
                              .\ARM_GCC_541\Debug\ADC_DMA_VDAC01.a(ADC_DelSig_1.o) (ADC_DelSig_1_ISR1)
.\ARM_GCC_541\Debug\ADC_DMA_VDAC01.a(DMA_1_dma.o)
                              .\ARM_GCC_541\Debug\main.o (DMA_1_DmaInitialize)
.\ARM_GCC_541\Debug\ADC_DMA_VDAC01.a(VDAC8_1.o)
                              .\ARM_GCC_541\Debug\main.o (VDAC8_1_Start)
.\ARM_GCC_541\Debug\ADC_DMA_VDAC01.a(LCD_Char_1.o)
                              .\ARM_GCC_541\Debug\main.o (LCD_Char_1_Start)
.\ARM_GCC_541\Debug\ADC_DMA_VDAC01.a(Status_Reg_1.o)
                              .\ARM_GCC_541\Debug\main.o (Status_Reg_1_Read)
.\ARM_GCC_541\Debug\ADC_DMA_VDAC01.a(ADC_DelSig_1_AMux.o)
                              .\ARM_GCC_541\Debug\ADC_DMA_VDAC01.a(ADC_DelSig_1.o) (ADC_DelSig_1_AMux_Select)
.\ARM_GCC_541\Debug\ADC_DMA_VDAC01.a(ADC_DelSig_1_Ext_CP_Clk.o)
                              .\ARM_GCC_541\Debug\ADC_DMA_VDAC01.a(ADC_DelSig_1.o) (ADC_DelSig_1_Ext_CP_Clk_SetDividerRegister)
.\ARM_GCC_541\Debug\ADC_DMA_VDAC01.a(ADC_DelSig_1_theACLK.o)
                              .\ARM_GCC_541\Debug\ADC_DMA_VDAC01.a(ADC_DelSig_1.o) (ADC_DelSig_1_theACLK_SetDividerRegister)
.\ARM_GCC_541\Debug\ADC_DMA_VDAC01.a(CyDmac.o)
                              .\ARM_GCC_541\Debug\Cm3Start.o (CyDmacConfigure)
.\ARM_GCC_541\Debug\ADC_DMA_VDAC01.a(CyLib.o)
                              .\ARM_GCC_541\Debug\Cm3Start.o (CyResetStatus)
.\ARM_GCC_541\Debug\ADC_DMA_VDAC01.a(cyPm.o)
                              .\ARM_GCC_541\Debug\ADC_DMA_VDAC01.a(CyLib.o) (CyPmReadStatus)
.\ARM_GCC_541\Debug\ADC_DMA_VDAC01.a(CyBootAsmGnu.o)
                              .\ARM_GCC_541\Debug\cyfitter_cfg.o (CyDelayCycles)
.\ARM_GCC_541\Debug\ADC_DMA_VDAC01.a(CyFlash.o)
                              .\ARM_GCC_541\Debug\ADC_DMA_VDAC01.a(cyPm.o) (CyFlash_SetWaitCycles)
.\ARM_GCC_541\Debug\ADC_DMA_VDAC01.a(CySpc.o)
                              .\ARM_GCC_541\Debug\ADC_DMA_VDAC01.a(CyFlash.o) (CySpcStart)
c:/program files (x86)/cypress/psoc creator/4.2/psoc creator/import/gnu/arm/5.4.1/bin/../lib/gcc/arm-none-eabi/5.4.1/armv7-m\libgcc.a(_arm_addsubdf3.o)
                              .\ARM_GCC_541\Debug\ADC_DMA_VDAC01.a(ADC_DelSig_1.o) (__aeabi_f2d)
c:/program files (x86)/cypress/psoc creator/4.2/psoc creator/import/gnu/arm/5.4.1/bin/../lib/gcc/arm-none-eabi/5.4.1/armv7-m\libgcc.a(_arm_cmpdf2.o)
                              .\ARM_GCC_541\Debug\ADC_DMA_VDAC01.a(ADC_DelSig_1.o) (__aeabi_dcmpgt)
c:/program files (x86)/cypress/psoc creator/4.2/psoc creator/import/gnu/arm/5.4.1/bin/../lib/gcc/arm-none-eabi/5.4.1/armv7-m\libgcc.a(_arm_addsubsf3.o)
                              .\ARM_GCC_541\Debug\ADC_DMA_VDAC01.a(ADC_DelSig_1.o) (__aeabi_ui2f)
c:/program files (x86)/cypress/psoc creator/4.2/psoc creator/import/gnu/arm/5.4.1/bin/../lib/gcc/arm-none-eabi/5.4.1/armv7-m\libgcc.a(_arm_muldivsf3.o)
                              .\ARM_GCC_541\Debug\ADC_DMA_VDAC01.a(ADC_DelSig_1.o) (__aeabi_fmul)
c:/program files (x86)/cypress/psoc creator/4.2/psoc creator/import/gnu/arm/5.4.1/bin/../lib/gcc/arm-none-eabi/5.4.1/armv7-m\libgcc.a(_arm_fixunssfsi.o)
                              .\ARM_GCC_541\Debug\ADC_DMA_VDAC01.a(ADC_DelSig_1.o) (__aeabi_f2uiz)
c:/program files (x86)/cypress/psoc creator/4.2/psoc creator/import/gnu/arm/5.4.1/bin/../lib/gcc/arm-none-eabi/5.4.1/../../../../arm-none-eabi/lib/armv7-m\libg_nano.a(lib_a-errno.o)
                              .\ARM_GCC_541\Debug\Cm3Start.o (__errno)
c:/program files (x86)/cypress/psoc creator/4.2/psoc creator/import/gnu/arm/5.4.1/bin/../lib/gcc/arm-none-eabi/5.4.1/../../../../arm-none-eabi/lib/armv7-m\libg_nano.a(lib_a-exit.o)
                              c:/program files (x86)/cypress/psoc creator/4.2/psoc creator/import/gnu/arm/5.4.1/bin/../lib/gcc/arm-none-eabi/5.4.1/../../../../arm-none-eabi/lib/armv7-m/crt0.o (exit)
c:/program files (x86)/cypress/psoc creator/4.2/psoc creator/import/gnu/arm/5.4.1/bin/../lib/gcc/arm-none-eabi/5.4.1/../../../../arm-none-eabi/lib/armv7-m\libg_nano.a(lib_a-impure.o)
                              c:/program files (x86)/cypress/psoc creator/4.2/psoc creator/import/gnu/arm/5.4.1/bin/../lib/gcc/arm-none-eabi/5.4.1/../../../../arm-none-eabi/lib/armv7-m\libg_nano.a(lib_a-exit.o) (_global_impure_ptr)
c:/program files (x86)/cypress/psoc creator/4.2/psoc creator/import/gnu/arm/5.4.1/bin/../lib/gcc/arm-none-eabi/5.4.1/../../../../arm-none-eabi/lib/armv7-m\libg_nano.a(lib_a-init.o)
                              c:/program files (x86)/cypress/psoc creator/4.2/psoc creator/import/gnu/arm/5.4.1/bin/../lib/gcc/arm-none-eabi/5.4.1/../../../../arm-none-eabi/lib/armv7-m/crt0.o (__libc_init_array)
c:/program files (x86)/cypress/psoc creator/4.2/psoc creator/import/gnu/arm/5.4.1/bin/../lib/gcc/arm-none-eabi/5.4.1/../../../../arm-none-eabi/lib/armv7-m\libg_nano.a(lib_a-memcpy-stub.o)
                              .\ARM_GCC_541\Debug\cyfitter_cfg.o (memcpy)
c:/program files (x86)/cypress/psoc creator/4.2/psoc creator/import/gnu/arm/5.4.1/bin/../lib/gcc/arm-none-eabi/5.4.1/../../../../arm-none-eabi/lib/armv7-m\libg_nano.a(lib_a-memset.o)
                              c:/program files (x86)/cypress/psoc creator/4.2/psoc creator/import/gnu/arm/5.4.1/bin/../lib/gcc/arm-none-eabi/5.4.1/../../../../arm-none-eabi/lib/armv7-m/crt0.o (memset)

Allocating common symbols
Common symbol       size              file

ADC_DelSig_1_CountsPerVolt
                    0x4               .\ARM_GCC_541\Debug\ADC_DMA_VDAC01.a(ADC_DelSig_1.o)
ADC_DelSig_1_Offset
                    0x4               .\ARM_GCC_541\Debug\ADC_DMA_VDAC01.a(ADC_DelSig_1.o)
dieTemperature      0x2               .\ARM_GCC_541\Debug\ADC_DMA_VDAC01.a(CyFlash.o)

Discarded input sections

 .text          0x00000000        0x0 c:/program files (x86)/cypress/psoc creator/4.2/psoc creator/import/gnu/arm/5.4.1/bin/../lib/gcc/arm-none-eabi/5.4.1/armv7-m/crti.o
 .data          0x00000000        0x0 c:/program files (x86)/cypress/psoc creator/4.2/psoc creator/import/gnu/arm/5.4.1/bin/../lib/gcc/arm-none-eabi/5.4.1/armv7-m/crti.o
 .bss           0x00000000        0x0 c:/program files (x86)/cypress/psoc creator/4.2/psoc creator/import/gnu/arm/5.4.1/bin/../lib/gcc/arm-none-eabi/5.4.1/armv7-m/crti.o
 .data          0x00000000        0x4 c:/program files (x86)/cypress/psoc creator/4.2/psoc creator/import/gnu/arm/5.4.1/bin/../lib/gcc/arm-none-eabi/5.4.1/armv7-m/crtbegin.o
 .text          0x00000000       0x74 c:/program files (x86)/cypress/psoc creator/4.2/psoc creator/import/gnu/arm/5.4.1/bin/../lib/gcc/arm-none-eabi/5.4.1/../../../../arm-none-eabi/lib/armv7-m/crt0.o
 .data          0x00000000        0x0 c:/program files (x86)/cypress/psoc creator/4.2/psoc creator/import/gnu/arm/5.4.1/bin/../lib/gcc/arm-none-eabi/5.4.1/../../../../arm-none-eabi/lib/armv7-m/crt0.o
 .bss           0x00000000        0x0 c:/program files (x86)/cypress/psoc creator/4.2/psoc creator/import/gnu/arm/5.4.1/bin/../lib/gcc/arm-none-eabi/5.4.1/../../../../arm-none-eabi/lib/armv7-m/crt0.o
 .ARM.extab     0x00000000        0x0 c:/program files (x86)/cypress/psoc creator/4.2/psoc creator/import/gnu/arm/5.4.1/bin/../lib/gcc/arm-none-eabi/5.4.1/../../../../arm-none-eabi/lib/armv7-m/crt0.o
 .ARM.exidx     0x00000000        0x8 c:/program files (x86)/cypress/psoc creator/4.2/psoc creator/import/gnu/arm/5.4.1/bin/../lib/gcc/arm-none-eabi/5.4.1/../../../../arm-none-eabi/lib/armv7-m/crt0.o
 .text          0x00000000        0x0 .\ARM_GCC_541\Debug\main.o
 .data          0x00000000        0x0 .\ARM_GCC_541\Debug\main.o
 .bss           0x00000000        0x0 .\ARM_GCC_541\Debug\main.o
 .text          0x00000000        0x0 .\ARM_GCC_541\Debug\cyfitter_cfg.o
 .data          0x00000000        0x0 .\ARM_GCC_541\Debug\cyfitter_cfg.o
 .text.CYMEMZERO
                0x00000000       0x1c .\ARM_GCC_541\Debug\cyfitter_cfg.o
 .text.CYCONFIGCPYCODE
                0x00000000       0x20 .\ARM_GCC_541\Debug\cyfitter_cfg.o
 .text.SetAnalogRoutingPumps
                0x00000000       0x3c .\ARM_GCC_541\Debug\cyfitter_cfg.o
 .text          0x00000000        0x0 .\ARM_GCC_541\Debug\cymetadata.o
 .data          0x00000000        0x0 .\ARM_GCC_541\Debug\cymetadata.o
 .bss           0x00000000        0x0 .\ARM_GCC_541\Debug\cymetadata.o
 .text          0x00000000        0x0 .\ARM_GCC_541\Debug\Cm3Start.o
 .data          0x00000000        0x4 .\ARM_GCC_541\Debug\Cm3Start.o
 .bss           0x00000000        0x0 .\ARM_GCC_541\Debug\Cm3Start.o
 .text._exit    0x00000000       0x14 .\ARM_GCC_541\Debug\Cm3Start.o
 .text._sbrk    0x00000000       0x50 .\ARM_GCC_541\Debug\Cm3Start.o
 .text          0x00000000        0x0 .\ARM_GCC_541\Debug\ADC_DMA_VDAC01.a(ADC_DelSig_1.o)
 .text.ADC_DelSig_1_Stop
                0x00000000      0x17c .\ARM_GCC_541\Debug\ADC_DMA_VDAC01.a(ADC_DelSig_1.o)
 .text.ADC_DelSig_1_SetBufferGain
                0x00000000       0x3c .\ARM_GCC_541\Debug\ADC_DMA_VDAC01.a(ADC_DelSig_1.o)
 .text.ADC_DelSig_1_SetCoherency
                0x00000000       0x38 .\ARM_GCC_541\Debug\ADC_DMA_VDAC01.a(ADC_DelSig_1.o)
 .text.ADC_DelSig_1_SetGCOR
                0x00000000       0xac .\ARM_GCC_541\Debug\ADC_DMA_VDAC01.a(ADC_DelSig_1.o)
 .text.ADC_DelSig_1_ReadGCOR
                0x00000000       0x3c .\ARM_GCC_541\Debug\ADC_DMA_VDAC01.a(ADC_DelSig_1.o)
 .text.ADC_DelSig_1_StopConvert
                0x00000000       0x20 .\ARM_GCC_541\Debug\ADC_DMA_VDAC01.a(ADC_DelSig_1.o)
 .text.ADC_DelSig_1_IsEndConversion
                0x00000000       0x4c .\ARM_GCC_541\Debug\ADC_DMA_VDAC01.a(ADC_DelSig_1.o)
 .text.ADC_DelSig_1_GetResult8
                0x00000000       0x68 .\ARM_GCC_541\Debug\ADC_DMA_VDAC01.a(ADC_DelSig_1.o)
 .text.ADC_DelSig_1_GetResult32
                0x00000000       0xa8 .\ARM_GCC_541\Debug\ADC_DMA_VDAC01.a(ADC_DelSig_1.o)
 .text.ADC_DelSig_1_SetOffset
                0x00000000       0x1c .\ARM_GCC_541\Debug\ADC_DMA_VDAC01.a(ADC_DelSig_1.o)
 .text.ADC_DelSig_1_SetGain
                0x00000000       0x1c .\ARM_GCC_541\Debug\ADC_DMA_VDAC01.a(ADC_DelSig_1.o)
 .text.ADC_DelSig_1_CountsTo_mVolts
                0x00000000       0x3c .\ARM_GCC_541\Debug\ADC_DMA_VDAC01.a(ADC_DelSig_1.o)
 .text.ADC_DelSig_1_CountsTo_Volts
                0x00000000       0x44 .\ARM_GCC_541\Debug\ADC_DMA_VDAC01.a(ADC_DelSig_1.o)
 .text.ADC_DelSig_1_CountsTo_uVolts
                0x00000000       0xa4 .\ARM_GCC_541\Debug\ADC_DMA_VDAC01.a(ADC_DelSig_1.o)
 .text.ADC_DelSig_1_SelectConfiguration
                0x00000000       0x90 .\ARM_GCC_541\Debug\ADC_DMA_VDAC01.a(ADC_DelSig_1.o)
 .text.ADC_DelSig_1_Read8
                0x00000000       0x3c .\ARM_GCC_541\Debug\ADC_DMA_VDAC01.a(ADC_DelSig_1.o)
 .text.ADC_DelSig_1_Read16
                0x00000000       0x3c .\ARM_GCC_541\Debug\ADC_DMA_VDAC01.a(ADC_DelSig_1.o)
 .text.ADC_DelSig_1_Read32
                0x00000000       0x38 .\ARM_GCC_541\Debug\ADC_DMA_VDAC01.a(ADC_DelSig_1.o)
 .text          0x00000000        0x0 .\ARM_GCC_541\Debug\ADC_DMA_VDAC01.a(ADC_DelSig_1_INT.o)
 .data          0x00000000        0x0 .\ARM_GCC_541\Debug\ADC_DMA_VDAC01.a(ADC_DelSig_1_INT.o)
 .bss           0x00000000        0x0 .\ARM_GCC_541\Debug\ADC_DMA_VDAC01.a(ADC_DelSig_1_INT.o)
 .text          0x00000000        0x0 .\ARM_GCC_541\Debug\ADC_DMA_VDAC01.a(DMA_1_dma.o)
 .bss           0x00000000        0x0 .\ARM_GCC_541\Debug\ADC_DMA_VDAC01.a(DMA_1_dma.o)
 .text.DMA_1_DmaRelease
                0x00000000       0x18 .\ARM_GCC_541\Debug\ADC_DMA_VDAC01.a(DMA_1_dma.o)
 .text          0x00000000        0x0 .\ARM_GCC_541\Debug\ADC_DMA_VDAC01.a(VDAC8_1.o)
 .data          0x00000000        0x0 .\ARM_GCC_541\Debug\ADC_DMA_VDAC01.a(VDAC8_1.o)
 .text.VDAC8_1_Stop
                0x00000000       0x34 .\ARM_GCC_541\Debug\ADC_DMA_VDAC01.a(VDAC8_1.o)
 .text          0x00000000        0x0 .\ARM_GCC_541\Debug\ADC_DMA_VDAC01.a(LCD_Char_1.o)
 .data          0x00000000        0x0 .\ARM_GCC_541\Debug\ADC_DMA_VDAC01.a(LCD_Char_1.o)
 .text.LCD_Char_1_Stop
                0x00000000       0x18 .\ARM_GCC_541\Debug\ADC_DMA_VDAC01.a(LCD_Char_1.o)
 .text.LCD_Char_1_PrintInt32
                0x00000000       0x34 .\ARM_GCC_541\Debug\ADC_DMA_VDAC01.a(LCD_Char_1.o)
 .text.LCD_Char_1_PrintU32Number
                0x00000000       0xa4 .\ARM_GCC_541\Debug\ADC_DMA_VDAC01.a(LCD_Char_1.o)
 .text          0x00000000        0x0 .\ARM_GCC_541\Debug\ADC_DMA_VDAC01.a(Status_Reg_1.o)
 .data          0x00000000        0x0 .\ARM_GCC_541\Debug\ADC_DMA_VDAC01.a(Status_Reg_1.o)
 .bss           0x00000000        0x0 .\ARM_GCC_541\Debug\ADC_DMA_VDAC01.a(Status_Reg_1.o)
 .text.Status_Reg_1_InterruptEnable
                0x00000000       0x34 .\ARM_GCC_541\Debug\ADC_DMA_VDAC01.a(Status_Reg_1.o)
 .text.Status_Reg_1_InterruptDisable
                0x00000000       0x34 .\ARM_GCC_541\Debug\ADC_DMA_VDAC01.a(Status_Reg_1.o)
 .text.Status_Reg_1_WriteMask
                0x00000000       0x28 .\ARM_GCC_541\Debug\ADC_DMA_VDAC01.a(Status_Reg_1.o)
 .text.Status_Reg_1_ReadMask
                0x00000000       0x18 .\ARM_GCC_541\Debug\ADC_DMA_VDAC01.a(Status_Reg_1.o)
 .text          0x00000000        0x0 .\ARM_GCC_541\Debug\ADC_DMA_VDAC01.a(ADC_DelSig_1_AMux.o)
 .bss           0x00000000        0x0 .\ARM_GCC_541\Debug\ADC_DMA_VDAC01.a(ADC_DelSig_1_AMux.o)
 .text.ADC_DelSig_1_AMux_FastSelect
                0x00000000       0x38 .\ARM_GCC_541\Debug\ADC_DMA_VDAC01.a(ADC_DelSig_1_AMux.o)
 .text          0x00000000        0x0 .\ARM_GCC_541\Debug\ADC_DMA_VDAC01.a(ADC_DelSig_1_Ext_CP_Clk.o)
 .data          0x00000000        0x0 .\ARM_GCC_541\Debug\ADC_DMA_VDAC01.a(ADC_DelSig_1_Ext_CP_Clk.o)
 .bss           0x00000000        0x0 .\ARM_GCC_541\Debug\ADC_DMA_VDAC01.a(ADC_DelSig_1_Ext_CP_Clk.o)
 .text.ADC_DelSig_1_Ext_CP_Clk_Start
                0x00000000       0x34 .\ARM_GCC_541\Debug\ADC_DMA_VDAC01.a(ADC_DelSig_1_Ext_CP_Clk.o)
 .text.ADC_DelSig_1_Ext_CP_Clk_Stop
                0x00000000       0x34 .\ARM_GCC_541\Debug\ADC_DMA_VDAC01.a(ADC_DelSig_1_Ext_CP_Clk.o)
 .text.ADC_DelSig_1_Ext_CP_Clk_StopBlock
                0x00000000       0xb0 .\ARM_GCC_541\Debug\ADC_DMA_VDAC01.a(ADC_DelSig_1_Ext_CP_Clk.o)
 .text.ADC_DelSig_1_Ext_CP_Clk_StandbyPower
                0x00000000       0x40 .\ARM_GCC_541\Debug\ADC_DMA_VDAC01.a(ADC_DelSig_1_Ext_CP_Clk.o)
 .text.ADC_DelSig_1_Ext_CP_Clk_ClearModeRegister
                0x00000000       0x34 .\ARM_GCC_541\Debug\ADC_DMA_VDAC01.a(ADC_DelSig_1_Ext_CP_Clk.o)
 .text.ADC_DelSig_1_Ext_CP_Clk_GetModeRegister
                0x00000000       0x1c .\ARM_GCC_541\Debug\ADC_DMA_VDAC01.a(ADC_DelSig_1_Ext_CP_Clk.o)
 .text.ADC_DelSig_1_Ext_CP_Clk_SetSourceRegister
                0x00000000       0xc4 .\ARM_GCC_541\Debug\ADC_DMA_VDAC01.a(ADC_DelSig_1_Ext_CP_Clk.o)
 .text          0x00000000        0x0 .\ARM_GCC_541\Debug\ADC_DMA_VDAC01.a(ADC_DelSig_1_theACLK.o)
 .data          0x00000000        0x0 .\ARM_GCC_541\Debug\ADC_DMA_VDAC01.a(ADC_DelSig_1_theACLK.o)
 .bss           0x00000000        0x0 .\ARM_GCC_541\Debug\ADC_DMA_VDAC01.a(ADC_DelSig_1_theACLK.o)
 .text.ADC_DelSig_1_theACLK_Start
                0x00000000       0x34 .\ARM_GCC_541\Debug\ADC_DMA_VDAC01.a(ADC_DelSig_1_theACLK.o)
 .text.ADC_DelSig_1_theACLK_Stop
                0x00000000       0x34 .\ARM_GCC_541\Debug\ADC_DMA_VDAC01.a(ADC_DelSig_1_theACLK.o)
 .text.ADC_DelSig_1_theACLK_StopBlock
                0x00000000       0xb0 .\ARM_GCC_541\Debug\ADC_DMA_VDAC01.a(ADC_DelSig_1_theACLK.o)
 .text.ADC_DelSig_1_theACLK_StandbyPower
                0x00000000       0x40 .\ARM_GCC_541\Debug\ADC_DMA_VDAC01.a(ADC_DelSig_1_theACLK.o)
 .text.ADC_DelSig_1_theACLK_ClearModeRegister
                0x00000000       0x34 .\ARM_GCC_541\Debug\ADC_DMA_VDAC01.a(ADC_DelSig_1_theACLK.o)
 .text.ADC_DelSig_1_theACLK_GetModeRegister
                0x00000000       0x1c .\ARM_GCC_541\Debug\ADC_DMA_VDAC01.a(ADC_DelSig_1_theACLK.o)
 .text.ADC_DelSig_1_theACLK_SetSourceRegister
                0x00000000       0xc4 .\ARM_GCC_541\Debug\ADC_DMA_VDAC01.a(ADC_DelSig_1_theACLK.o)
 .text.ADC_DelSig_1_theACLK_SetPhaseRegister
                0x00000000       0x24 .\ARM_GCC_541\Debug\ADC_DMA_VDAC01.a(ADC_DelSig_1_theACLK.o)
 .text.ADC_DelSig_1_theACLK_GetPhaseRegister
                0x00000000       0x1c .\ARM_GCC_541\Debug\ADC_DMA_VDAC01.a(ADC_DelSig_1_theACLK.o)
 .text          0x00000000        0x0 .\ARM_GCC_541\Debug\ADC_DMA_VDAC01.a(CyDmac.o)
 .bss           0x00000000        0x0 .\ARM_GCC_541\Debug\ADC_DMA_VDAC01.a(CyDmac.o)
 .text.CyDmacError
                0x00000000       0x1c .\ARM_GCC_541\Debug\ADC_DMA_VDAC01.a(CyDmac.o)
 .text.CyDmacClearError
                0x00000000       0x24 .\ARM_GCC_541\Debug\ADC_DMA_VDAC01.a(CyDmac.o)
 .text.CyDmacErrorAddress
                0x00000000       0x14 .\ARM_GCC_541\Debug\ADC_DMA_VDAC01.a(CyDmac.o)
 .text.CyDmaChAlloc
                0x00000000       0x64 .\ARM_GCC_541\Debug\ADC_DMA_VDAC01.a(CyDmac.o)
 .text.CyDmaChFree
                0x00000000       0x4c .\ARM_GCC_541\Debug\ADC_DMA_VDAC01.a(CyDmac.o)
 .text.CyDmaChDisable
                0x00000000       0x60 .\ARM_GCC_541\Debug\ADC_DMA_VDAC01.a(CyDmac.o)
 .text.CyDmaClearPendingDrq
                0x00000000       0x60 .\ARM_GCC_541\Debug\ADC_DMA_VDAC01.a(CyDmac.o)
 .text.CyDmaChSetRequest
                0x00000000       0x58 .\ARM_GCC_541\Debug\ADC_DMA_VDAC01.a(CyDmac.o)
 .text.CyDmaChGetRequest
                0x00000000       0x38 .\ARM_GCC_541\Debug\ADC_DMA_VDAC01.a(CyDmac.o)
 .text.CyDmaChStatus
                0x00000000       0x60 .\ARM_GCC_541\Debug\ADC_DMA_VDAC01.a(CyDmac.o)
 .text.CyDmaTdFree
                0x00000000       0x58 .\ARM_GCC_541\Debug\ADC_DMA_VDAC01.a(CyDmac.o)
 .text.CyDmaTdFreeCount
                0x00000000       0x18 .\ARM_GCC_541\Debug\ADC_DMA_VDAC01.a(CyDmac.o)
 .text.CyDmaTdGetConfiguration
                0x00000000       0x84 .\ARM_GCC_541\Debug\ADC_DMA_VDAC01.a(CyDmac.o)
 .text.CyDmaTdGetAddress
                0x00000000       0x6c .\ARM_GCC_541\Debug\ADC_DMA_VDAC01.a(CyDmac.o)
 .text.CyDmaChRoundRobin
                0x00000000       0x70 .\ARM_GCC_541\Debug\ADC_DMA_VDAC01.a(CyDmac.o)
 .text          0x00000000        0x0 .\ARM_GCC_541\Debug\ADC_DMA_VDAC01.a(CyLib.o)
 .bss           0x00000000       0x19 .\ARM_GCC_541\Debug\ADC_DMA_VDAC01.a(CyLib.o)
 .text.CyPLL_OUT_Start
                0x00000000       0xb0 .\ARM_GCC_541\Debug\ADC_DMA_VDAC01.a(CyLib.o)
 .text.CyPLL_OUT_Stop
                0x00000000       0x20 .\ARM_GCC_541\Debug\ADC_DMA_VDAC01.a(CyLib.o)
 .text.CyPLL_OUT_SetPQ
                0x00000000       0x94 .\ARM_GCC_541\Debug\ADC_DMA_VDAC01.a(CyLib.o)
 .text.CyPLL_OUT_SetSource
                0x00000000       0x58 .\ARM_GCC_541\Debug\ADC_DMA_VDAC01.a(CyLib.o)
 .text.CyIMO_Start
                0x00000000       0x94 .\ARM_GCC_541\Debug\ADC_DMA_VDAC01.a(CyLib.o)
 .text.CyIMO_Stop
                0x00000000       0x34 .\ARM_GCC_541\Debug\ADC_DMA_VDAC01.a(CyLib.o)
 .text.CyUSB_PowerOnCheck
                0x00000000       0x60 .\ARM_GCC_541\Debug\ADC_DMA_VDAC01.a(CyLib.o)
 .text.CyIMO_SetTrimValue
                0x00000000      0x108 .\ARM_GCC_541\Debug\ADC_DMA_VDAC01.a(CyLib.o)
 .text.CyIMO_SetFreq
                0x00000000      0x1b0 .\ARM_GCC_541\Debug\ADC_DMA_VDAC01.a(CyLib.o)
 .text.CyIMO_SetSource
                0x00000000       0x8c .\ARM_GCC_541\Debug\ADC_DMA_VDAC01.a(CyLib.o)
 .text.CyIMO_EnableDoubler
                0x00000000       0x20 .\ARM_GCC_541\Debug\ADC_DMA_VDAC01.a(CyLib.o)
 .text.CyIMO_DisableDoubler
                0x00000000       0x20 .\ARM_GCC_541\Debug\ADC_DMA_VDAC01.a(CyLib.o)
 .text.CyMasterClk_SetSource
                0x00000000       0x34 .\ARM_GCC_541\Debug\ADC_DMA_VDAC01.a(CyLib.o)
 .text.CyMasterClk_SetDivider
                0x00000000       0x20 .\ARM_GCC_541\Debug\ADC_DMA_VDAC01.a(CyLib.o)
 .text.CyBusClk_Internal_SetDivider
                0x00000000       0x78 .\ARM_GCC_541\Debug\ADC_DMA_VDAC01.a(CyLib.o)
 .text.CyBusClk_SetDivider
                0x00000000       0xb4 .\ARM_GCC_541\Debug\ADC_DMA_VDAC01.a(CyLib.o)
 .text.CyUsbClk_SetSource
                0x00000000       0x34 .\ARM_GCC_541\Debug\ADC_DMA_VDAC01.a(CyLib.o)
 .text.CyILO_Start1K
                0x00000000       0x20 .\ARM_GCC_541\Debug\ADC_DMA_VDAC01.a(CyLib.o)
 .text.CyILO_Stop1K
                0x00000000       0x20 .\ARM_GCC_541\Debug\ADC_DMA_VDAC01.a(CyLib.o)
 .text.CyILO_Start100K
                0x00000000       0x20 .\ARM_GCC_541\Debug\ADC_DMA_VDAC01.a(CyLib.o)
 .text.CyILO_Stop100K
                0x00000000       0x20 .\ARM_GCC_541\Debug\ADC_DMA_VDAC01.a(CyLib.o)
 .text.CyILO_Enable33K
                0x00000000       0x20 .\ARM_GCC_541\Debug\ADC_DMA_VDAC01.a(CyLib.o)
 .text.CyILO_Disable33K
                0x00000000       0x20 .\ARM_GCC_541\Debug\ADC_DMA_VDAC01.a(CyLib.o)
 .text.CyILO_SetSource
                0x00000000       0x38 .\ARM_GCC_541\Debug\ADC_DMA_VDAC01.a(CyLib.o)
 .text.CyILO_SetPowerMode
                0x00000000       0x4c .\ARM_GCC_541\Debug\ADC_DMA_VDAC01.a(CyLib.o)
 .text.CyXTAL_32KHZ_Start
                0x00000000       0x88 .\ARM_GCC_541\Debug\ADC_DMA_VDAC01.a(CyLib.o)
 .text.CyXTAL_32KHZ_Stop
                0x00000000       0x50 .\ARM_GCC_541\Debug\ADC_DMA_VDAC01.a(CyLib.o)
 .text.CyXTAL_32KHZ_ReadStatus
                0x00000000       0x1c .\ARM_GCC_541\Debug\ADC_DMA_VDAC01.a(CyLib.o)
 .text.CyXTAL_32KHZ_SetPowerMode
                0x00000000       0xb4 .\ARM_GCC_541\Debug\ADC_DMA_VDAC01.a(CyLib.o)
 .text.CyXTAL_Start
                0x00000000       0xd0 .\ARM_GCC_541\Debug\ADC_DMA_VDAC01.a(CyLib.o)
 .text.CyXTAL_Stop
                0x00000000       0x20 .\ARM_GCC_541\Debug\ADC_DMA_VDAC01.a(CyLib.o)
 .text.CyXTAL_EnableErrStatus
                0x00000000       0x20 .\ARM_GCC_541\Debug\ADC_DMA_VDAC01.a(CyLib.o)
 .text.CyXTAL_DisableErrStatus
                0x00000000       0x20 .\ARM_GCC_541\Debug\ADC_DMA_VDAC01.a(CyLib.o)
 .text.CyXTAL_ReadStatus
                0x00000000       0x24 .\ARM_GCC_541\Debug\ADC_DMA_VDAC01.a(CyLib.o)
 .text.CyXTAL_EnableFaultRecovery
                0x00000000       0x20 .\ARM_GCC_541\Debug\ADC_DMA_VDAC01.a(CyLib.o)
 .text.CyXTAL_DisableFaultRecovery
                0x00000000       0x20 .\ARM_GCC_541\Debug\ADC_DMA_VDAC01.a(CyLib.o)
 .text.CyXTAL_SetStartup
                0x00000000       0x34 .\ARM_GCC_541\Debug\ADC_DMA_VDAC01.a(CyLib.o)
 .text.CyXTAL_SetFbVoltage
                0x00000000       0x34 .\ARM_GCC_541\Debug\ADC_DMA_VDAC01.a(CyLib.o)
 .text.CyXTAL_SetWdVoltage
                0x00000000       0x38 .\ARM_GCC_541\Debug\ADC_DMA_VDAC01.a(CyLib.o)
 .text.CySoftwareReset
                0x00000000       0x20 .\ARM_GCC_541\Debug\ADC_DMA_VDAC01.a(CyLib.o)
 .text.CyDelayFreq
                0x00000000       0x7c .\ARM_GCC_541\Debug\ADC_DMA_VDAC01.a(CyLib.o)
 .text.CyWdtStart
                0x00000000       0x8c .\ARM_GCC_541\Debug\ADC_DMA_VDAC01.a(CyLib.o)
 .text.CyWdtClear
                0x00000000       0x18 .\ARM_GCC_541\Debug\ADC_DMA_VDAC01.a(CyLib.o)
 .text.CyVdLvDigitEnable
                0x00000000       0xcc .\ARM_GCC_541\Debug\ADC_DMA_VDAC01.a(CyLib.o)
 .text.CyVdLvAnalogEnable
                0x00000000       0xcc .\ARM_GCC_541\Debug\ADC_DMA_VDAC01.a(CyLib.o)
 .text.CyVdLvDigitDisable
                0x00000000       0x48 .\ARM_GCC_541\Debug\ADC_DMA_VDAC01.a(CyLib.o)
 .text.CyVdLvAnalogDisable
                0x00000000       0x44 .\ARM_GCC_541\Debug\ADC_DMA_VDAC01.a(CyLib.o)
 .text.CyVdHvAnalogEnable
                0x00000000       0x7c .\ARM_GCC_541\Debug\ADC_DMA_VDAC01.a(CyLib.o)
 .text.CyVdHvAnalogDisable
                0x00000000       0x30 .\ARM_GCC_541\Debug\ADC_DMA_VDAC01.a(CyLib.o)
 .text.CyVdStickyStatus
                0x00000000       0x5c .\ARM_GCC_541\Debug\ADC_DMA_VDAC01.a(CyLib.o)
 .text.CyVdRealTimeStatus
                0x00000000       0x30 .\ARM_GCC_541\Debug\ADC_DMA_VDAC01.a(CyLib.o)
 .text.CyDisableInts
                0x00000000       0x34 .\ARM_GCC_541\Debug\ADC_DMA_VDAC01.a(CyLib.o)
 .text.CyEnableInts
                0x00000000       0x2c .\ARM_GCC_541\Debug\ADC_DMA_VDAC01.a(CyLib.o)
 .text.CyFlushCache
                0x00000000       0x5c .\ARM_GCC_541\Debug\ADC_DMA_VDAC01.a(CyLib.o)
 .text.CyIntSetSysVector
                0x00000000       0x4c .\ARM_GCC_541\Debug\ADC_DMA_VDAC01.a(CyLib.o)
 .text.CyIntGetSysVector
                0x00000000       0x38 .\ARM_GCC_541\Debug\ADC_DMA_VDAC01.a(CyLib.o)
 .text.CyIntGetVector
                0x00000000       0x38 .\ARM_GCC_541\Debug\ADC_DMA_VDAC01.a(CyLib.o)
 .text.CyIntGetPriority
                0x00000000       0x38 .\ARM_GCC_541\Debug\ADC_DMA_VDAC01.a(CyLib.o)
 .text.CyIntGetState
                0x00000000       0x44 .\ARM_GCC_541\Debug\ADC_DMA_VDAC01.a(CyLib.o)
 .text.CySysTickStart
                0x00000000       0x24 .\ARM_GCC_541\Debug\ADC_DMA_VDAC01.a(CyLib.o)
 .text.CySysTickInit
                0x00000000       0x6c .\ARM_GCC_541\Debug\ADC_DMA_VDAC01.a(CyLib.o)
 .text.CySysTickEnable
                0x00000000       0x1c .\ARM_GCC_541\Debug\ADC_DMA_VDAC01.a(CyLib.o)
 .text.CySysTickStop
                0x00000000       0x1c .\ARM_GCC_541\Debug\ADC_DMA_VDAC01.a(CyLib.o)
 .text.CySysTickEnableInterrupt
                0x00000000       0x1c .\ARM_GCC_541\Debug\ADC_DMA_VDAC01.a(CyLib.o)
 .text.CySysTickDisableInterrupt
                0x00000000       0x1c .\ARM_GCC_541\Debug\ADC_DMA_VDAC01.a(CyLib.o)
 .text.CySysTickSetReload
                0x00000000       0x20 .\ARM_GCC_541\Debug\ADC_DMA_VDAC01.a(CyLib.o)
 .text.CySysTickGetReload
                0x00000000       0x18 .\ARM_GCC_541\Debug\ADC_DMA_VDAC01.a(CyLib.o)
 .text.CySysTickGetValue
                0x00000000       0x18 .\ARM_GCC_541\Debug\ADC_DMA_VDAC01.a(CyLib.o)
 .text.CySysTickSetClockSource
                0x00000000       0x38 .\ARM_GCC_541\Debug\ADC_DMA_VDAC01.a(CyLib.o)
 .text.CySysTickGetClockSource
                0x00000000       0x1c .\ARM_GCC_541\Debug\ADC_DMA_VDAC01.a(CyLib.o)
 .text.CySysTickGetCountFlag
                0x00000000       0x1c .\ARM_GCC_541\Debug\ADC_DMA_VDAC01.a(CyLib.o)
 .text.CySysTickClear
                0x00000000       0x18 .\ARM_GCC_541\Debug\ADC_DMA_VDAC01.a(CyLib.o)
 .text.CySysTickSetCallback
                0x00000000       0x30 .\ARM_GCC_541\Debug\ADC_DMA_VDAC01.a(CyLib.o)
 .text.CySysTickGetCallback
                0x00000000       0x20 .\ARM_GCC_541\Debug\ADC_DMA_VDAC01.a(CyLib.o)
 .text.CySysTickServiceCallbacks
                0x00000000       0x44 .\ARM_GCC_541\Debug\ADC_DMA_VDAC01.a(CyLib.o)
 .text.CyGetUniqueId
                0x00000000       0xc4 .\ARM_GCC_541\Debug\ADC_DMA_VDAC01.a(CyLib.o)
 .text          0x00000000        0x0 .\ARM_GCC_541\Debug\ADC_DMA_VDAC01.a(cyPm.o)
 .data          0x00000000        0x0 .\ARM_GCC_541\Debug\ADC_DMA_VDAC01.a(cyPm.o)
 .bss           0x00000000       0x43 .\ARM_GCC_541\Debug\ADC_DMA_VDAC01.a(cyPm.o)
 .rodata        0x00000000        0xf .\ARM_GCC_541\Debug\ADC_DMA_VDAC01.a(cyPm.o)
 .text.CyPmSaveClocks
                0x00000000      0x288 .\ARM_GCC_541\Debug\ADC_DMA_VDAC01.a(cyPm.o)
 .text.CyPmRestoreClocks
                0x00000000      0x2f0 .\ARM_GCC_541\Debug\ADC_DMA_VDAC01.a(cyPm.o)
 .text.CyPmAltAct
                0x00000000       0xbc .\ARM_GCC_541\Debug\ADC_DMA_VDAC01.a(cyPm.o)
 .text.CyPmSleep
                0x00000000      0x170 .\ARM_GCC_541\Debug\ADC_DMA_VDAC01.a(cyPm.o)
 .text.CyPmHibernate
                0x00000000       0x10 .\ARM_GCC_541\Debug\ADC_DMA_VDAC01.a(cyPm.o)
 .text.CyPmHibernateEx
                0x00000000      0x158 .\ARM_GCC_541\Debug\ADC_DMA_VDAC01.a(cyPm.o)
 .text.CyPmReadStatus
                0x00000000       0x5c .\ARM_GCC_541\Debug\ADC_DMA_VDAC01.a(cyPm.o)
 .text.CyPmHibSaveSet
                0x00000000       0xe8 .\ARM_GCC_541\Debug\ADC_DMA_VDAC01.a(cyPm.o)
 .text.CyPmHibRestore
                0x00000000       0x78 .\ARM_GCC_541\Debug\ADC_DMA_VDAC01.a(cyPm.o)
 .text.CyPmCtwSetInterval
                0x00000000       0x94 .\ARM_GCC_541\Debug\ADC_DMA_VDAC01.a(cyPm.o)
 .text.CyPmOppsSet
                0x00000000       0x44 .\ARM_GCC_541\Debug\ADC_DMA_VDAC01.a(cyPm.o)
 .text.CyPmFtwSetInterval
                0x00000000       0x94 .\ARM_GCC_541\Debug\ADC_DMA_VDAC01.a(cyPm.o)
 .text.CyPmHibSlpSaveSet
                0x00000000      0x280 .\ARM_GCC_541\Debug\ADC_DMA_VDAC01.a(cyPm.o)
 .text.CyPmHibSlpRestore
                0x00000000      0x18c .\ARM_GCC_541\Debug\ADC_DMA_VDAC01.a(cyPm.o)
 .text.CyPmHviLviSaveDisable
                0x00000000       0xd8 .\ARM_GCC_541\Debug\ADC_DMA_VDAC01.a(cyPm.o)
 .text.CyPmHviLviRestore
                0x00000000       0x58 .\ARM_GCC_541\Debug\ADC_DMA_VDAC01.a(cyPm.o)
 .data          0x00000000        0x0 .\ARM_GCC_541\Debug\ADC_DMA_VDAC01.a(CyBootAsmGnu.o)
 .bss           0x00000000        0x0 .\ARM_GCC_541\Debug\ADC_DMA_VDAC01.a(CyBootAsmGnu.o)
 .text          0x00000000        0x0 .\ARM_GCC_541\Debug\ADC_DMA_VDAC01.a(CyFlash.o)
 .data          0x00000000        0x0 .\ARM_GCC_541\Debug\ADC_DMA_VDAC01.a(CyFlash.o)
 .bss           0x00000000        0x4 .\ARM_GCC_541\Debug\ADC_DMA_VDAC01.a(CyFlash.o)
 .text.CyFlash_Start
                0x00000000       0x8c .\ARM_GCC_541\Debug\ADC_DMA_VDAC01.a(CyFlash.o)
 .text.CyFlash_Stop
                0x00000000       0x48 .\ARM_GCC_541\Debug\ADC_DMA_VDAC01.a(CyFlash.o)
 .text.CySetTempInt
                0x00000000       0x7c .\ARM_GCC_541\Debug\ADC_DMA_VDAC01.a(CyFlash.o)
 .text.CyFlashGetSpcAlgorithm
                0x00000000       0x70 .\ARM_GCC_541\Debug\ADC_DMA_VDAC01.a(CyFlash.o)
 .text.CySetTemp
                0x00000000       0x24 .\ARM_GCC_541\Debug\ADC_DMA_VDAC01.a(CyFlash.o)
 .text.CySetFlashEEBuffer
                0x00000000       0x54 .\ARM_GCC_541\Debug\ADC_DMA_VDAC01.a(CyFlash.o)
 .text.CyWriteRowData
                0x00000000       0x38 .\ARM_GCC_541\Debug\ADC_DMA_VDAC01.a(CyFlash.o)
 .text.CyWriteRowFull
                0x00000000      0x154 .\ARM_GCC_541\Debug\ADC_DMA_VDAC01.a(CyFlash.o)
 .text.CyFlash_SetWaitCycles
                0x00000000       0xbc .\ARM_GCC_541\Debug\ADC_DMA_VDAC01.a(CyFlash.o)
 .text.CyEEPROM_Start
                0x00000000       0x8c .\ARM_GCC_541\Debug\ADC_DMA_VDAC01.a(CyFlash.o)
 .text.CyEEPROM_Stop
                0x00000000       0x48 .\ARM_GCC_541\Debug\ADC_DMA_VDAC01.a(CyFlash.o)
 .text.CyEEPROM_ReadReserve
                0x00000000       0x30 .\ARM_GCC_541\Debug\ADC_DMA_VDAC01.a(CyFlash.o)
 .text.CyEEPROM_ReadRelease
                0x00000000       0x20 .\ARM_GCC_541\Debug\ADC_DMA_VDAC01.a(CyFlash.o)
 COMMON         0x00000000        0x2 .\ARM_GCC_541\Debug\ADC_DMA_VDAC01.a(CyFlash.o)
 .text          0x00000000        0x0 .\ARM_GCC_541\Debug\ADC_DMA_VDAC01.a(CySpc.o)
 .data          0x00000000        0x0 .\ARM_GCC_541\Debug\ADC_DMA_VDAC01.a(CySpc.o)
 .bss           0x00000000        0x8 .\ARM_GCC_541\Debug\ADC_DMA_VDAC01.a(CySpc.o)
 .text.CySpcStart
                0x00000000       0x48 .\ARM_GCC_541\Debug\ADC_DMA_VDAC01.a(CySpc.o)
 .text.CySpcStop
                0x00000000       0x48 .\ARM_GCC_541\Debug\ADC_DMA_VDAC01.a(CySpc.o)
 .text.CySpcReadData
                0x00000000       0x54 .\ARM_GCC_541\Debug\ADC_DMA_VDAC01.a(CySpc.o)
 .text.CySpcLoadMultiByte
                0x00000000       0xd0 .\ARM_GCC_541\Debug\ADC_DMA_VDAC01.a(CySpc.o)
 .text.CySpcLoadRow
                0x00000000       0x88 .\ARM_GCC_541\Debug\ADC_DMA_VDAC01.a(CySpc.o)
 .text.CySpcLoadRowFull
                0x00000000       0xcc .\ARM_GCC_541\Debug\ADC_DMA_VDAC01.a(CySpc.o)
 .text.CySpcWriteRow
                0x00000000       0x98 .\ARM_GCC_541\Debug\ADC_DMA_VDAC01.a(CySpc.o)
 .text.CySpcEraseSector
                0x00000000       0x70 .\ARM_GCC_541\Debug\ADC_DMA_VDAC01.a(CySpc.o)
 .text.CySpcGetTemp
                0x00000000       0x64 .\ARM_GCC_541\Debug\ADC_DMA_VDAC01.a(CySpc.o)
 .text.CySpcLock
                0x00000000       0x68 .\ARM_GCC_541\Debug\ADC_DMA_VDAC01.a(CySpc.o)
 .text.CySpcUnlock
                0x00000000       0x50 .\ARM_GCC_541\Debug\ADC_DMA_VDAC01.a(CySpc.o)
 .text.CySpcGetAlgorithm
                0x00000000       0x44 .\ARM_GCC_541\Debug\ADC_DMA_VDAC01.a(CySpc.o)
 .text          0x00000000      0x370 c:/program files (x86)/cypress/psoc creator/4.2/psoc creator/import/gnu/arm/5.4.1/bin/../lib/gcc/arm-none-eabi/5.4.1/armv7-m\libgcc.a(_arm_addsubdf3.o)
 .data          0x00000000        0x0 c:/program files (x86)/cypress/psoc creator/4.2/psoc creator/import/gnu/arm/5.4.1/bin/../lib/gcc/arm-none-eabi/5.4.1/armv7-m\libgcc.a(_arm_addsubdf3.o)
 .bss           0x00000000        0x0 c:/program files (x86)/cypress/psoc creator/4.2/psoc creator/import/gnu/arm/5.4.1/bin/../lib/gcc/arm-none-eabi/5.4.1/armv7-m\libgcc.a(_arm_addsubdf3.o)
 .text          0x00000000      0x110 c:/program files (x86)/cypress/psoc creator/4.2/psoc creator/import/gnu/arm/5.4.1/bin/../lib/gcc/arm-none-eabi/5.4.1/armv7-m\libgcc.a(_arm_cmpdf2.o)
 .data          0x00000000        0x0 c:/program files (x86)/cypress/psoc creator/4.2/psoc creator/import/gnu/arm/5.4.1/bin/../lib/gcc/arm-none-eabi/5.4.1/armv7-m\libgcc.a(_arm_cmpdf2.o)
 .bss           0x00000000        0x0 c:/program files (x86)/cypress/psoc creator/4.2/psoc creator/import/gnu/arm/5.4.1/bin/../lib/gcc/arm-none-eabi/5.4.1/armv7-m\libgcc.a(_arm_cmpdf2.o)
 .text          0x00000000      0x21c c:/program files (x86)/cypress/psoc creator/4.2/psoc creator/import/gnu/arm/5.4.1/bin/../lib/gcc/arm-none-eabi/5.4.1/armv7-m\libgcc.a(_arm_addsubsf3.o)
 .data          0x00000000        0x0 c:/program files (x86)/cypress/psoc creator/4.2/psoc creator/import/gnu/arm/5.4.1/bin/../lib/gcc/arm-none-eabi/5.4.1/armv7-m\libgcc.a(_arm_addsubsf3.o)
 .bss           0x00000000        0x0 c:/program files (x86)/cypress/psoc creator/4.2/psoc creator/import/gnu/arm/5.4.1/bin/../lib/gcc/arm-none-eabi/5.4.1/armv7-m\libgcc.a(_arm_addsubsf3.o)
 .text          0x00000000      0x2a0 c:/program files (x86)/cypress/psoc creator/4.2/psoc creator/import/gnu/arm/5.4.1/bin/../lib/gcc/arm-none-eabi/5.4.1/armv7-m\libgcc.a(_arm_muldivsf3.o)
 .data          0x00000000        0x0 c:/program files (x86)/cypress/psoc creator/4.2/psoc creator/import/gnu/arm/5.4.1/bin/../lib/gcc/arm-none-eabi/5.4.1/armv7-m\libgcc.a(_arm_muldivsf3.o)
 .bss           0x00000000        0x0 c:/program files (x86)/cypress/psoc creator/4.2/psoc creator/import/gnu/arm/5.4.1/bin/../lib/gcc/arm-none-eabi/5.4.1/armv7-m\libgcc.a(_arm_muldivsf3.o)
 .text          0x00000000       0x40 c:/program files (x86)/cypress/psoc creator/4.2/psoc creator/import/gnu/arm/5.4.1/bin/../lib/gcc/arm-none-eabi/5.4.1/armv7-m\libgcc.a(_arm_fixunssfsi.o)
 .data          0x00000000        0x0 c:/program files (x86)/cypress/psoc creator/4.2/psoc creator/import/gnu/arm/5.4.1/bin/../lib/gcc/arm-none-eabi/5.4.1/armv7-m\libgcc.a(_arm_fixunssfsi.o)
 .bss           0x00000000        0x0 c:/program files (x86)/cypress/psoc creator/4.2/psoc creator/import/gnu/arm/5.4.1/bin/../lib/gcc/arm-none-eabi/5.4.1/armv7-m\libgcc.a(_arm_fixunssfsi.o)
 .text          0x00000000        0x0 c:/program files (x86)/cypress/psoc creator/4.2/psoc creator/import/gnu/arm/5.4.1/bin/../lib/gcc/arm-none-eabi/5.4.1/../../../../arm-none-eabi/lib/armv7-m\libg_nano.a(lib_a-errno.o)
 .data          0x00000000        0x0 c:/program files (x86)/cypress/psoc creator/4.2/psoc creator/import/gnu/arm/5.4.1/bin/../lib/gcc/arm-none-eabi/5.4.1/../../../../arm-none-eabi/lib/armv7-m\libg_nano.a(lib_a-errno.o)
 .bss           0x00000000        0x0 c:/program files (x86)/cypress/psoc creator/4.2/psoc creator/import/gnu/arm/5.4.1/bin/../lib/gcc/arm-none-eabi/5.4.1/../../../../arm-none-eabi/lib/armv7-m\libg_nano.a(lib_a-errno.o)
 .text          0x00000000        0x0 c:/program files (x86)/cypress/psoc creator/4.2/psoc creator/import/gnu/arm/5.4.1/bin/../lib/gcc/arm-none-eabi/5.4.1/../../../../arm-none-eabi/lib/armv7-m\libg_nano.a(lib_a-exit.o)
 .data          0x00000000        0x0 c:/program files (x86)/cypress/psoc creator/4.2/psoc creator/import/gnu/arm/5.4.1/bin/../lib/gcc/arm-none-eabi/5.4.1/../../../../arm-none-eabi/lib/armv7-m\libg_nano.a(lib_a-exit.o)
 .bss           0x00000000        0x0 c:/program files (x86)/cypress/psoc creator/4.2/psoc creator/import/gnu/arm/5.4.1/bin/../lib/gcc/arm-none-eabi/5.4.1/../../../../arm-none-eabi/lib/armv7-m\libg_nano.a(lib_a-exit.o)
 .text.exit     0x00000000       0x28 c:/program files (x86)/cypress/psoc creator/4.2/psoc creator/import/gnu/arm/5.4.1/bin/../lib/gcc/arm-none-eabi/5.4.1/../../../../arm-none-eabi/lib/armv7-m\libg_nano.a(lib_a-exit.o)
 .text          0x00000000        0x0 c:/program files (x86)/cypress/psoc creator/4.2/psoc creator/import/gnu/arm/5.4.1/bin/../lib/gcc/arm-none-eabi/5.4.1/../../../../arm-none-eabi/lib/armv7-m\libg_nano.a(lib_a-impure.o)
 .data          0x00000000        0x0 c:/program files (x86)/cypress/psoc creator/4.2/psoc creator/import/gnu/arm/5.4.1/bin/../lib/gcc/arm-none-eabi/5.4.1/../../../../arm-none-eabi/lib/armv7-m\libg_nano.a(lib_a-impure.o)
 .bss           0x00000000        0x0 c:/program files (x86)/cypress/psoc creator/4.2/psoc creator/import/gnu/arm/5.4.1/bin/../lib/gcc/arm-none-eabi/5.4.1/../../../../arm-none-eabi/lib/armv7-m\libg_nano.a(lib_a-impure.o)
 .rodata._global_impure_ptr
                0x00000000        0x4 c:/program files (x86)/cypress/psoc creator/4.2/psoc creator/import/gnu/arm/5.4.1/bin/../lib/gcc/arm-none-eabi/5.4.1/../../../../arm-none-eabi/lib/armv7-m\libg_nano.a(lib_a-impure.o)
 .text          0x00000000        0x0 c:/program files (x86)/cypress/psoc creator/4.2/psoc creator/import/gnu/arm/5.4.1/bin/../lib/gcc/arm-none-eabi/5.4.1/../../../../arm-none-eabi/lib/armv7-m\libg_nano.a(lib_a-init.o)
 .data          0x00000000        0x0 c:/program files (x86)/cypress/psoc creator/4.2/psoc creator/import/gnu/arm/5.4.1/bin/../lib/gcc/arm-none-eabi/5.4.1/../../../../arm-none-eabi/lib/armv7-m\libg_nano.a(lib_a-init.o)
 .bss           0x00000000        0x0 c:/program files (x86)/cypress/psoc creator/4.2/psoc creator/import/gnu/arm/5.4.1/bin/../lib/gcc/arm-none-eabi/5.4.1/../../../../arm-none-eabi/lib/armv7-m\libg_nano.a(lib_a-init.o)
 .text          0x00000000        0x0 c:/program files (x86)/cypress/psoc creator/4.2/psoc creator/import/gnu/arm/5.4.1/bin/../lib/gcc/arm-none-eabi/5.4.1/../../../../arm-none-eabi/lib/armv7-m\libg_nano.a(lib_a-memcpy-stub.o)
 .data          0x00000000        0x0 c:/program files (x86)/cypress/psoc creator/4.2/psoc creator/import/gnu/arm/5.4.1/bin/../lib/gcc/arm-none-eabi/5.4.1/../../../../arm-none-eabi/lib/armv7-m\libg_nano.a(lib_a-memcpy-stub.o)
 .bss           0x00000000        0x0 c:/program files (x86)/cypress/psoc creator/4.2/psoc creator/import/gnu/arm/5.4.1/bin/../lib/gcc/arm-none-eabi/5.4.1/../../../../arm-none-eabi/lib/armv7-m\libg_nano.a(lib_a-memcpy-stub.o)
 .text          0x00000000        0x0 c:/program files (x86)/cypress/psoc creator/4.2/psoc creator/import/gnu/arm/5.4.1/bin/../lib/gcc/arm-none-eabi/5.4.1/../../../../arm-none-eabi/lib/armv7-m\libg_nano.a(lib_a-memset.o)
 .data          0x00000000        0x0 c:/program files (x86)/cypress/psoc creator/4.2/psoc creator/import/gnu/arm/5.4.1/bin/../lib/gcc/arm-none-eabi/5.4.1/../../../../arm-none-eabi/lib/armv7-m\libg_nano.a(lib_a-memset.o)
 .bss           0x00000000        0x0 c:/program files (x86)/cypress/psoc creator/4.2/psoc creator/import/gnu/arm/5.4.1/bin/../lib/gcc/arm-none-eabi/5.4.1/../../../../arm-none-eabi/lib/armv7-m\libg_nano.a(lib_a-memset.o)
 .text.memset   0x00000000       0x10 c:/program files (x86)/cypress/psoc creator/4.2/psoc creator/import/gnu/arm/5.4.1/bin/../lib/gcc/arm-none-eabi/5.4.1/../../../../arm-none-eabi/lib/armv7-m\libg_nano.a(lib_a-memset.o)
 .text          0x00000000        0x0 c:/program files (x86)/cypress/psoc creator/4.2/psoc creator/import/gnu/arm/5.4.1/bin/../lib/gcc/arm-none-eabi/5.4.1/armv7-m/crtend.o
 .data          0x00000000        0x0 c:/program files (x86)/cypress/psoc creator/4.2/psoc creator/import/gnu/arm/5.4.1/bin/../lib/gcc/arm-none-eabi/5.4.1/armv7-m/crtend.o
 .bss           0x00000000        0x0 c:/program files (x86)/cypress/psoc creator/4.2/psoc creator/import/gnu/arm/5.4.1/bin/../lib/gcc/arm-none-eabi/5.4.1/armv7-m/crtend.o
 .text          0x00000000        0x0 c:/program files (x86)/cypress/psoc creator/4.2/psoc creator/import/gnu/arm/5.4.1/bin/../lib/gcc/arm-none-eabi/5.4.1/armv7-m/crtn.o
 .data          0x00000000        0x0 c:/program files (x86)/cypress/psoc creator/4.2/psoc creator/import/gnu/arm/5.4.1/bin/../lib/gcc/arm-none-eabi/5.4.1/armv7-m/crtn.o
 .bss           0x00000000        0x0 c:/program files (x86)/cypress/psoc creator/4.2/psoc creator/import/gnu/arm/5.4.1/bin/../lib/gcc/arm-none-eabi/5.4.1/armv7-m/crtn.o

Memory Configuration

Name             Origin             Length             Attributes
rom              0x00000000         0x00040000         xr
ram              0x1fff8000         0x00010000         xrw
*default*        0x00000000         0xffffffff

Linker script and memory map

LOAD c:/program files (x86)/cypress/psoc creator/4.2/psoc creator/import/gnu/arm/5.4.1/bin/../lib/gcc/arm-none-eabi/5.4.1/armv7-m/crti.o
LOAD c:/program files (x86)/cypress/psoc creator/4.2/psoc creator/import/gnu/arm/5.4.1/bin/../lib/gcc/arm-none-eabi/5.4.1/armv7-m/crtbegin.o
LOAD c:/program files (x86)/cypress/psoc creator/4.2/psoc creator/import/gnu/arm/5.4.1/bin/../lib/gcc/arm-none-eabi/5.4.1/../../../../arm-none-eabi/lib/armv7-m/crt0.o
START GROUP
LOAD .\ARM_GCC_541\Debug\main.o
LOAD .\ARM_GCC_541\Debug\cyfitter_cfg.o
LOAD .\ARM_GCC_541\Debug\cymetadata.o
LOAD .\ARM_GCC_541\Debug\Cm3Start.o
LOAD .\ARM_GCC_541\Debug\ADC_DMA_VDAC01.a
LOAD C:\Program Files (x86)\Cypress\PSoC Creator\4.2\PSoC Creator\psoc\content\cycomponentlibrary\CyComponentLibrary.cylib\CortexM3\ARM_GCC_541\Debug\CyComponentLibrary.a
END GROUP
START GROUP
LOAD c:/program files (x86)/cypress/psoc creator/4.2/psoc creator/import/gnu/arm/5.4.1/bin/../lib/gcc/arm-none-eabi/5.4.1/armv7-m\libgcc.a
LOAD c:/program files (x86)/cypress/psoc creator/4.2/psoc creator/import/gnu/arm/5.4.1/bin/../lib/gcc/arm-none-eabi/5.4.1/../../../../arm-none-eabi/lib/armv7-m\libg_nano.a
LOAD c:/program files (x86)/cypress/psoc creator/4.2/psoc creator/import/gnu/arm/5.4.1/bin/../lib/gcc/arm-none-eabi/5.4.1/../../../../arm-none-eabi/lib/armv7-m\libc_nano.a
END GROUP
START GROUP
LOAD c:/program files (x86)/cypress/psoc creator/4.2/psoc creator/import/gnu/arm/5.4.1/bin/../lib/gcc/arm-none-eabi/5.4.1/armv7-m\libgcc.a
LOAD c:/program files (x86)/cypress/psoc creator/4.2/psoc creator/import/gnu/arm/5.4.1/bin/../lib/gcc/arm-none-eabi/5.4.1/../../../../arm-none-eabi/lib/armv7-m\libc_nano.a
END GROUP
LOAD c:/program files (x86)/cypress/psoc creator/4.2/psoc creator/import/gnu/arm/5.4.1/bin/../lib/gcc/arm-none-eabi/5.4.1/armv7-m/crtend.o
LOAD c:/program files (x86)/cypress/psoc creator/4.2/psoc creator/import/gnu/arm/5.4.1/bin/../lib/gcc/arm-none-eabi/5.4.1/armv7-m/crtn.o
START GROUP
LOAD c:/program files (x86)/cypress/psoc creator/4.2/psoc creator/import/gnu/arm/5.4.1/bin/../lib/gcc/arm-none-eabi/5.4.1/armv7-m\libgcc.a
LOAD c:/program files (x86)/cypress/psoc creator/4.2/psoc creator/import/gnu/arm/5.4.1/bin/../lib/gcc/arm-none-eabi/5.4.1/../../../../arm-none-eabi/lib/armv7-m\libc.a
LOAD c:/program files (x86)/cypress/psoc creator/4.2/psoc creator/import/gnu/arm/5.4.1/bin/../lib/gcc/arm-none-eabi/5.4.1/../../../../arm-none-eabi/lib/armv7-m\libnosys.a
END GROUP
                0x00000000                CY_APPL_ORIGIN = 0x0
                0x00000100                CY_FLASH_ROW_SIZE = 0x100
                0x00000020                CY_ECC_ROW_SIZE = 0x20
                0x00000000                CY_EE_IN_BTLDR = 0x0
                0x00000000                CY_APPL_LOADABLE = 0x0
                0x00000800                CY_EE_SIZE = 0x800
                0x00000001                CY_APPL_NUM = 0x1
                0x00000001                CY_APPL_MAX = 0x1
                0x00000040                CY_METADATA_SIZE = 0x40
                0x00000000                CY_APPL_LOADABLE = 0x0
                0x00000000                CY_CHECKSUM_EXCLUDE_SIZE = ALIGN (0x0, CY_FLASH_ROW_SIZE)
                [!provide]                PROVIDE (__cy_heap_start, _end)
                0x00000001                PROVIDE (__cy_region_num, ((__cy_regions_end - __cy_regions) / 0x10))
                0x20008000                PROVIDE (__cy_stack, (ORIGIN (ram) + LENGTH (ram)))
                [!provide]                PROVIDE (__cy_heap_end, (__cy_stack - 0x800))

.cybootloader   0x00000000        0x0
 *(.cybootloader)
                0x00000000                appl1_start = CY_APPL_ORIGIN?CY_APPL_ORIGIN:ALIGN (CY_FLASH_ROW_SIZE)
                0x0001ff00                appl2_start = (appl1_start + ALIGN ((((LENGTH (rom) - appl1_start) - (0x2 * CY_FLASH_ROW_SIZE)) / 0x2), CY_FLASH_ROW_SIZE))
                0x00000000                appl_start = (CY_APPL_NUM == 0x1)?appl1_start:appl2_start
                0x00000000                ecc_offset = ((appl_start / CY_FLASH_ROW_SIZE) * CY_ECC_ROW_SIZE)
                0x00000000                ee_offset = (CY_APPL_LOADABLE && ! (CY_EE_IN_BTLDR))?((CY_EE_SIZE / CY_APPL_MAX) * (CY_APPL_NUM - 0x1)):0x0
                0x00000800                ee_size = (CY_APPL_LOADABLE && ! (CY_EE_IN_BTLDR))?(CY_EE_SIZE / CY_APPL_MAX):CY_EE_SIZE
                [!provide]                PROVIDE (CY_ECC_OFFSET, ecc_offset)

.text           0x00000000     0x22c2
 CREATE_OBJECT_SYMBOLS
                0x00000000                PROVIDE (__cy_interrupt_vector, RomVectors)
 *(.romvectors)
 .romvectors    0x00000000       0x10 .\ARM_GCC_541\Debug\Cm3Start.o
                0x00000000                RomVectors
                0x00000001                ASSERT ((. != __cy_interrupt_vector), No interrupt vector)
                0x00000001                ASSERT (CY_APPL_ORIGIN?(SIZEOF (.cybootloader) <= CY_APPL_ORIGIN):0x1, Wrong image location)
                0x00000010                PROVIDE (__cy_reset, Reset)
 *(.text.Reset)
 .text.Reset    0x00000010       0x18 .\ARM_GCC_541\Debug\Cm3Start.o
                0x00000010                Reset
                0x00000001                ASSERT ((. != __cy_reset), No reset code)
 *(.dma_init)
 .dma_init      0x00000028      0x190 .\ARM_GCC_541\Debug\cyfitter_cfg.o
                0x00000001                ASSERT ((((appl_start + .) <= 0x10000) || 0x0), DMA Init must be within the first 64k of flash)
 *(.text .text.* .gnu.linkonce.t.*)
 .text          0x000001b8       0x5c c:/program files (x86)/cypress/psoc creator/4.2/psoc creator/import/gnu/arm/5.4.1/bin/../lib/gcc/arm-none-eabi/5.4.1/armv7-m/crtbegin.o
 .text.main     0x00000214       0x78 .\ARM_GCC_541\Debug\main.o
                0x00000214                main
 .text.DMA_Config
                0x0000028c       0x60 .\ARM_GCC_541\Debug\main.o
                0x0000028c                DMA_Config
 .text.CYCONFIGCPY
                0x000002ec       0x20 .\ARM_GCC_541\Debug\cyfitter_cfg.o
 .text.CyClockStartupError
                0x0000030c        0xc .\ARM_GCC_541\Debug\cyfitter_cfg.o
 .text.cfg_dma_init
                0x00000318      0x154 .\ARM_GCC_541\Debug\cyfitter_cfg.o
 .text.ClockSetup
                0x0000046c      0x144 .\ARM_GCC_541\Debug\cyfitter_cfg.o
 .text.AnalogSetDefault
                0x000005b0       0x6c .\ARM_GCC_541\Debug\cyfitter_cfg.o
 .text.ADC_DelSig_1_AMux_Set
                0x0000061c       0x40 .\ARM_GCC_541\Debug\cyfitter_cfg.o
                0x0000061c                ADC_DelSig_1_AMux_Set
 .text.ADC_DelSig_1_AMux_Unset
                0x0000065c       0x44 .\ARM_GCC_541\Debug\cyfitter_cfg.o
                0x0000065c                ADC_DelSig_1_AMux_Unset
 .text.cyfitter_cfg
                0x000006a0      0x108 .\ARM_GCC_541\Debug\cyfitter_cfg.o
                0x000006a0                cyfitter_cfg
 .text.IntDefaultHandler
                0x000007a8       0x14 .\ARM_GCC_541\Debug\Cm3Start.o
                0x000007a8                IntDefaultHandler
 .text.Start_c  0x000007bc       0x98 .\ARM_GCC_541\Debug\Cm3Start.o
                0x000007bc                Start_c
 .text.initialize_psoc
                0x00000854       0x94 .\ARM_GCC_541\Debug\Cm3Start.o
                0x00000854                initialize_psoc
 .text.ADC_DelSig_1_Init
                0x000008e8      0x158 .\ARM_GCC_541\Debug\ADC_DMA_VDAC01.a(ADC_DelSig_1.o)
                0x000008e8                ADC_DelSig_1_Init
 .text.ADC_DelSig_1_Enable
                0x00000a40      0x174 .\ARM_GCC_541\Debug\ADC_DMA_VDAC01.a(ADC_DelSig_1.o)
                0x00000a40                ADC_DelSig_1_Enable
 .text.ADC_DelSig_1_Start
                0x00000bb4       0x30 .\ARM_GCC_541\Debug\ADC_DMA_VDAC01.a(ADC_DelSig_1.o)
                0x00000bb4                ADC_DelSig_1_Start
 .text.ADC_DelSig_1_StartConvert
                0x00000be4       0x20 .\ARM_GCC_541\Debug\ADC_DMA_VDAC01.a(ADC_DelSig_1.o)
                0x00000be4                ADC_DelSig_1_StartConvert
 .text.ADC_DelSig_1_GetResult16
                0x00000c04       0x7c .\ARM_GCC_541\Debug\ADC_DMA_VDAC01.a(ADC_DelSig_1.o)
                0x00000c04                ADC_DelSig_1_GetResult16
 .text.ADC_DelSig_1_InitConfig
                0x00000c80      0x40c .\ARM_GCC_541\Debug\ADC_DMA_VDAC01.a(ADC_DelSig_1.o)
 .text.ADC_DelSig_1_GainCompensation
                0x0000108c      0x170 .\ARM_GCC_541\Debug\ADC_DMA_VDAC01.a(ADC_DelSig_1.o)
 .text.ADC_DelSig_1_SetDSMRef0Reg
                0x000011fc       0x7c .\ARM_GCC_541\Debug\ADC_DMA_VDAC01.a(ADC_DelSig_1.o)
 .text.ADC_DelSig_1_ISR1
                0x00001278        0xc .\ARM_GCC_541\Debug\ADC_DMA_VDAC01.a(ADC_DelSig_1_INT.o)
                0x00001278                ADC_DelSig_1_ISR1
 .text.ADC_DelSig_1_ISR2
                0x00001284        0xc .\ARM_GCC_541\Debug\ADC_DMA_VDAC01.a(ADC_DelSig_1_INT.o)
                0x00001284                ADC_DelSig_1_ISR2
 .text.ADC_DelSig_1_ISR3
                0x00001290        0xc .\ARM_GCC_541\Debug\ADC_DMA_VDAC01.a(ADC_DelSig_1_INT.o)
                0x00001290                ADC_DelSig_1_ISR3
 .text.ADC_DelSig_1_ISR4
                0x0000129c        0xc .\ARM_GCC_541\Debug\ADC_DMA_VDAC01.a(ADC_DelSig_1_INT.o)
                0x0000129c                ADC_DelSig_1_ISR4
 .text.DMA_1_DmaInitialize
                0x000012a8       0x64 .\ARM_GCC_541\Debug\ADC_DMA_VDAC01.a(DMA_1_dma.o)
                0x000012a8                DMA_1_DmaInitialize
 .text.VDAC8_1_Init
                0x0000130c       0x28 .\ARM_GCC_541\Debug\ADC_DMA_VDAC01.a(VDAC8_1.o)
                0x0000130c                VDAC8_1_Init
 .text.VDAC8_1_Enable
                0x00001334       0x34 .\ARM_GCC_541\Debug\ADC_DMA_VDAC01.a(VDAC8_1.o)
                0x00001334                VDAC8_1_Enable
 .text.VDAC8_1_Start
                0x00001368       0x28 .\ARM_GCC_541\Debug\ADC_DMA_VDAC01.a(VDAC8_1.o)
                0x00001368                VDAC8_1_Start
 .text.VDAC8_1_SetSpeed
                0x00001390       0x40 .\ARM_GCC_541\Debug\ADC_DMA_VDAC01.a(VDAC8_1.o)
                0x00001390                VDAC8_1_SetSpeed
 .text.VDAC8_1_SetRange
                0x000013d0       0x40 .\ARM_GCC_541\Debug\ADC_DMA_VDAC01.a(VDAC8_1.o)
                0x000013d0                VDAC8_1_SetRange
 .text.VDAC8_1_SetValue
                0x00001410       0x20 .\ARM_GCC_541\Debug\ADC_DMA_VDAC01.a(VDAC8_1.o)
                0x00001410                VDAC8_1_SetValue
 .text.VDAC8_1_DacTrim
                0x00001430       0x3c .\ARM_GCC_541\Debug\ADC_DMA_VDAC01.a(VDAC8_1.o)
                0x00001430                VDAC8_1_DacTrim
 .text.LCD_Char_1_Init
                0x0000146c       0x70 .\ARM_GCC_541\Debug\ADC_DMA_VDAC01.a(LCD_Char_1.o)
                0x0000146c                LCD_Char_1_Init
 .text.LCD_Char_1_Enable
                0x000014dc       0x18 .\ARM_GCC_541\Debug\ADC_DMA_VDAC01.a(LCD_Char_1.o)
                0x000014dc                LCD_Char_1_Enable
 .text.LCD_Char_1_Start
                0x000014f4       0x24 .\ARM_GCC_541\Debug\ADC_DMA_VDAC01.a(LCD_Char_1.o)
                0x000014f4                LCD_Char_1_Start
 .text.LCD_Char_1_Position
                0x00001518       0x70 .\ARM_GCC_541\Debug\ADC_DMA_VDAC01.a(LCD_Char_1.o)
                0x00001518                LCD_Char_1_Position
 .text.LCD_Char_1_PrintString
                0x00001588       0x3c .\ARM_GCC_541\Debug\ADC_DMA_VDAC01.a(LCD_Char_1.o)
                0x00001588                LCD_Char_1_PrintString
 .text.LCD_Char_1_PutChar
                0x000015c4       0x1c .\ARM_GCC_541\Debug\ADC_DMA_VDAC01.a(LCD_Char_1.o)
                0x000015c4                LCD_Char_1_PutChar
 .text.LCD_Char_1_WriteData
                0x000015e0       0x34 .\ARM_GCC_541\Debug\ADC_DMA_VDAC01.a(LCD_Char_1.o)
                0x000015e0                LCD_Char_1_WriteData
 .text.LCD_Char_1_WriteControl
                0x00001614       0x34 .\ARM_GCC_541\Debug\ADC_DMA_VDAC01.a(LCD_Char_1.o)
                0x00001614                LCD_Char_1_WriteControl
 .text.LCD_Char_1_IsReady
                0x00001648      0x178 .\ARM_GCC_541\Debug\ADC_DMA_VDAC01.a(LCD_Char_1.o)
                0x00001648                LCD_Char_1_IsReady
 .text.LCD_Char_1_WrDatNib
                0x000017c0       0x78 .\ARM_GCC_541\Debug\ADC_DMA_VDAC01.a(LCD_Char_1.o)
 .text.LCD_Char_1_WrCntrlNib
                0x00001838       0x64 .\ARM_GCC_541\Debug\ADC_DMA_VDAC01.a(LCD_Char_1.o)
 .text.LCD_Char_1_PrintInt8
                0x0000189c       0x38 .\ARM_GCC_541\Debug\ADC_DMA_VDAC01.a(LCD_Char_1.o)
                0x0000189c                LCD_Char_1_PrintInt8
 .text.LCD_Char_1_PrintInt16
                0x000018d4       0x2c .\ARM_GCC_541\Debug\ADC_DMA_VDAC01.a(LCD_Char_1.o)
                0x000018d4                LCD_Char_1_PrintInt16
 .text.Status_Reg_1_Read
                0x00001900       0x18 .\ARM_GCC_541\Debug\ADC_DMA_VDAC01.a(Status_Reg_1.o)
                0x00001900                Status_Reg_1_Read
 .text.ADC_DelSig_1_AMux_Start
                0x00001918       0x34 .\ARM_GCC_541\Debug\ADC_DMA_VDAC01.a(ADC_DelSig_1_AMux.o)
                0x00001918                ADC_DelSig_1_AMux_Start
 .text.ADC_DelSig_1_AMux_Select
                0x0000194c       0x28 .\ARM_GCC_541\Debug\ADC_DMA_VDAC01.a(ADC_DelSig_1_AMux.o)
                0x0000194c                ADC_DelSig_1_AMux_Select
 .text.ADC_DelSig_1_Ext_CP_Clk_SetDividerRegister
                0x00001974      0x164 .\ARM_GCC_541\Debug\ADC_DMA_VDAC01.a(ADC_DelSig_1_Ext_CP_Clk.o)
                0x00001974                ADC_DelSig_1_Ext_CP_Clk_SetDividerRegister
 .text.ADC_DelSig_1_Ext_CP_Clk_GetDividerRegister
                0x00001ad8       0x18 .\ARM_GCC_541\Debug\ADC_DMA_VDAC01.a(ADC_DelSig_1_Ext_CP_Clk.o)
                0x00001ad8                ADC_DelSig_1_Ext_CP_Clk_GetDividerRegister
 .text.ADC_DelSig_1_Ext_CP_Clk_SetModeRegister
                0x00001af0       0x34 .\ARM_GCC_541\Debug\ADC_DMA_VDAC01.a(ADC_DelSig_1_Ext_CP_Clk.o)
                0x00001af0                ADC_DelSig_1_Ext_CP_Clk_SetModeRegister
 .text.ADC_DelSig_1_Ext_CP_Clk_GetSourceRegister
                0x00001b24       0x1c .\ARM_GCC_541\Debug\ADC_DMA_VDAC01.a(ADC_DelSig_1_Ext_CP_Clk.o)
                0x00001b24                ADC_DelSig_1_Ext_CP_Clk_GetSourceRegister
 .text.ADC_DelSig_1_theACLK_SetDividerRegister
                0x00001b40      0x164 .\ARM_GCC_541\Debug\ADC_DMA_VDAC01.a(ADC_DelSig_1_theACLK.o)
                0x00001b40                ADC_DelSig_1_theACLK_SetDividerRegister
 .text.ADC_DelSig_1_theACLK_GetDividerRegister
                0x00001ca4       0x18 .\ARM_GCC_541\Debug\ADC_DMA_VDAC01.a(ADC_DelSig_1_theACLK.o)
                0x00001ca4                ADC_DelSig_1_theACLK_GetDividerRegister
 .text.ADC_DelSig_1_theACLK_SetModeRegister
                0x00001cbc       0x34 .\ARM_GCC_541\Debug\ADC_DMA_VDAC01.a(ADC_DelSig_1_theACLK.o)
                0x00001cbc                ADC_DelSig_1_theACLK_SetModeRegister
 .text.ADC_DelSig_1_theACLK_GetSourceRegister
                0x00001cf0       0x1c .\ARM_GCC_541\Debug\ADC_DMA_VDAC01.a(ADC_DelSig_1_theACLK.o)
                0x00001cf0                ADC_DelSig_1_theACLK_GetSourceRegister
 .text.CyDmacConfigure
                0x00001d0c       0x5c .\ARM_GCC_541\Debug\ADC_DMA_VDAC01.a(CyDmac.o)
                0x00001d0c                CyDmacConfigure
 .text.CyDmaChEnable
                0x00001d68       0x8c .\ARM_GCC_541\Debug\ADC_DMA_VDAC01.a(CyDmac.o)
                0x00001d68                CyDmaChEnable
 .text.CyDmaChPriority
                0x00001df4       0x64 .\ARM_GCC_541\Debug\ADC_DMA_VDAC01.a(CyDmac.o)
                0x00001df4                CyDmaChPriority
 .text.CyDmaChSetExtendedAddress
                0x00001e58       0x78 .\ARM_GCC_541\Debug\ADC_DMA_VDAC01.a(CyDmac.o)
                0x00001e58                CyDmaChSetExtendedAddress
 .text.CyDmaChSetInitialTd
                0x00001ed0       0x3c .\ARM_GCC_541\Debug\ADC_DMA_VDAC01.a(CyDmac.o)
                0x00001ed0                CyDmaChSetInitialTd
 .text.CyDmaChSetConfiguration
                0x00001f0c       0xa0 .\ARM_GCC_541\Debug\ADC_DMA_VDAC01.a(CyDmac.o)
                0x00001f0c                CyDmaChSetConfiguration
 .text.CyDmaTdAllocate
                0x00001fac       0x5c .\ARM_GCC_541\Debug\ADC_DMA_VDAC01.a(CyDmac.o)
                0x00001fac                CyDmaTdAllocate
 .text.CyDmaTdSetConfiguration
                0x00002008       0x80 .\ARM_GCC_541\Debug\ADC_DMA_VDAC01.a(CyDmac.o)
                0x00002008                CyDmaTdSetConfiguration
 .text.CyDmaTdSetAddress
                0x00002088       0x5c .\ARM_GCC_541\Debug\ADC_DMA_VDAC01.a(CyDmac.o)
                0x00002088                CyDmaTdSetAddress
 .text.CyHalt   0x000020e4       0x18 .\ARM_GCC_541\Debug\ADC_DMA_VDAC01.a(CyLib.o)
                0x000020e4                CyHalt
 .text.CyDelay  0x000020fc       0x44 .\ARM_GCC_541\Debug\ADC_DMA_VDAC01.a(CyLib.o)
                0x000020fc                CyDelay
 .text.CyDelayUs
                0x00002140       0x28 .\ARM_GCC_541\Debug\ADC_DMA_VDAC01.a(CyLib.o)
                0x00002140                CyDelayUs
 .text.CyIntSetVector
                0x00002168       0x50 .\ARM_GCC_541\Debug\ADC_DMA_VDAC01.a(CyLib.o)
                0x00002168                CyIntSetVector
 .text.CyIntSetPriority
                0x000021b8       0x48 .\ARM_GCC_541\Debug\ADC_DMA_VDAC01.a(CyLib.o)
                0x000021b8                CyIntSetPriority
 .text          0x00002200       0x54 .\ARM_GCC_541\Debug\ADC_DMA_VDAC01.a(CyBootAsmGnu.o)
                0x00002200                CyDelayCycles
                0x0000223e                CyEnterCriticalSection
                0x00002246                CyExitCriticalSection
 .text.__errno  0x00002254        0xc c:/program files (x86)/cypress/psoc creator/4.2/psoc creator/import/gnu/arm/5.4.1/bin/../lib/gcc/arm-none-eabi/5.4.1/../../../../arm-none-eabi/lib/armv7-m\libg_nano.a(lib_a-errno.o)
                0x00002254                __errno
 .text.__libc_init_array
                0x00002260       0x4c c:/program files (x86)/cypress/psoc creator/4.2/psoc creator/import/gnu/arm/5.4.1/bin/../lib/gcc/arm-none-eabi/5.4.1/../../../../arm-none-eabi/lib/armv7-m\libg_nano.a(lib_a-init.o)
                0x00002260                __libc_init_array
 .text.memcpy   0x000022ac       0x16 c:/program files (x86)/cypress/psoc creator/4.2/psoc creator/import/gnu/arm/5.4.1/bin/../lib/gcc/arm-none-eabi/5.4.1/../../../../arm-none-eabi/lib/armv7-m\libg_nano.a(lib_a-memcpy-stub.o)
                0x000022ac                memcpy
 *(.plt)
 *(.gnu.warning)
 *(.glue_7t)
 .glue_7t       0x000022c2        0x0 linker stubs
 *(.glue_7)
 .glue_7        0x000022c2        0x0 linker stubs
 *(.vfp11_veneer)
 .vfp11_veneer  0x000022c2        0x0 linker stubs
 *(.bootloader)
 *(.ARM.extab* .gnu.linkonce.armextab.*)
 *(.gcc_except_table)

.v4_bx          0x000022c4        0x0
 .v4_bx         0x000022c4        0x0 linker stubs

.iplt           0x000022c4        0x0
 .iplt          0x000022c4        0x0 c:/program files (x86)/cypress/psoc creator/4.2/psoc creator/import/gnu/arm/5.4.1/bin/../lib/gcc/arm-none-eabi/5.4.1/armv7-m/crtbegin.o

.eh_frame_hdr
 *(.eh_frame_hdr)

.eh_frame       0x000022c4        0x4
 *(.eh_frame)
 .eh_frame      0x000022c4        0x0 c:/program files (x86)/cypress/psoc creator/4.2/psoc creator/import/gnu/arm/5.4.1/bin/../lib/gcc/arm-none-eabi/5.4.1/armv7-m/crtbegin.o
 .eh_frame      0x000022c4        0x4 c:/program files (x86)/cypress/psoc creator/4.2/psoc creator/import/gnu/arm/5.4.1/bin/../lib/gcc/arm-none-eabi/5.4.1/armv7-m/crtend.o
                [!provide]                PROVIDE (__exidx_start, .)

.ARM.exidx
 *(.ARM.exidx* .gnu.linkonce.armexidx.*)
                0x000022c8                __exidx_end = .

.rodata         0x000022c8      0x128
 *(.rodata .rodata.* .gnu.linkonce.r.*)
 .rodata        0x000022c8       0x1c .\ARM_GCC_541\Debug\main.o
 .rodata        0x000022e4       0xc4 .\ARM_GCC_541\Debug\cyfitter_cfg.o
                0x000022e4                ADC_DelSig_1_AMux__addrTable
                0x000022ec                ADC_DelSig_1_AMux__maskTable
 .rodata        0x000023a8       0x10 .\ARM_GCC_541\Debug\ADC_DMA_VDAC01.a(LCD_Char_1.o)
 .rodata.str1.1
                0x000023b8        0x2 c:/program files (x86)/cypress/psoc creator/4.2/psoc creator/import/gnu/arm/5.4.1/bin/../lib/gcc/arm-none-eabi/5.4.1/../../../../arm-none-eabi/lib/armv7-m\libg_nano.a(lib_a-impure.o)
                0x000023bc                . = ALIGN (0x4)
 *fill*         0x000023ba        0x2 
 *(.init)
 .init          0x000023bc        0x4 c:/program files (x86)/cypress/psoc creator/4.2/psoc creator/import/gnu/arm/5.4.1/bin/../lib/gcc/arm-none-eabi/5.4.1/armv7-m/crti.o
                0x000023bc                _init
 .init          0x000023c0        0x8 c:/program files (x86)/cypress/psoc creator/4.2/psoc creator/import/gnu/arm/5.4.1/bin/../lib/gcc/arm-none-eabi/5.4.1/armv7-m/crtn.o
                0x000023c8                . = ALIGN (0x4)
                0x000023c8                __preinit_array_start = .
 *(.preinit_array)
                0x000023c8                __preinit_array_end = .
                0x000023c8                . = ALIGN (0x4)
                0x000023c8                __init_array_start = .
 *(SORT(.init_array.*))
 *(.init_array)
 .init_array    0x000023c8        0x4 c:/program files (x86)/cypress/psoc creator/4.2/psoc creator/import/gnu/arm/5.4.1/bin/../lib/gcc/arm-none-eabi/5.4.1/armv7-m/crtbegin.o
 .init_array    0x000023cc        0x4 .\ARM_GCC_541\Debug\Cm3Start.o
                0x000023d0                __init_array_end = .
                0x000023d0                . = ALIGN (0x4)
 *(.fini)
 .fini          0x000023d0        0x4 c:/program files (x86)/cypress/psoc creator/4.2/psoc creator/import/gnu/arm/5.4.1/bin/../lib/gcc/arm-none-eabi/5.4.1/armv7-m/crti.o
                0x000023d0                _fini
 .fini          0x000023d4        0x8 c:/program files (x86)/cypress/psoc creator/4.2/psoc creator/import/gnu/arm/5.4.1/bin/../lib/gcc/arm-none-eabi/5.4.1/armv7-m/crtn.o
                0x000023dc                . = ALIGN (0x4)
                0x000023dc                __fini_array_start = .
 *(.fini_array)
 .fini_array    0x000023dc        0x4 c:/program files (x86)/cypress/psoc creator/4.2/psoc creator/import/gnu/arm/5.4.1/bin/../lib/gcc/arm-none-eabi/5.4.1/armv7-m/crtbegin.o
 *(SORT(.fini_array.*))
                0x000023e0                __fini_array_end = .
                0x000023e0                . = ALIGN (0x4)
 *crtbegin.o(.ctors)
 *(EXCLUDE_FILE(*crtend.o) .ctors)
 *(SORT(.ctors.*))
 *crtend.o(.ctors)
                0x000023e0                . = ALIGN (0x4)
 *crtbegin.o(.dtors)
 *(EXCLUDE_FILE(*crtend.o) .dtors)
 *(SORT(.dtors.*))
 *crtend.o(.dtors)
                0x000023e0                . = ALIGN (0x4)
                0x000023e0                __cy_regions = .
                0x000023e0        0x4 LONG 0x23f0 __cy_region_init_ram
                0x000023e4        0x4 LONG 0x1fff80c8 __cy_region_start_data
                0x000023e8        0x4 LONG 0x88 __cy_region_init_size_ram
                0x000023ec        0x4 LONG 0x48 __cy_region_zero_size_ram
                0x000023f0                __cy_regions_end = .
                0x000023f0                . = ALIGN (0x8)
                0x000023f0                _etext = .

.cy_checksum_exclude
                0x000023f0        0x0
 *(.cy_checksum_exclude)

.ramvectors     0x1fff8000       0xc0
                0x1fff8000                __cy_region_start_ram = .
 *(.ramvectors)
 .ramvectors    0x1fff8000       0xc0 .\ARM_GCC_541\Debug\Cm3Start.o
                0x1fff8000                CyRamVectors

.noinit         0x1fff80c0        0x5
 *(.noinit)
 .noinit        0x1fff80c0        0x4 .\ARM_GCC_541\Debug\Cm3Start.o
 .noinit        0x1fff80c4        0x1 .\ARM_GCC_541\Debug\ADC_DMA_VDAC01.a(CyLib.o)
                0x1fff80c4                CyResetStatus

.data           0x1fff80c8       0x88 load address 0x000023f0
                0x1fff80c8                __cy_region_start_data = .
 *(.jcr)
 .jcr           0x1fff80c8        0x0 c:/program files (x86)/cypress/psoc creator/4.2/psoc creator/import/gnu/arm/5.4.1/bin/../lib/gcc/arm-none-eabi/5.4.1/armv7-m/crtbegin.o
 .jcr           0x1fff80c8        0x4 c:/program files (x86)/cypress/psoc creator/4.2/psoc creator/import/gnu/arm/5.4.1/bin/../lib/gcc/arm-none-eabi/5.4.1/armv7-m/crtend.o
 *(.got.plt)
 *(.got)
 *(.shdata)
 *(.data .data.* .gnu.linkonce.d.*)
 .data          0x1fff80cc        0x1 .\ARM_GCC_541\Debug\ADC_DMA_VDAC01.a(ADC_DelSig_1.o)
                0x1fff80cc                ADC_DelSig_1_Config
 .data          0x1fff80cd        0x1 .\ARM_GCC_541\Debug\ADC_DMA_VDAC01.a(DMA_1_dma.o)
                0x1fff80cd                DMA_1_DmaHandle
 .data          0x1fff80ce        0x1 .\ARM_GCC_541\Debug\ADC_DMA_VDAC01.a(ADC_DelSig_1_AMux.o)
 *fill*         0x1fff80cf        0x1 
 .data          0x1fff80d0        0x8 .\ARM_GCC_541\Debug\ADC_DMA_VDAC01.a(CyDmac.o)
 .data          0x1fff80d8       0x10 .\ARM_GCC_541\Debug\ADC_DMA_VDAC01.a(CyLib.o)
                0x1fff80d8                cydelay_freq_hz
                0x1fff80dc                cydelay_freq_khz
                0x1fff80e0                cydelay_freq_mhz
                0x1fff80e4                cydelay_32k_ms
 .data.impure_data
                0x1fff80e8       0x60 c:/program files (x86)/cypress/psoc creator/4.2/psoc creator/import/gnu/arm/5.4.1/bin/../lib/gcc/arm-none-eabi/5.4.1/../../../../arm-none-eabi/lib/armv7-m\libg_nano.a(lib_a-impure.o)
 .data._impure_ptr
                0x1fff8148        0x4 c:/program files (x86)/cypress/psoc creator/4.2/psoc creator/import/gnu/arm/5.4.1/bin/../lib/gcc/arm-none-eabi/5.4.1/../../../../arm-none-eabi/lib/armv7-m\libg_nano.a(lib_a-impure.o)
                0x1fff8148                _impure_ptr
                0x1fff8150                . = ALIGN (0x8)
 *fill*         0x1fff814c        0x4 
 *(.ram)
                0x1fff8150                _edata = .

.igot.plt       0x1fff8150        0x0 load address 0x00002478
 .igot.plt      0x1fff8150        0x0 c:/program files (x86)/cypress/psoc creator/4.2/psoc creator/import/gnu/arm/5.4.1/bin/../lib/gcc/arm-none-eabi/5.4.1/armv7-m/crtbegin.o

.bss            0x1fff8150       0x48 load address 0x00002478
                0x1fff8150                PROVIDE (__bss_start__, .)
 *(.shbss)
 *(.bss .bss.* .gnu.linkonce.b.*)
 .bss           0x1fff8150       0x1c c:/program files (x86)/cypress/psoc creator/4.2/psoc creator/import/gnu/arm/5.4.1/bin/../lib/gcc/arm-none-eabi/5.4.1/armv7-m/crtbegin.o
 *fill*         0x1fff816c        0x4 
 .bss           0x1fff8170        0x4 .\ARM_GCC_541\Debug\cyfitter_cfg.o
 .bss           0x1fff8174       0x14 .\ARM_GCC_541\Debug\ADC_DMA_VDAC01.a(ADC_DelSig_1.o)
                0x1fff8174                ADC_DelSig_1_convDone
                0x1fff8175                ADC_DelSig_1_stopConversion
                0x1fff8176                ADC_DelSig_1_initVar
                0x1fff8177                ADC_DelSig_1_started
 .bss           0x1fff8188        0x1 .\ARM_GCC_541\Debug\ADC_DMA_VDAC01.a(VDAC8_1.o)
                0x1fff8188                VDAC8_1_initVar
 .bss           0x1fff8189        0x2 .\ARM_GCC_541\Debug\ADC_DMA_VDAC01.a(LCD_Char_1.o)
                0x1fff8189                LCD_Char_1_enableState
                0x1fff818a                LCD_Char_1_initVar
 *(COMMON)
 *fill*         0x1fff818b        0x1 
 COMMON         0x1fff818c        0x8 .\ARM_GCC_541\Debug\ADC_DMA_VDAC01.a(ADC_DelSig_1.o)
                0x1fff818c                ADC_DelSig_1_CountsPerVolt
                0x1fff8190                ADC_DelSig_1_Offset
                0x1fff8198                . = ALIGN (0x8)
 *fill*         0x1fff8194        0x4 
 *(.ram.b)
                0x1fff8198                _end = .
                0x1fff8198                __end = .
                0x1fff8198                PROVIDE (end, .)
                0x1fff8198                PROVIDE (__bss_end__, .)
                0x000023f0                __cy_region_init_ram = LOADADDR (.data)
                0x00000088                __cy_region_init_size_ram = (_edata - ADDR (.data))
                0x00000048                __cy_region_zero_size_ram = (_end - _edata)

.heap           0x1fff8198       0x80 load address 0x00002478
                0x1fff8198                . = _end
                0x1fff8218                . = (. + 0x80)
 *fill*         0x1fff8198       0x80 
                0x1fff8218                __cy_heap_limit = .

.stack          0x20007800      0x800
                0x20007800                __cy_stack_limit = .
                0x20008000                . = (. + 0x800)
 *fill*         0x20007800      0x800 
                0x00000001                ASSERT ((__cy_stack_limit >= __cy_heap_limit), region RAM overflowed with stack)
                0x00000000                cy_checksum_exclude_size = (CY_APPL_LOADABLE == 0x1)?SIZEOF (.cy_checksum_exclude):0x0
                0x00000001                ASSERT ((cy_checksum_exclude_size <= CY_CHECKSUM_EXCLUDE_SIZE), CY_BOOT: Section .cy_checksum_exclude size exceedes specified limit.)

.cyloadermeta
 *(.cyloadermeta)

.cyloadablemeta
 *(.cyloadablemeta)

.cyconfigecc    0x80000000      0xab0
 *(.cyconfigecc)
 .cyconfigecc   0x80000000      0xab0 .\ARM_GCC_541\Debug\cymetadata.o
                0x80000000                cy_meta_configecc

.cycustnvl      0x90000000        0x4
 *(.cycustnvl)
 .cycustnvl     0x90000000        0x4 .\ARM_GCC_541\Debug\cymetadata.o
                0x90000000                cy_meta_custnvl

.cywolatch      0x90100000        0x4
 *(.cywolatch)
 .cywolatch     0x90100000        0x4 .\ARM_GCC_541\Debug\cymetadata.o
                0x90100000                cy_meta_wonvl

.cyeeprom       0x90200000        0x0
 *(.cyeeprom)
                0x00000001                ASSERT ((. <= ((0x90200000 + ee_offset) + ee_size)), .cyeeprom data will not fit in EEPROM)

.cyflashprotect
                0x90400000      0x100
 *(.cyflashprotect)
 .cyflashprotect
                0x90400000      0x100 .\ARM_GCC_541\Debug\cymetadata.o
                0x90400000                cy_meta_flashprotect

.cymeta         0x90500000        0xc
 *(.cymeta)
 .cymeta        0x90500000        0xc .\ARM_GCC_541\Debug\cymetadata.o
                0x90500000                cy_metadata

.rel.dyn        0x00002478        0x0 load address 0x9050000c
 .rel.iplt      0x00002478        0x0 c:/program files (x86)/cypress/psoc creator/4.2/psoc creator/import/gnu/arm/5.4.1/bin/../lib/gcc/arm-none-eabi/5.4.1/armv7-m/crtbegin.o

.stab
 *(.stab)

.stabstr
 *(.stabstr)

.debug
 *(.debug)

.line
 *(.line)

.debug_srcinfo
 *(.debug_srcinfo)

.debug_sfnames
 *(.debug_sfnames)

.debug_aranges  0x00000000      0x9b8
 *(.debug_aranges)
 .debug_aranges
                0x00000000       0x28 .\ARM_GCC_541\Debug\main.o
 .debug_aranges
                0x00000028       0x70 .\ARM_GCC_541\Debug\cyfitter_cfg.o
 .debug_aranges
                0x00000098       0x18 .\ARM_GCC_541\Debug\cymetadata.o
 .debug_aranges
                0x000000b0       0x48 .\ARM_GCC_541\Debug\Cm3Start.o
 .debug_aranges
                0x000000f8       0xe8 .\ARM_GCC_541\Debug\ADC_DMA_VDAC01.a(ADC_DelSig_1.o)
 .debug_aranges
                0x000001e0       0x38 .\ARM_GCC_541\Debug\ADC_DMA_VDAC01.a(ADC_DelSig_1_INT.o)
 .debug_aranges
                0x00000218       0x28 .\ARM_GCC_541\Debug\ADC_DMA_VDAC01.a(DMA_1_dma.o)
 .debug_aranges
                0x00000240       0x58 .\ARM_GCC_541\Debug\ADC_DMA_VDAC01.a(VDAC8_1.o)
 .debug_aranges
                0x00000298       0x98 .\ARM_GCC_541\Debug\ADC_DMA_VDAC01.a(LCD_Char_1.o)
 .debug_aranges
                0x00000330       0x40 .\ARM_GCC_541\Debug\ADC_DMA_VDAC01.a(Status_Reg_1.o)
 .debug_aranges
                0x00000370       0x30 .\ARM_GCC_541\Debug\ADC_DMA_VDAC01.a(ADC_DelSig_1_AMux.o)
 .debug_aranges
                0x000003a0       0x70 .\ARM_GCC_541\Debug\ADC_DMA_VDAC01.a(ADC_DelSig_1_Ext_CP_Clk.o)
 .debug_aranges
                0x00000410       0x80 .\ARM_GCC_541\Debug\ADC_DMA_VDAC01.a(ADC_DelSig_1_theACLK.o)
 .debug_aranges
                0x00000490       0xd8 .\ARM_GCC_541\Debug\ADC_DMA_VDAC01.a(CyDmac.o)
 .debug_aranges
                0x00000568      0x2a0 .\ARM_GCC_541\Debug\ADC_DMA_VDAC01.a(CyLib.o)
 .debug_aranges
                0x00000808       0x98 .\ARM_GCC_541\Debug\ADC_DMA_VDAC01.a(cyPm.o)
 .debug_aranges
                0x000008a0       0x20 .\ARM_GCC_541\Debug\ADC_DMA_VDAC01.a(CyBootAsmGnu.o)
 .debug_aranges
                0x000008c0       0x80 .\ARM_GCC_541\Debug\ADC_DMA_VDAC01.a(CyFlash.o)
 .debug_aranges
                0x00000940       0x78 .\ARM_GCC_541\Debug\ADC_DMA_VDAC01.a(CySpc.o)

.debug_pubnames
 *(.debug_pubnames)

.debug_info     0x00000000     0x44e6
 *(.debug_info .gnu.linkonce.wi.*)
 .debug_info    0x00000000      0x142 .\ARM_GCC_541\Debug\main.o
 .debug_info    0x00000142      0x45c .\ARM_GCC_541\Debug\cyfitter_cfg.o
 .debug_info    0x0000059e      0x139 .\ARM_GCC_541\Debug\cymetadata.o
 .debug_info    0x000006d7      0x32b .\ARM_GCC_541\Debug\Cm3Start.o
 .debug_info    0x00000a02      0x72c .\ARM_GCC_541\Debug\ADC_DMA_VDAC01.a(ADC_DelSig_1.o)
 .debug_info    0x0000112e       0xd3 .\ARM_GCC_541\Debug\ADC_DMA_VDAC01.a(ADC_DelSig_1_INT.o)
 .debug_info    0x00001201      0x11b .\ARM_GCC_541\Debug\ADC_DMA_VDAC01.a(DMA_1_dma.o)
 .debug_info    0x0000131c      0x185 .\ARM_GCC_541\Debug\ADC_DMA_VDAC01.a(VDAC8_1.o)
 .debug_info    0x000014a1      0x3cf .\ARM_GCC_541\Debug\ADC_DMA_VDAC01.a(LCD_Char_1.o)
 .debug_info    0x00001870      0x142 .\ARM_GCC_541\Debug\ADC_DMA_VDAC01.a(Status_Reg_1.o)
 .debug_info    0x000019b2      0x10a .\ARM_GCC_541\Debug\ADC_DMA_VDAC01.a(ADC_DelSig_1_AMux.o)
 .debug_info    0x00001abc      0x25d .\ARM_GCC_541\Debug\ADC_DMA_VDAC01.a(ADC_DelSig_1_Ext_CP_Clk.o)
 .debug_info    0x00001d19      0x299 .\ARM_GCC_541\Debug\ADC_DMA_VDAC01.a(ADC_DelSig_1_theACLK.o)
 .debug_info    0x00001fb2      0x8c0 .\ARM_GCC_541\Debug\ADC_DMA_VDAC01.a(CyDmac.o)
 .debug_info    0x00002872      0xe51 .\ARM_GCC_541\Debug\ADC_DMA_VDAC01.a(CyLib.o)
 .debug_info    0x000036c3      0x57a .\ARM_GCC_541\Debug\ADC_DMA_VDAC01.a(cyPm.o)
 .debug_info    0x00003c3d       0xde .\ARM_GCC_541\Debug\ADC_DMA_VDAC01.a(CyBootAsmGnu.o)
 .debug_info    0x00003d1b      0x371 .\ARM_GCC_541\Debug\ADC_DMA_VDAC01.a(CyFlash.o)
 .debug_info    0x0000408c      0x45a .\ARM_GCC_541\Debug\ADC_DMA_VDAC01.a(CySpc.o)

.debug_abbrev   0x00000000     0x1420
 *(.debug_abbrev)
 .debug_abbrev  0x00000000       0xaf .\ARM_GCC_541\Debug\main.o
 .debug_abbrev  0x000000af      0x194 .\ARM_GCC_541\Debug\cyfitter_cfg.o
 .debug_abbrev  0x00000243       0x77 .\ARM_GCC_541\Debug\cymetadata.o
 .debug_abbrev  0x000002ba      0x1d6 .\ARM_GCC_541\Debug\Cm3Start.o
 .debug_abbrev  0x00000490      0x19d .\ARM_GCC_541\Debug\ADC_DMA_VDAC01.a(ADC_DelSig_1.o)
 .debug_abbrev  0x0000062d       0x42 .\ARM_GCC_541\Debug\ADC_DMA_VDAC01.a(ADC_DelSig_1_INT.o)
 .debug_abbrev  0x0000066f       0x8b .\ARM_GCC_541\Debug\ADC_DMA_VDAC01.a(DMA_1_dma.o)
 .debug_abbrev  0x000006fa       0xeb .\ARM_GCC_541\Debug\ADC_DMA_VDAC01.a(VDAC8_1.o)
 .debug_abbrev  0x000007e5      0x120 .\ARM_GCC_541\Debug\ADC_DMA_VDAC01.a(LCD_Char_1.o)
 .debug_abbrev  0x00000905       0xaa .\ARM_GCC_541\Debug\ADC_DMA_VDAC01.a(Status_Reg_1.o)
 .debug_abbrev  0x000009af       0x6f .\ARM_GCC_541\Debug\ADC_DMA_VDAC01.a(ADC_DelSig_1_AMux.o)
 .debug_abbrev  0x00000a1e      0x11d .\ARM_GCC_541\Debug\ADC_DMA_VDAC01.a(ADC_DelSig_1_Ext_CP_Clk.o)
 .debug_abbrev  0x00000b3b      0x11d .\ARM_GCC_541\Debug\ADC_DMA_VDAC01.a(ADC_DelSig_1_theACLK.o)
 .debug_abbrev  0x00000c58      0x194 .\ARM_GCC_541\Debug\ADC_DMA_VDAC01.a(CyDmac.o)
 .debug_abbrev  0x00000dec      0x217 .\ARM_GCC_541\Debug\ADC_DMA_VDAC01.a(CyLib.o)
 .debug_abbrev  0x00001003      0x161 .\ARM_GCC_541\Debug\ADC_DMA_VDAC01.a(cyPm.o)
 .debug_abbrev  0x00001164       0x14 .\ARM_GCC_541\Debug\ADC_DMA_VDAC01.a(CyBootAsmGnu.o)
 .debug_abbrev  0x00001178      0x13c .\ARM_GCC_541\Debug\ADC_DMA_VDAC01.a(CyFlash.o)
 .debug_abbrev  0x000012b4      0x16c .\ARM_GCC_541\Debug\ADC_DMA_VDAC01.a(CySpc.o)

.debug_line     0x00000000     0x26e6
 *(.debug_line)
 .debug_line    0x00000000      0x18c .\ARM_GCC_541\Debug\main.o
 .debug_line    0x0000018c      0x241 .\ARM_GCC_541\Debug\cyfitter_cfg.o
 .debug_line    0x000003cd      0x141 .\ARM_GCC_541\Debug\cymetadata.o
 .debug_line    0x0000050e      0x1db .\ARM_GCC_541\Debug\Cm3Start.o
 .debug_line    0x000006e9      0x3da .\ARM_GCC_541\Debug\ADC_DMA_VDAC01.a(ADC_DelSig_1.o)
 .debug_line    0x00000ac3       0x95 .\ARM_GCC_541\Debug\ADC_DMA_VDAC01.a(ADC_DelSig_1_INT.o)
 .debug_line    0x00000b58       0x78 .\ARM_GCC_541\Debug\ADC_DMA_VDAC01.a(DMA_1_dma.o)
 .debug_line    0x00000bd0       0xf0 .\ARM_GCC_541\Debug\ADC_DMA_VDAC01.a(VDAC8_1.o)
 .debug_line    0x00000cc0      0x1e8 .\ARM_GCC_541\Debug\ADC_DMA_VDAC01.a(LCD_Char_1.o)
 .debug_line    0x00000ea8       0xb0 .\ARM_GCC_541\Debug\ADC_DMA_VDAC01.a(Status_Reg_1.o)
 .debug_line    0x00000f58       0xa6 .\ARM_GCC_541\Debug\ADC_DMA_VDAC01.a(ADC_DelSig_1_AMux.o)
 .debug_line    0x00000ffe      0x1b6 .\ARM_GCC_541\Debug\ADC_DMA_VDAC01.a(ADC_DelSig_1_Ext_CP_Clk.o)
 .debug_line    0x000011b4      0x1d7 .\ARM_GCC_541\Debug\ADC_DMA_VDAC01.a(ADC_DelSig_1_theACLK.o)
 .debug_line    0x0000138b      0x2b6 .\ARM_GCC_541\Debug\ADC_DMA_VDAC01.a(CyDmac.o)
 .debug_line    0x00001641      0x883 .\ARM_GCC_541\Debug\ADC_DMA_VDAC01.a(CyLib.o)
 .debug_line    0x00001ec4      0x38e .\ARM_GCC_541\Debug\ADC_DMA_VDAC01.a(cyPm.o)
 .debug_line    0x00002252       0x7d .\ARM_GCC_541\Debug\ADC_DMA_VDAC01.a(CyBootAsmGnu.o)
 .debug_line    0x000022cf      0x205 .\ARM_GCC_541\Debug\ADC_DMA_VDAC01.a(CyFlash.o)
 .debug_line    0x000024d4      0x212 .\ARM_GCC_541\Debug\ADC_DMA_VDAC01.a(CySpc.o)

.debug_frame    0x00000000     0x2750
 *(.debug_frame)
 .debug_frame   0x00000000       0x54 .\ARM_GCC_541\Debug\main.o
 .debug_frame   0x00000054      0x1b0 .\ARM_GCC_541\Debug\cyfitter_cfg.o
 .debug_frame   0x00000204       0xd8 .\ARM_GCC_541\Debug\Cm3Start.o
 .debug_frame   0x000002dc      0x40c .\ARM_GCC_541\Debug\ADC_DMA_VDAC01.a(ADC_DelSig_1.o)
 .debug_frame   0x000006e8       0xa0 .\ARM_GCC_541\Debug\ADC_DMA_VDAC01.a(ADC_DelSig_1_INT.o)
 .debug_frame   0x00000788       0x58 .\ARM_GCC_541\Debug\ADC_DMA_VDAC01.a(DMA_1_dma.o)
 .debug_frame   0x000007e0      0x130 .\ARM_GCC_541\Debug\ADC_DMA_VDAC01.a(VDAC8_1.o)
 .debug_frame   0x00000910      0x260 .\ARM_GCC_541\Debug\ADC_DMA_VDAC01.a(LCD_Char_1.o)
 .debug_frame   0x00000b70       0xd0 .\ARM_GCC_541\Debug\ADC_DMA_VDAC01.a(Status_Reg_1.o)
 .debug_frame   0x00000c40       0x88 .\ARM_GCC_541\Debug\ADC_DMA_VDAC01.a(ADC_DelSig_1_AMux.o)
 .debug_frame   0x00000cc8      0x1b4 .\ARM_GCC_541\Debug\ADC_DMA_VDAC01.a(ADC_DelSig_1_Ext_CP_Clk.o)
 .debug_frame   0x00000e7c      0x200 .\ARM_GCC_541\Debug\ADC_DMA_VDAC01.a(ADC_DelSig_1_theACLK.o)
 .debug_frame   0x0000107c      0x3d0 .\ARM_GCC_541\Debug\ADC_DMA_VDAC01.a(CyDmac.o)
 .debug_frame   0x0000144c      0xc0c .\ARM_GCC_541\Debug\ADC_DMA_VDAC01.a(CyLib.o)
 .debug_frame   0x00002058      0x234 .\ARM_GCC_541\Debug\ADC_DMA_VDAC01.a(cyPm.o)
 .debug_frame   0x0000228c      0x210 .\ARM_GCC_541\Debug\ADC_DMA_VDAC01.a(CyFlash.o)
 .debug_frame   0x0000249c      0x1f8 .\ARM_GCC_541\Debug\ADC_DMA_VDAC01.a(CySpc.o)
 .debug_frame   0x00002694       0x20 c:/program files (x86)/cypress/psoc creator/4.2/psoc creator/import/gnu/arm/5.4.1/bin/../lib/gcc/arm-none-eabi/5.4.1/../../../../arm-none-eabi/lib/armv7-m\libg_nano.a(lib_a-errno.o)
 .debug_frame   0x000026b4       0x28 c:/program files (x86)/cypress/psoc creator/4.2/psoc creator/import/gnu/arm/5.4.1/bin/../lib/gcc/arm-none-eabi/5.4.1/../../../../arm-none-eabi/lib/armv7-m\libg_nano.a(lib_a-exit.o)
 .debug_frame   0x000026dc       0x2c c:/program files (x86)/cypress/psoc creator/4.2/psoc creator/import/gnu/arm/5.4.1/bin/../lib/gcc/arm-none-eabi/5.4.1/../../../../arm-none-eabi/lib/armv7-m\libg_nano.a(lib_a-init.o)
 .debug_frame   0x00002708       0x28 c:/program files (x86)/cypress/psoc creator/4.2/psoc creator/import/gnu/arm/5.4.1/bin/../lib/gcc/arm-none-eabi/5.4.1/../../../../arm-none-eabi/lib/armv7-m\libg_nano.a(lib_a-memcpy-stub.o)
 .debug_frame   0x00002730       0x20 c:/program files (x86)/cypress/psoc creator/4.2/psoc creator/import/gnu/arm/5.4.1/bin/../lib/gcc/arm-none-eabi/5.4.1/../../../../arm-none-eabi/lib/armv7-m\libg_nano.a(lib_a-memset.o)

.debug_str      0x00000000     0x23e7
 *(.debug_str)
 .debug_str     0x00000000      0x1e4 .\ARM_GCC_541\Debug\main.o
                                0x22c (size before relaxing)
 .debug_str     0x000001e4      0x1e7 .\ARM_GCC_541\Debug\cyfitter_cfg.o
                                0x3ce (size before relaxing)
 .debug_str     0x000003cb       0x7f .\ARM_GCC_541\Debug\cymetadata.o
                                0x232 (size before relaxing)
 .debug_str     0x0000044a      0x124 .\ARM_GCC_541\Debug\Cm3Start.o
                                0x325 (size before relaxing)
 .debug_str     0x0000056e      0x44b .\ARM_GCC_541\Debug\ADC_DMA_VDAC01.a(ADC_DelSig_1.o)
                                0x671 (size before relaxing)
 .debug_str     0x000009b9       0x72 .\ARM_GCC_541\Debug\ADC_DMA_VDAC01.a(ADC_DelSig_1_INT.o)
                                0x23b (size before relaxing)
 .debug_str     0x00000a2b       0x93 .\ARM_GCC_541\Debug\ADC_DMA_VDAC01.a(DMA_1_dma.o)
                                0x269 (size before relaxing)
 .debug_str     0x00000abe       0xbc .\ARM_GCC_541\Debug\ADC_DMA_VDAC01.a(VDAC8_1.o)
                                0x281 (size before relaxing)
 .debug_str     0x00000b7a      0x203 .\ARM_GCC_541\Debug\ADC_DMA_VDAC01.a(LCD_Char_1.o)
                                0x3f3 (size before relaxing)
 .debug_str     0x00000d7d       0xb4 .\ARM_GCC_541\Debug\ADC_DMA_VDAC01.a(Status_Reg_1.o)
                                0x288 (size before relaxing)
 .debug_str     0x00000e31       0x9c .\ARM_GCC_541\Debug\ADC_DMA_VDAC01.a(ADC_DelSig_1_AMux.o)
                                0x25e (size before relaxing)
 .debug_str     0x00000ecd      0x220 .\ARM_GCC_541\Debug\ADC_DMA_VDAC01.a(ADC_DelSig_1_Ext_CP_Clk.o)
                                0x3fc (size before relaxing)
 .debug_str     0x000010ed      0x208 .\ARM_GCC_541\Debug\ADC_DMA_VDAC01.a(ADC_DelSig_1_theACLK.o)
                                0x42d (size before relaxing)
 .debug_str     0x000012f5      0x358 .\ARM_GCC_541\Debug\ADC_DMA_VDAC01.a(CyDmac.o)
                                0x56b (size before relaxing)
 .debug_str     0x0000164d      0x7c5 .\ARM_GCC_541\Debug\ADC_DMA_VDAC01.a(CyLib.o)
                                0xa38 (size before relaxing)
 .debug_str     0x00001e12      0x371 .\ARM_GCC_541\Debug\ADC_DMA_VDAC01.a(cyPm.o)
                                0x591 (size before relaxing)
 .debug_str     0x00002183      0x145 .\ARM_GCC_541\Debug\ADC_DMA_VDAC01.a(CyFlash.o)
                                0x344 (size before relaxing)
 .debug_str     0x000022c8      0x11f .\ARM_GCC_541\Debug\ADC_DMA_VDAC01.a(CySpc.o)
                                0x341 (size before relaxing)

.debug_loc
 *(.debug_loc)

.debug_macinfo
 *(.debug_macinfo)

.debug_ranges   0x00000000      0x870
 *(.debug_ranges)
 .debug_ranges  0x00000000       0x18 .\ARM_GCC_541\Debug\main.o
 .debug_ranges  0x00000018       0x60 .\ARM_GCC_541\Debug\cyfitter_cfg.o
 .debug_ranges  0x00000078       0x38 .\ARM_GCC_541\Debug\Cm3Start.o
 .debug_ranges  0x000000b0       0xd8 .\ARM_GCC_541\Debug\ADC_DMA_VDAC01.a(ADC_DelSig_1.o)
 .debug_ranges  0x00000188       0x28 .\ARM_GCC_541\Debug\ADC_DMA_VDAC01.a(ADC_DelSig_1_INT.o)
 .debug_ranges  0x000001b0       0x18 .\ARM_GCC_541\Debug\ADC_DMA_VDAC01.a(DMA_1_dma.o)
 .debug_ranges  0x000001c8       0x48 .\ARM_GCC_541\Debug\ADC_DMA_VDAC01.a(VDAC8_1.o)
 .debug_ranges  0x00000210       0x88 .\ARM_GCC_541\Debug\ADC_DMA_VDAC01.a(LCD_Char_1.o)
 .debug_ranges  0x00000298       0x30 .\ARM_GCC_541\Debug\ADC_DMA_VDAC01.a(Status_Reg_1.o)
 .debug_ranges  0x000002c8       0x20 .\ARM_GCC_541\Debug\ADC_DMA_VDAC01.a(ADC_DelSig_1_AMux.o)
 .debug_ranges  0x000002e8       0x60 .\ARM_GCC_541\Debug\ADC_DMA_VDAC01.a(ADC_DelSig_1_Ext_CP_Clk.o)
 .debug_ranges  0x00000348       0x70 .\ARM_GCC_541\Debug\ADC_DMA_VDAC01.a(ADC_DelSig_1_theACLK.o)
 .debug_ranges  0x000003b8       0xc8 .\ARM_GCC_541\Debug\ADC_DMA_VDAC01.a(CyDmac.o)
 .debug_ranges  0x00000480      0x290 .\ARM_GCC_541\Debug\ADC_DMA_VDAC01.a(CyLib.o)
 .debug_ranges  0x00000710       0x88 .\ARM_GCC_541\Debug\ADC_DMA_VDAC01.a(cyPm.o)
 .debug_ranges  0x00000798       0x70 .\ARM_GCC_541\Debug\ADC_DMA_VDAC01.a(CyFlash.o)
 .debug_ranges  0x00000808       0x68 .\ARM_GCC_541\Debug\ADC_DMA_VDAC01.a(CySpc.o)

.comment        0x00000000       0x6e
 .comment       0x00000000       0x6e .\ARM_GCC_541\Debug\main.o
                                 0x6f (size before relaxing)
 .comment       0x0000006e       0x6f .\ARM_GCC_541\Debug\cyfitter_cfg.o
 .comment       0x0000006e       0x6f .\ARM_GCC_541\Debug\cymetadata.o
 .comment       0x0000006e       0x6f .\ARM_GCC_541\Debug\Cm3Start.o
 .comment       0x0000006e       0x6f .\ARM_GCC_541\Debug\ADC_DMA_VDAC01.a(ADC_DelSig_1.o)
 .comment       0x0000006e       0x6f .\ARM_GCC_541\Debug\ADC_DMA_VDAC01.a(ADC_DelSig_1_INT.o)
 .comment       0x0000006e       0x6f .\ARM_GCC_541\Debug\ADC_DMA_VDAC01.a(DMA_1_dma.o)
 .comment       0x0000006e       0x6f .\ARM_GCC_541\Debug\ADC_DMA_VDAC01.a(VDAC8_1.o)
 .comment       0x0000006e       0x6f .\ARM_GCC_541\Debug\ADC_DMA_VDAC01.a(LCD_Char_1.o)
 .comment       0x0000006e       0x6f .\ARM_GCC_541\Debug\ADC_DMA_VDAC01.a(Status_Reg_1.o)
 .comment       0x0000006e       0x6f .\ARM_GCC_541\Debug\ADC_DMA_VDAC01.a(ADC_DelSig_1_AMux.o)
 .comment       0x0000006e       0x6f .\ARM_GCC_541\Debug\ADC_DMA_VDAC01.a(ADC_DelSig_1_Ext_CP_Clk.o)
 .comment       0x0000006e       0x6f .\ARM_GCC_541\Debug\ADC_DMA_VDAC01.a(ADC_DelSig_1_theACLK.o)
 .comment       0x0000006e       0x6f .\ARM_GCC_541\Debug\ADC_DMA_VDAC01.a(CyDmac.o)
 .comment       0x0000006e       0x6f .\ARM_GCC_541\Debug\ADC_DMA_VDAC01.a(CyLib.o)
 .comment       0x0000006e       0x6f .\ARM_GCC_541\Debug\ADC_DMA_VDAC01.a(cyPm.o)
 .comment       0x0000006e       0x6f .\ARM_GCC_541\Debug\ADC_DMA_VDAC01.a(CyFlash.o)
 .comment       0x0000006e       0x6f .\ARM_GCC_541\Debug\ADC_DMA_VDAC01.a(CySpc.o)

.debug_weaknames
 *(.debug_weaknames)

.debug_funcnames
 *(.debug_funcnames)

.debug_typenames
 *(.debug_typenames)

.debug_varnames
 *(.debug_varnames)

.note.gnu.arm.ident
 *(.note.gnu.arm.ident)

.ARM.attributes
                0x00000000       0x29
 *(.ARM.attributes)
 .ARM.attributes
                0x00000000       0x1d c:/program files (x86)/cypress/psoc creator/4.2/psoc creator/import/gnu/arm/5.4.1/bin/../lib/gcc/arm-none-eabi/5.4.1/armv7-m/crti.o
 .ARM.attributes
                0x0000001d       0x2d c:/program files (x86)/cypress/psoc creator/4.2/psoc creator/import/gnu/arm/5.4.1/bin/../lib/gcc/arm-none-eabi/5.4.1/armv7-m/crtbegin.o
 .ARM.attributes
                0x0000004a       0x1b c:/program files (x86)/cypress/psoc creator/4.2/psoc creator/import/gnu/arm/5.4.1/bin/../lib/gcc/arm-none-eabi/5.4.1/../../../../arm-none-eabi/lib/armv7-m/crt0.o
 .ARM.attributes
                0x00000065       0x33 .\ARM_GCC_541\Debug\main.o
 .ARM.attributes
                0x00000098       0x33 .\ARM_GCC_541\Debug\cyfitter_cfg.o
 .ARM.attributes
                0x000000cb       0x33 .\ARM_GCC_541\Debug\cymetadata.o
 .ARM.attributes
                0x000000fe       0x33 .\ARM_GCC_541\Debug\Cm3Start.o
 .ARM.attributes
                0x00000131       0x33 .\ARM_GCC_541\Debug\ADC_DMA_VDAC01.a(ADC_DelSig_1.o)
 .ARM.attributes
                0x00000164       0x33 .\ARM_GCC_541\Debug\ADC_DMA_VDAC01.a(ADC_DelSig_1_INT.o)
 .ARM.attributes
                0x00000197       0x33 .\ARM_GCC_541\Debug\ADC_DMA_VDAC01.a(DMA_1_dma.o)
 .ARM.attributes
                0x000001ca       0x33 .\ARM_GCC_541\Debug\ADC_DMA_VDAC01.a(VDAC8_1.o)
 .ARM.attributes
                0x000001fd       0x33 .\ARM_GCC_541\Debug\ADC_DMA_VDAC01.a(LCD_Char_1.o)
 .ARM.attributes
                0x00000230       0x33 .\ARM_GCC_541\Debug\ADC_DMA_VDAC01.a(Status_Reg_1.o)
 .ARM.attributes
                0x00000263       0x33 .\ARM_GCC_541\Debug\ADC_DMA_VDAC01.a(ADC_DelSig_1_AMux.o)
 .ARM.attributes
                0x00000296       0x33 .\ARM_GCC_541\Debug\ADC_DMA_VDAC01.a(ADC_DelSig_1_Ext_CP_Clk.o)
 .ARM.attributes
                0x000002c9       0x33 .\ARM_GCC_541\Debug\ADC_DMA_VDAC01.a(ADC_DelSig_1_theACLK.o)
 .ARM.attributes
                0x000002fc       0x33 .\ARM_GCC_541\Debug\ADC_DMA_VDAC01.a(CyDmac.o)
 .ARM.attributes
                0x0000032f       0x33 .\ARM_GCC_541\Debug\ADC_DMA_VDAC01.a(CyLib.o)
 .ARM.attributes
                0x00000362       0x33 .\ARM_GCC_541\Debug\ADC_DMA_VDAC01.a(cyPm.o)
 .ARM.attributes
                0x00000395       0x21 .\ARM_GCC_541\Debug\ADC_DMA_VDAC01.a(CyBootAsmGnu.o)
 .ARM.attributes
                0x000003b6       0x33 .\ARM_GCC_541\Debug\ADC_DMA_VDAC01.a(CyFlash.o)
 .ARM.attributes
                0x000003e9       0x33 .\ARM_GCC_541\Debug\ADC_DMA_VDAC01.a(CySpc.o)
 .ARM.attributes
                0x0000041c       0x1d c:/program files (x86)/cypress/psoc creator/4.2/psoc creator/import/gnu/arm/5.4.1/bin/../lib/gcc/arm-none-eabi/5.4.1/armv7-m\libgcc.a(_arm_addsubdf3.o)
 .ARM.attributes
                0x00000439       0x1d c:/program files (x86)/cypress/psoc creator/4.2/psoc creator/import/gnu/arm/5.4.1/bin/../lib/gcc/arm-none-eabi/5.4.1/armv7-m\libgcc.a(_arm_cmpdf2.o)
 .ARM.attributes
                0x00000456       0x1d c:/program files (x86)/cypress/psoc creator/4.2/psoc creator/import/gnu/arm/5.4.1/bin/../lib/gcc/arm-none-eabi/5.4.1/armv7-m\libgcc.a(_arm_addsubsf3.o)
 .ARM.attributes
                0x00000473       0x1d c:/program files (x86)/cypress/psoc creator/4.2/psoc creator/import/gnu/arm/5.4.1/bin/../lib/gcc/arm-none-eabi/5.4.1/armv7-m\libgcc.a(_arm_muldivsf3.o)
 .ARM.attributes
                0x00000490       0x1d c:/program files (x86)/cypress/psoc creator/4.2/psoc creator/import/gnu/arm/5.4.1/bin/../lib/gcc/arm-none-eabi/5.4.1/armv7-m\libgcc.a(_arm_fixunssfsi.o)
 .ARM.attributes
                0x000004ad       0x2d c:/program files (x86)/cypress/psoc creator/4.2/psoc creator/import/gnu/arm/5.4.1/bin/../lib/gcc/arm-none-eabi/5.4.1/../../../../arm-none-eabi/lib/armv7-m\libg_nano.a(lib_a-errno.o)
 .ARM.attributes
                0x000004da       0x2d c:/program files (x86)/cypress/psoc creator/4.2/psoc creator/import/gnu/arm/5.4.1/bin/../lib/gcc/arm-none-eabi/5.4.1/../../../../arm-none-eabi/lib/armv7-m\libg_nano.a(lib_a-exit.o)
 .ARM.attributes
                0x00000507       0x2d c:/program files (x86)/cypress/psoc creator/4.2/psoc creator/import/gnu/arm/5.4.1/bin/../lib/gcc/arm-none-eabi/5.4.1/../../../../arm-none-eabi/lib/armv7-m\libg_nano.a(lib_a-impure.o)
 .ARM.attributes
                0x00000534       0x2d c:/program files (x86)/cypress/psoc creator/4.2/psoc creator/import/gnu/arm/5.4.1/bin/../lib/gcc/arm-none-eabi/5.4.1/../../../../arm-none-eabi/lib/armv7-m\libg_nano.a(lib_a-init.o)
 .ARM.attributes
                0x00000561       0x2d c:/program files (x86)/cypress/psoc creator/4.2/psoc creator/import/gnu/arm/5.4.1/bin/../lib/gcc/arm-none-eabi/5.4.1/../../../../arm-none-eabi/lib/armv7-m\libg_nano.a(lib_a-memcpy-stub.o)
 .ARM.attributes
                0x0000058e       0x2d c:/program files (x86)/cypress/psoc creator/4.2/psoc creator/import/gnu/arm/5.4.1/bin/../lib/gcc/arm-none-eabi/5.4.1/../../../../arm-none-eabi/lib/armv7-m\libg_nano.a(lib_a-memset.o)
 .ARM.attributes
                0x000005bb       0x2d c:/program files (x86)/cypress/psoc creator/4.2/psoc creator/import/gnu/arm/5.4.1/bin/../lib/gcc/arm-none-eabi/5.4.1/armv7-m/crtend.o
 .ARM.attributes
                0x000005e8       0x1d c:/program files (x86)/cypress/psoc creator/4.2/psoc creator/import/gnu/arm/5.4.1/bin/../lib/gcc/arm-none-eabi/5.4.1/armv7-m/crtn.o

/DISCARD/
 *(.note.GNU-stack)
OUTPUT(C:\Users\holge\OneDrive\AAU - Elektronik og IT\4. semester\Digital Design\digital-design\PSoC\cypress_PsOC_5LP\Workspace01\ADC_DMA_VDAC01.cydsn\ARM_GCC_541\Debug\ADC_DMA_VDAC01.elf elf32-littlearm)
