--------------------------------------------------------------------------------
Release 14.7 Trace  (nt64)
Copyright (c) 1995-2013 Xilinx, Inc.  All rights reserved.

C:\Xilinx\14.7\ISE_DS\ISE\bin\nt64\unwrapped\trce.exe -intstyle ise -v 3 -s 2
-n 3 -fastpaths -xml my_ALU.twx my_ALU.ncd -o my_ALU.twr my_ALU.pcf -ucf
papilio_pro_ALU_constraints.ucf

Design file:              my_ALU.ncd
Physical constraint file: my_ALU.pcf
Device,package,speed:     xc6slx9,tqg144,C,-2 (PRODUCTION 1.23 2013-10-13)
Report level:             verbose report

Environment Variable      Effect 
--------------------      ------ 
NONE                      No environment variables were set
--------------------------------------------------------------------------------

INFO:Timing:2698 - No timing constraints found, doing default enumeration.
INFO:Timing:3412 - To improve timing, see the Timing Closure User Guide (UG612).
INFO:Timing:2752 - To get complete path coverage, use the unconstrained paths 
   option. All paths that are not constrained will be reported in the 
   unconstrained paths section(s) of the report.
INFO:Timing:3339 - The clock-to-out numbers in this timing report are based on 
   a 50 Ohm transmission line loading model.  For the details of this model, 
   and for more information on accounting for different loading conditions, 
   please see the device datasheet.



Data Sheet report:
-----------------
All values displayed in nanoseconds (ns)

Pad to Pad
---------------+----------------+---------+
Source Pad     |Destination Pad |  Delay  |
---------------+----------------+---------+
i_A<0>         |o_ALU_carry_flag|   11.243|
i_A<0>         |o_ALU_out<0>    |   17.312|
i_A<0>         |o_ALU_out<1>    |   16.822|
i_A<0>         |o_ALU_out<2>    |   16.983|
i_A<0>         |o_ALU_out<3>    |   16.410|
i_A<0>         |o_ALU_out<4>    |   18.353|
i_A<0>         |o_ALU_out<5>    |   18.236|
i_A<0>         |o_ALU_out<6>    |   17.703|
i_A<0>         |o_ALU_out<7>    |   17.938|
i_A<1>         |o_ALU_carry_flag|   12.293|
i_A<1>         |o_ALU_out<0>    |   18.599|
i_A<1>         |o_ALU_out<1>    |   16.815|
i_A<1>         |o_ALU_out<2>    |   16.976|
i_A<1>         |o_ALU_out<3>    |   16.403|
i_A<1>         |o_ALU_out<4>    |   18.346|
i_A<1>         |o_ALU_out<5>    |   18.229|
i_A<1>         |o_ALU_out<6>    |   17.696|
i_A<1>         |o_ALU_out<7>    |   17.931|
i_A<2>         |o_ALU_carry_flag|   12.852|
i_A<2>         |o_ALU_out<0>    |   22.508|
i_A<2>         |o_ALU_out<1>    |   18.994|
i_A<2>         |o_ALU_out<2>    |   19.155|
i_A<2>         |o_ALU_out<3>    |   18.582|
i_A<2>         |o_ALU_out<4>    |   20.525|
i_A<2>         |o_ALU_out<5>    |   20.408|
i_A<2>         |o_ALU_out<6>    |   19.875|
i_A<2>         |o_ALU_out<7>    |   20.110|
i_A<3>         |o_ALU_carry_flag|   11.425|
i_A<3>         |o_ALU_out<0>    |   25.023|
i_A<3>         |o_ALU_out<1>    |   20.821|
i_A<3>         |o_ALU_out<2>    |   17.359|
i_A<3>         |o_ALU_out<3>    |   16.786|
i_A<3>         |o_ALU_out<4>    |   18.729|
i_A<3>         |o_ALU_out<5>    |   18.612|
i_A<3>         |o_ALU_out<6>    |   18.079|
i_A<3>         |o_ALU_out<7>    |   18.314|
i_A<4>         |o_ALU_carry_flag|   10.881|
i_A<4>         |o_ALU_out<0>    |   28.208|
i_A<4>         |o_ALU_out<1>    |   24.006|
i_A<4>         |o_ALU_out<2>    |   20.385|
i_A<4>         |o_ALU_out<3>    |   16.854|
i_A<4>         |o_ALU_out<4>    |   18.797|
i_A<4>         |o_ALU_out<5>    |   18.680|
i_A<4>         |o_ALU_out<6>    |   18.147|
i_A<4>         |o_ALU_out<7>    |   18.382|
i_A<5>         |o_ALU_carry_flag|   14.895|
i_A<5>         |o_ALU_out<0>    |   33.033|
i_A<5>         |o_ALU_out<1>    |   28.831|
i_A<5>         |o_ALU_out<2>    |   25.210|
i_A<5>         |o_ALU_out<3>    |   21.126|
i_A<5>         |o_ALU_out<4>    |   20.370|
i_A<5>         |o_ALU_out<5>    |   20.253|
i_A<5>         |o_ALU_out<6>    |   19.720|
i_A<5>         |o_ALU_out<7>    |   19.955|
i_A<6>         |o_ALU_carry_flag|   11.139|
i_A<6>         |o_ALU_out<0>    |   34.121|
i_A<6>         |o_ALU_out<1>    |   29.919|
i_A<6>         |o_ALU_out<2>    |   26.298|
i_A<6>         |o_ALU_out<3>    |   22.214|
i_A<6>         |o_ALU_out<4>    |   18.359|
i_A<6>         |o_ALU_out<5>    |   17.107|
i_A<6>         |o_ALU_out<6>    |   16.574|
i_A<6>         |o_ALU_out<7>    |   16.809|
i_A<7>         |o_ALU_carry_flag|   10.903|
i_A<7>         |o_ALU_out<0>    |   34.174|
i_A<7>         |o_ALU_out<1>    |   29.972|
i_A<7>         |o_ALU_out<2>    |   26.351|
i_A<7>         |o_ALU_out<3>    |   22.267|
i_A<7>         |o_ALU_out<4>    |   18.412|
i_A<7>         |o_ALU_out<5>    |   16.937|
i_A<7>         |o_ALU_out<6>    |   16.404|
i_A<7>         |o_ALU_out<7>    |   16.639|
i_ALU_sel<0>   |o_ALU_out<0>    |   12.991|
i_ALU_sel<0>   |o_ALU_out<1>    |   12.197|
i_ALU_sel<0>   |o_ALU_out<2>    |   12.530|
i_ALU_sel<0>   |o_ALU_out<3>    |   13.578|
i_ALU_sel<0>   |o_ALU_out<4>    |   12.520|
i_ALU_sel<0>   |o_ALU_out<5>    |   13.636|
i_ALU_sel<0>   |o_ALU_out<6>    |   13.696|
i_ALU_sel<0>   |o_ALU_out<7>    |   14.700|
i_ALU_sel<1>   |o_ALU_out<0>    |   12.367|
i_ALU_sel<1>   |o_ALU_out<1>    |   12.408|
i_ALU_sel<1>   |o_ALU_out<2>    |   11.964|
i_ALU_sel<1>   |o_ALU_out<3>    |   13.018|
i_ALU_sel<1>   |o_ALU_out<4>    |   13.213|
i_ALU_sel<1>   |o_ALU_out<5>    |   14.305|
i_ALU_sel<1>   |o_ALU_out<6>    |   13.598|
i_ALU_sel<1>   |o_ALU_out<7>    |   14.815|
i_ALU_sel<2>   |o_ALU_out<0>    |   10.952|
i_ALU_sel<2>   |o_ALU_out<1>    |   11.499|
i_ALU_sel<2>   |o_ALU_out<2>    |   10.645|
i_ALU_sel<2>   |o_ALU_out<3>    |   12.051|
i_ALU_sel<2>   |o_ALU_out<4>    |   13.782|
i_ALU_sel<2>   |o_ALU_out<5>    |   13.282|
i_ALU_sel<2>   |o_ALU_out<6>    |   13.546|
i_ALU_sel<2>   |o_ALU_out<7>    |   13.430|
i_ALU_sel<3>   |o_ALU_out<0>    |   11.388|
i_ALU_sel<3>   |o_ALU_out<1>    |   11.208|
i_ALU_sel<3>   |o_ALU_out<2>    |   11.102|
i_ALU_sel<3>   |o_ALU_out<3>    |   12.186|
i_ALU_sel<3>   |o_ALU_out<4>    |   11.200|
i_ALU_sel<3>   |o_ALU_out<5>    |   11.447|
i_ALU_sel<3>   |o_ALU_out<6>    |   11.587|
i_ALU_sel<3>   |o_ALU_out<7>    |   11.890|
i_B<0>         |o_ALU_carry_flag|   12.624|
i_B<0>         |o_ALU_out<0>    |   34.504|
i_B<0>         |o_ALU_out<1>    |   30.302|
i_B<0>         |o_ALU_out<2>    |   26.681|
i_B<0>         |o_ALU_out<3>    |   22.597|
i_B<0>         |o_ALU_out<4>    |   18.859|
i_B<0>         |o_ALU_out<5>    |   18.742|
i_B<0>         |o_ALU_out<6>    |   18.209|
i_B<0>         |o_ALU_out<7>    |   18.444|
i_B<1>         |o_ALU_carry_flag|   11.945|
i_B<1>         |o_ALU_out<0>    |   34.183|
i_B<1>         |o_ALU_out<1>    |   29.981|
i_B<1>         |o_ALU_out<2>    |   26.360|
i_B<1>         |o_ALU_out<3>    |   22.276|
i_B<1>         |o_ALU_out<4>    |   18.579|
i_B<1>         |o_ALU_out<5>    |   18.462|
i_B<1>         |o_ALU_out<6>    |   17.929|
i_B<1>         |o_ALU_out<7>    |   18.164|
i_B<2>         |o_ALU_carry_flag|   12.443|
i_B<2>         |o_ALU_out<0>    |   35.066|
i_B<2>         |o_ALU_out<1>    |   30.864|
i_B<2>         |o_ALU_out<2>    |   27.243|
i_B<2>         |o_ALU_out<3>    |   23.159|
i_B<2>         |o_ALU_out<4>    |   19.367|
i_B<2>         |o_ALU_out<5>    |   19.250|
i_B<2>         |o_ALU_out<6>    |   18.717|
i_B<2>         |o_ALU_out<7>    |   18.952|
i_B<3>         |o_ALU_carry_flag|   12.038|
i_B<3>         |o_ALU_out<0>    |   35.162|
i_B<3>         |o_ALU_out<1>    |   30.960|
i_B<3>         |o_ALU_out<2>    |   27.339|
i_B<3>         |o_ALU_out<3>    |   23.255|
i_B<3>         |o_ALU_out<4>    |   19.400|
i_B<3>         |o_ALU_out<5>    |   16.857|
i_B<3>         |o_ALU_out<6>    |   16.324|
i_B<3>         |o_ALU_out<7>    |   16.916|
i_B<4>         |o_ALU_carry_flag|   11.976|
i_B<4>         |o_ALU_out<0>    |   35.344|
i_B<4>         |o_ALU_out<1>    |   31.142|
i_B<4>         |o_ALU_out<2>    |   27.521|
i_B<4>         |o_ALU_out<3>    |   23.437|
i_B<4>         |o_ALU_out<4>    |   19.582|
i_B<4>         |o_ALU_out<5>    |   16.920|
i_B<4>         |o_ALU_out<6>    |   16.275|
i_B<4>         |o_ALU_out<7>    |   17.098|
i_B<5>         |o_ALU_carry_flag|   11.656|
i_B<5>         |o_ALU_out<0>    |   35.043|
i_B<5>         |o_ALU_out<1>    |   30.841|
i_B<5>         |o_ALU_out<2>    |   27.220|
i_B<5>         |o_ALU_out<3>    |   23.136|
i_B<5>         |o_ALU_out<4>    |   19.281|
i_B<5>         |o_ALU_out<5>    |   16.619|
i_B<5>         |o_ALU_out<6>    |   15.763|
i_B<5>         |o_ALU_out<7>    |   16.797|
i_B<6>         |o_ALU_carry_flag|   11.573|
i_B<6>         |o_ALU_out<0>    |   35.332|
i_B<6>         |o_ALU_out<1>    |   31.130|
i_B<6>         |o_ALU_out<2>    |   27.509|
i_B<6>         |o_ALU_out<3>    |   23.425|
i_B<6>         |o_ALU_out<4>    |   19.570|
i_B<6>         |o_ALU_out<5>    |   16.908|
i_B<6>         |o_ALU_out<6>    |   16.156|
i_B<6>         |o_ALU_out<7>    |   17.086|
i_B<7>         |o_ALU_carry_flag|   11.528|
i_B<7>         |o_ALU_out<0>    |   35.288|
i_B<7>         |o_ALU_out<1>    |   31.086|
i_B<7>         |o_ALU_out<2>    |   27.465|
i_B<7>         |o_ALU_out<3>    |   23.381|
i_B<7>         |o_ALU_out<4>    |   19.526|
i_B<7>         |o_ALU_out<5>    |   16.864|
i_B<7>         |o_ALU_out<6>    |   16.317|
i_B<7>         |o_ALU_out<7>    |   17.042|
---------------+----------------+---------+


Analysis completed Mon Mar 25 07:57:27 2019 
--------------------------------------------------------------------------------

Trace Settings:
-------------------------
Trace Settings 

Peak Memory Usage: 4571 MB



