--------------------------------------------------------------------------------
Release 14.7 Trace  (nt64)
Copyright (c) 1995-2013 Xilinx, Inc.  All rights reserved.

C:\Xilinx\14.7\ISE_DS\ISE\bin\nt64\unwrapped\trce.exe -intstyle ise -v 3 -s 2
-n 3 -fastpaths -xml my_ALU.twx my_ALU.ncd -o my_ALU.twr my_ALU.pcf -ucf
papilio_pro_ALU_constraints.ucf

Design file:              my_ALU.ncd
Physical constraint file: my_ALU.pcf
Device,package,speed:     xc6slx9,tqg144,C,-2 (PRODUCTION 1.23 2013-10-13)
Report level:             verbose report

Environment Variable      Effect 
--------------------      ------ 
NONE                      No environment variables were set
--------------------------------------------------------------------------------

INFO:Timing:2698 - No timing constraints found, doing default enumeration.
INFO:Timing:3412 - To improve timing, see the Timing Closure User Guide (UG612).
INFO:Timing:2752 - To get complete path coverage, use the unconstrained paths 
   option. All paths that are not constrained will be reported in the 
   unconstrained paths section(s) of the report.
INFO:Timing:3339 - The clock-to-out numbers in this timing report are based on 
   a 50 Ohm transmission line loading model.  For the details of this model, 
   and for more information on accounting for different loading conditions, 
   please see the device datasheet.



Data Sheet report:
-----------------
All values displayed in nanoseconds (ns)

Pad to Pad
---------------+----------------+---------+
Source Pad     |Destination Pad |  Delay  |
---------------+----------------+---------+
i_A<0>         |o_ALU_carry_flag|   10.139|
i_A<0>         |o_ALU_out<0>    |   18.762|
i_A<0>         |o_ALU_out<1>    |   18.551|
i_A<0>         |o_ALU_out<2>    |   19.360|
i_A<0>         |o_ALU_out<3>    |   17.815|
i_A<0>         |o_ALU_out<4>    |   18.082|
i_A<0>         |o_ALU_out<5>    |   18.566|
i_A<0>         |o_ALU_out<6>    |   17.821|
i_A<0>         |o_ALU_out<7>    |   17.452|
i_A<1>         |o_ALU_carry_flag|    9.782|
i_A<1>         |o_ALU_out<0>    |   20.041|
i_A<1>         |o_ALU_out<1>    |   19.044|
i_A<1>         |o_ALU_out<2>    |   19.853|
i_A<1>         |o_ALU_out<3>    |   18.308|
i_A<1>         |o_ALU_out<4>    |   18.575|
i_A<1>         |o_ALU_out<5>    |   19.059|
i_A<1>         |o_ALU_out<6>    |   18.314|
i_A<1>         |o_ALU_out<7>    |   17.945|
i_A<2>         |o_ALU_carry_flag|   10.110|
i_A<2>         |o_ALU_out<0>    |   23.988|
i_A<2>         |o_ALU_out<1>    |   20.570|
i_A<2>         |o_ALU_out<2>    |   20.351|
i_A<2>         |o_ALU_out<3>    |   18.806|
i_A<2>         |o_ALU_out<4>    |   19.073|
i_A<2>         |o_ALU_out<5>    |   19.557|
i_A<2>         |o_ALU_out<6>    |   18.812|
i_A<2>         |o_ALU_out<7>    |   18.443|
i_A<3>         |o_ALU_carry_flag|   10.491|
i_A<3>         |o_ALU_out<0>    |   28.040|
i_A<3>         |o_ALU_out<1>    |   24.622|
i_A<3>         |o_ALU_out<2>    |   20.948|
i_A<3>         |o_ALU_out<3>    |   17.219|
i_A<3>         |o_ALU_out<4>    |   17.486|
i_A<3>         |o_ALU_out<5>    |   17.970|
i_A<3>         |o_ALU_out<6>    |   17.225|
i_A<3>         |o_ALU_out<7>    |   16.856|
i_A<4>         |o_ALU_carry_flag|   10.168|
i_A<4>         |o_ALU_out<0>    |   30.819|
i_A<4>         |o_ALU_out<1>    |   27.401|
i_A<4>         |o_ALU_out<2>    |   23.727|
i_A<4>         |o_ALU_out<3>    |   18.615|
i_A<4>         |o_ALU_out<4>    |   18.882|
i_A<4>         |o_ALU_out<5>    |   19.366|
i_A<4>         |o_ALU_out<6>    |   18.621|
i_A<4>         |o_ALU_out<7>    |   18.252|
i_A<5>         |o_ALU_carry_flag|    9.653|
i_A<5>         |o_ALU_out<0>    |   33.084|
i_A<5>         |o_ALU_out<1>    |   29.666|
i_A<5>         |o_ALU_out<2>    |   25.992|
i_A<5>         |o_ALU_out<3>    |   19.977|
i_A<5>         |o_ALU_out<4>    |   18.830|
i_A<5>         |o_ALU_out<5>    |   19.314|
i_A<5>         |o_ALU_out<6>    |   18.569|
i_A<5>         |o_ALU_out<7>    |   18.200|
i_A<6>         |o_ALU_carry_flag|    9.636|
i_A<6>         |o_ALU_out<0>    |   34.585|
i_A<6>         |o_ALU_out<1>    |   31.167|
i_A<6>         |o_ALU_out<2>    |   27.493|
i_A<6>         |o_ALU_out<3>    |   21.478|
i_A<6>         |o_ALU_out<4>    |   19.070|
i_A<6>         |o_ALU_out<5>    |   19.554|
i_A<6>         |o_ALU_out<6>    |   18.809|
i_A<6>         |o_ALU_out<7>    |   18.440|
i_A<7>         |o_ALU_carry_flag|   13.285|
i_A<7>         |o_ALU_out<0>    |   35.967|
i_A<7>         |o_ALU_out<1>    |   32.549|
i_A<7>         |o_ALU_out<2>    |   28.875|
i_A<7>         |o_ALU_out<3>    |   22.860|
i_A<7>         |o_ALU_out<4>    |   19.143|
i_A<7>         |o_ALU_out<5>    |   17.847|
i_A<7>         |o_ALU_out<6>    |   17.102|
i_A<7>         |o_ALU_out<7>    |   16.733|
i_ALU_sel<0>   |o_ALU_out<0>    |   15.733|
i_ALU_sel<0>   |o_ALU_out<1>    |   15.305|
i_ALU_sel<0>   |o_ALU_out<2>    |   15.177|
i_ALU_sel<0>   |o_ALU_out<3>    |   14.745|
i_ALU_sel<0>   |o_ALU_out<4>    |   14.546|
i_ALU_sel<0>   |o_ALU_out<5>    |   14.536|
i_ALU_sel<0>   |o_ALU_out<6>    |   15.379|
i_ALU_sel<0>   |o_ALU_out<7>    |   14.091|
i_ALU_sel<1>   |o_ALU_out<0>    |   15.360|
i_ALU_sel<1>   |o_ALU_out<1>    |   15.540|
i_ALU_sel<1>   |o_ALU_out<2>    |   15.213|
i_ALU_sel<1>   |o_ALU_out<3>    |   14.411|
i_ALU_sel<1>   |o_ALU_out<4>    |   13.942|
i_ALU_sel<1>   |o_ALU_out<5>    |   14.166|
i_ALU_sel<1>   |o_ALU_out<6>    |   15.114|
i_ALU_sel<1>   |o_ALU_out<7>    |   14.012|
i_ALU_sel<2>   |o_ALU_out<0>    |   11.734|
i_ALU_sel<2>   |o_ALU_out<1>    |   13.432|
i_ALU_sel<2>   |o_ALU_out<2>    |   12.904|
i_ALU_sel<2>   |o_ALU_out<3>    |   11.316|
i_ALU_sel<2>   |o_ALU_out<4>    |   11.261|
i_ALU_sel<2>   |o_ALU_out<5>    |   11.954|
i_ALU_sel<2>   |o_ALU_out<6>    |   11.946|
i_ALU_sel<2>   |o_ALU_out<7>    |   10.178|
i_ALU_sel<3>   |o_ALU_out<0>    |   12.065|
i_ALU_sel<3>   |o_ALU_out<1>    |   13.060|
i_ALU_sel<3>   |o_ALU_out<2>    |   12.946|
i_ALU_sel<3>   |o_ALU_out<3>    |   11.455|
i_ALU_sel<3>   |o_ALU_out<4>    |   11.311|
i_ALU_sel<3>   |o_ALU_out<5>    |   11.846|
i_ALU_sel<3>   |o_ALU_out<6>    |   12.081|
i_ALU_sel<3>   |o_ALU_out<7>    |   10.712|
i_B<0>         |o_ALU_carry_flag|    9.896|
i_B<0>         |o_ALU_out<0>    |   35.043|
i_B<0>         |o_ALU_out<1>    |   31.625|
i_B<0>         |o_ALU_out<2>    |   27.951|
i_B<0>         |o_ALU_out<3>    |   21.936|
i_B<0>         |o_ALU_out<4>    |   18.230|
i_B<0>         |o_ALU_out<5>    |   18.714|
i_B<0>         |o_ALU_out<6>    |   17.969|
i_B<0>         |o_ALU_out<7>    |   17.600|
i_B<1>         |o_ALU_carry_flag|   10.357|
i_B<1>         |o_ALU_out<0>    |   34.658|
i_B<1>         |o_ALU_out<1>    |   31.240|
i_B<1>         |o_ALU_out<2>    |   27.566|
i_B<1>         |o_ALU_out<3>    |   21.551|
i_B<1>         |o_ALU_out<4>    |   18.500|
i_B<1>         |o_ALU_out<5>    |   18.984|
i_B<1>         |o_ALU_out<6>    |   18.239|
i_B<1>         |o_ALU_out<7>    |   17.870|
i_B<2>         |o_ALU_carry_flag|   10.120|
i_B<2>         |o_ALU_out<0>    |   34.354|
i_B<2>         |o_ALU_out<1>    |   30.936|
i_B<2>         |o_ALU_out<2>    |   27.262|
i_B<2>         |o_ALU_out<3>    |   21.247|
i_B<2>         |o_ALU_out<4>    |   18.131|
i_B<2>         |o_ALU_out<5>    |   18.615|
i_B<2>         |o_ALU_out<6>    |   17.870|
i_B<2>         |o_ALU_out<7>    |   17.501|
i_B<3>         |o_ALU_carry_flag|   10.969|
i_B<3>         |o_ALU_out<0>    |   36.349|
i_B<3>         |o_ALU_out<1>    |   32.931|
i_B<3>         |o_ALU_out<2>    |   29.257|
i_B<3>         |o_ALU_out<3>    |   23.242|
i_B<3>         |o_ALU_out<4>    |   19.525|
i_B<3>         |o_ALU_out<5>    |   18.486|
i_B<3>         |o_ALU_out<6>    |   17.741|
i_B<3>         |o_ALU_out<7>    |   17.372|
i_B<4>         |o_ALU_carry_flag|   10.768|
i_B<4>         |o_ALU_out<0>    |   36.143|
i_B<4>         |o_ALU_out<1>    |   32.725|
i_B<4>         |o_ALU_out<2>    |   29.051|
i_B<4>         |o_ALU_out<3>    |   23.036|
i_B<4>         |o_ALU_out<4>    |   19.319|
i_B<4>         |o_ALU_out<5>    |   18.832|
i_B<4>         |o_ALU_out<6>    |   18.087|
i_B<4>         |o_ALU_out<7>    |   17.718|
i_B<5>         |o_ALU_carry_flag|   10.335|
i_B<5>         |o_ALU_out<0>    |   35.033|
i_B<5>         |o_ALU_out<1>    |   31.615|
i_B<5>         |o_ALU_out<2>    |   27.941|
i_B<5>         |o_ALU_out<3>    |   21.926|
i_B<5>         |o_ALU_out<4>    |   18.209|
i_B<5>         |o_ALU_out<5>    |   17.271|
i_B<5>         |o_ALU_out<6>    |   16.526|
i_B<5>         |o_ALU_out<7>    |   16.157|
i_B<6>         |o_ALU_carry_flag|   10.431|
i_B<6>         |o_ALU_out<0>    |   35.814|
i_B<6>         |o_ALU_out<1>    |   32.396|
i_B<6>         |o_ALU_out<2>    |   28.722|
i_B<6>         |o_ALU_out<3>    |   22.707|
i_B<6>         |o_ALU_out<4>    |   18.990|
i_B<6>         |o_ALU_out<5>    |   17.542|
i_B<6>         |o_ALU_out<6>    |   16.797|
i_B<6>         |o_ALU_out<7>    |   16.428|
i_B<7>         |o_ALU_carry_flag|   10.108|
i_B<7>         |o_ALU_out<0>    |   35.951|
i_B<7>         |o_ALU_out<1>    |   32.533|
i_B<7>         |o_ALU_out<2>    |   28.859|
i_B<7>         |o_ALU_out<3>    |   22.844|
i_B<7>         |o_ALU_out<4>    |   19.127|
i_B<7>         |o_ALU_out<5>    |   17.222|
i_B<7>         |o_ALU_out<6>    |   16.477|
i_B<7>         |o_ALU_out<7>    |   16.108|
---------------+----------------+---------+


Analysis completed Sat Mar 23 17:43:01 2019 
--------------------------------------------------------------------------------

Trace Settings:
-------------------------
Trace Settings 

Peak Memory Usage: 4571 MB



