--------------------------------------------------------------------------------
Release 14.7 Trace  (nt64)
Copyright (c) 1995-2013 Xilinx, Inc.  All rights reserved.

C:\Xilinx\14.7\ISE_DS\ISE\bin\nt64\unwrapped\trce.exe -intstyle ise -v 3 -s 2
-n 3 -fastpaths -xml my_ALU.twx my_ALU.ncd -o my_ALU.twr my_ALU.pcf -ucf
papilio_pro_ALU_constraints.ucf

Design file:              my_ALU.ncd
Physical constraint file: my_ALU.pcf
Device,package,speed:     xc6slx9,tqg144,C,-2 (PRODUCTION 1.23 2013-10-13)
Report level:             verbose report

Environment Variable      Effect 
--------------------      ------ 
NONE                      No environment variables were set
--------------------------------------------------------------------------------

INFO:Timing:2698 - No timing constraints found, doing default enumeration.
INFO:Timing:3412 - To improve timing, see the Timing Closure User Guide (UG612).
INFO:Timing:2752 - To get complete path coverage, use the unconstrained paths 
   option. All paths that are not constrained will be reported in the 
   unconstrained paths section(s) of the report.
INFO:Timing:3339 - The clock-to-out numbers in this timing report are based on 
   a 50 Ohm transmission line loading model.  For the details of this model, 
   and for more information on accounting for different loading conditions, 
   please see the device datasheet.



Data Sheet report:
-----------------
All values displayed in nanoseconds (ns)

Pad to Pad
---------------+----------------+---------+
Source Pad     |Destination Pad |  Delay  |
---------------+----------------+---------+
i_A<0>         |o_ALU_carry_flag|   11.547|
i_A<0>         |o_ALU_out<0>    |   17.576|
i_A<0>         |o_ALU_out<1>    |   17.418|
i_A<0>         |o_ALU_out<2>    |   17.987|
i_A<0>         |o_ALU_out<3>    |   17.670|
i_A<0>         |o_ALU_out<4>    |   18.022|
i_A<0>         |o_ALU_out<5>    |   18.266|
i_A<0>         |o_ALU_out<6>    |   17.572|
i_A<0>         |o_ALU_out<7>    |   17.525|
i_A<1>         |o_ALU_carry_flag|   12.194|
i_A<1>         |o_ALU_out<0>    |   17.152|
i_A<1>         |o_ALU_out<1>    |   16.071|
i_A<1>         |o_ALU_out<2>    |   16.640|
i_A<1>         |o_ALU_out<3>    |   16.323|
i_A<1>         |o_ALU_out<4>    |   16.675|
i_A<1>         |o_ALU_out<5>    |   16.919|
i_A<1>         |o_ALU_out<6>    |   16.225|
i_A<1>         |o_ALU_out<7>    |   16.178|
i_A<2>         |o_ALU_carry_flag|   11.668|
i_A<2>         |o_ALU_out<0>    |   21.404|
i_A<2>         |o_ALU_out<1>    |   18.546|
i_A<2>         |o_ALU_out<2>    |   18.316|
i_A<2>         |o_ALU_out<3>    |   17.999|
i_A<2>         |o_ALU_out<4>    |   18.351|
i_A<2>         |o_ALU_out<5>    |   18.595|
i_A<2>         |o_ALU_out<6>    |   17.901|
i_A<2>         |o_ALU_out<7>    |   17.854|
i_A<3>         |o_ALU_carry_flag|   11.897|
i_A<3>         |o_ALU_out<0>    |   24.091|
i_A<3>         |o_ALU_out<1>    |   21.233|
i_A<3>         |o_ALU_out<2>    |   18.129|
i_A<3>         |o_ALU_out<3>    |   17.812|
i_A<3>         |o_ALU_out<4>    |   18.164|
i_A<3>         |o_ALU_out<5>    |   18.408|
i_A<3>         |o_ALU_out<6>    |   17.714|
i_A<3>         |o_ALU_out<7>    |   17.667|
i_A<4>         |o_ALU_carry_flag|   10.709|
i_A<4>         |o_ALU_out<0>    |   26.852|
i_A<4>         |o_ALU_out<1>    |   23.994|
i_A<4>         |o_ALU_out<2>    |   20.099|
i_A<4>         |o_ALU_out<3>    |   16.666|
i_A<4>         |o_ALU_out<4>    |   17.018|
i_A<4>         |o_ALU_out<5>    |   17.262|
i_A<4>         |o_ALU_out<6>    |   16.568|
i_A<4>         |o_ALU_out<7>    |   16.521|
i_A<5>         |o_ALU_carry_flag|   13.699|
i_A<5>         |o_ALU_out<0>    |   31.035|
i_A<5>         |o_ALU_out<1>    |   28.177|
i_A<5>         |o_ALU_out<2>    |   24.282|
i_A<5>         |o_ALU_out<3>    |   20.206|
i_A<5>         |o_ALU_out<4>    |   17.598|
i_A<5>         |o_ALU_out<5>    |   17.842|
i_A<5>         |o_ALU_out<6>    |   17.148|
i_A<5>         |o_ALU_out<7>    |   17.101|
i_A<6>         |o_ALU_carry_flag|   11.330|
i_A<6>         |o_ALU_out<0>    |   31.219|
i_A<6>         |o_ALU_out<1>    |   28.361|
i_A<6>         |o_ALU_out<2>    |   24.466|
i_A<6>         |o_ALU_out<3>    |   20.390|
i_A<6>         |o_ALU_out<4>    |   17.149|
i_A<6>         |o_ALU_out<5>    |   16.436|
i_A<6>         |o_ALU_out<6>    |   15.742|
i_A<6>         |o_ALU_out<7>    |   15.695|
i_A<7>         |o_ALU_carry_flag|   11.571|
i_A<7>         |o_ALU_out<0>    |   30.829|
i_A<7>         |o_ALU_out<1>    |   27.971|
i_A<7>         |o_ALU_out<2>    |   24.076|
i_A<7>         |o_ALU_out<3>    |   20.000|
i_A<7>         |o_ALU_out<4>    |   16.759|
i_A<7>         |o_ALU_out<5>    |   16.311|
i_A<7>         |o_ALU_out<6>    |   15.617|
i_A<7>         |o_ALU_out<7>    |   15.570|
i_ALU_sel<0>   |o_ALU_out<0>    |   12.907|
i_ALU_sel<0>   |o_ALU_out<1>    |   12.743|
i_ALU_sel<0>   |o_ALU_out<2>    |   12.378|
i_ALU_sel<0>   |o_ALU_out<3>    |   12.933|
i_ALU_sel<0>   |o_ALU_out<4>    |   12.372|
i_ALU_sel<0>   |o_ALU_out<5>    |   13.701|
i_ALU_sel<0>   |o_ALU_out<6>    |   14.320|
i_ALU_sel<0>   |o_ALU_out<7>    |   12.588|
i_ALU_sel<1>   |o_ALU_out<0>    |   13.284|
i_ALU_sel<1>   |o_ALU_out<1>    |   12.417|
i_ALU_sel<1>   |o_ALU_out<2>    |   12.611|
i_ALU_sel<1>   |o_ALU_out<3>    |   13.383|
i_ALU_sel<1>   |o_ALU_out<4>    |   12.785|
i_ALU_sel<1>   |o_ALU_out<5>    |   13.817|
i_ALU_sel<1>   |o_ALU_out<6>    |   15.124|
i_ALU_sel<1>   |o_ALU_out<7>    |   13.571|
i_ALU_sel<2>   |o_ALU_out<0>    |   13.177|
i_ALU_sel<2>   |o_ALU_out<1>    |   11.378|
i_ALU_sel<2>   |o_ALU_out<2>    |    9.897|
i_ALU_sel<2>   |o_ALU_out<3>    |   11.495|
i_ALU_sel<2>   |o_ALU_out<4>    |   12.794|
i_ALU_sel<2>   |o_ALU_out<5>    |   12.764|
i_ALU_sel<2>   |o_ALU_out<6>    |   12.731|
i_ALU_sel<2>   |o_ALU_out<7>    |   10.930|
i_ALU_sel<3>   |o_ALU_out<0>    |   11.209|
i_ALU_sel<3>   |o_ALU_out<1>    |   12.637|
i_ALU_sel<3>   |o_ALU_out<2>    |   10.235|
i_ALU_sel<3>   |o_ALU_out<3>    |   11.759|
i_ALU_sel<3>   |o_ALU_out<4>    |   12.914|
i_ALU_sel<3>   |o_ALU_out<5>    |   12.215|
i_ALU_sel<3>   |o_ALU_out<6>    |   12.890|
i_ALU_sel<3>   |o_ALU_out<7>    |   10.804|
i_B<0>         |o_ALU_carry_flag|   11.645|
i_B<0>         |o_ALU_out<0>    |   32.283|
i_B<0>         |o_ALU_out<1>    |   29.425|
i_B<0>         |o_ALU_out<2>    |   25.530|
i_B<0>         |o_ALU_out<3>    |   21.454|
i_B<0>         |o_ALU_out<4>    |   18.213|
i_B<0>         |o_ALU_out<5>    |   17.964|
i_B<0>         |o_ALU_out<6>    |   17.270|
i_B<0>         |o_ALU_out<7>    |   17.223|
i_B<1>         |o_ALU_carry_flag|   12.302|
i_B<1>         |o_ALU_out<0>    |   32.278|
i_B<1>         |o_ALU_out<1>    |   29.420|
i_B<1>         |o_ALU_out<2>    |   25.525|
i_B<1>         |o_ALU_out<3>    |   21.449|
i_B<1>         |o_ALU_out<4>    |   18.208|
i_B<1>         |o_ALU_out<5>    |   18.150|
i_B<1>         |o_ALU_out<6>    |   17.456|
i_B<1>         |o_ALU_out<7>    |   17.409|
i_B<2>         |o_ALU_carry_flag|   11.391|
i_B<2>         |o_ALU_out<0>    |   31.554|
i_B<2>         |o_ALU_out<1>    |   28.696|
i_B<2>         |o_ALU_out<2>    |   24.801|
i_B<2>         |o_ALU_out<3>    |   20.725|
i_B<2>         |o_ALU_out<4>    |   17.484|
i_B<2>         |o_ALU_out<5>    |   17.293|
i_B<2>         |o_ALU_out<6>    |   16.599|
i_B<2>         |o_ALU_out<7>    |   16.552|
i_B<3>         |o_ALU_carry_flag|   11.902|
i_B<3>         |o_ALU_out<0>    |   32.353|
i_B<3>         |o_ALU_out<1>    |   29.495|
i_B<3>         |o_ALU_out<2>    |   25.600|
i_B<3>         |o_ALU_out<3>    |   21.524|
i_B<3>         |o_ALU_out<4>    |   18.283|
i_B<3>         |o_ALU_out<5>    |   16.358|
i_B<3>         |o_ALU_out<6>    |   15.243|
i_B<3>         |o_ALU_out<7>    |   15.196|
i_B<4>         |o_ALU_carry_flag|   11.124|
i_B<4>         |o_ALU_out<0>    |   31.494|
i_B<4>         |o_ALU_out<1>    |   28.636|
i_B<4>         |o_ALU_out<2>    |   24.741|
i_B<4>         |o_ALU_out<3>    |   20.665|
i_B<4>         |o_ALU_out<4>    |   17.424|
i_B<4>         |o_ALU_out<5>    |   16.073|
i_B<4>         |o_ALU_out<6>    |   15.379|
i_B<4>         |o_ALU_out<7>    |   15.332|
i_B<5>         |o_ALU_carry_flag|   11.945|
i_B<5>         |o_ALU_out<0>    |   32.199|
i_B<5>         |o_ALU_out<1>    |   29.341|
i_B<5>         |o_ALU_out<2>    |   25.446|
i_B<5>         |o_ALU_out<3>    |   21.370|
i_B<5>         |o_ALU_out<4>    |   18.129|
i_B<5>         |o_ALU_out<5>    |   16.204|
i_B<5>         |o_ALU_out<6>    |   14.740|
i_B<5>         |o_ALU_out<7>    |   14.693|
i_B<6>         |o_ALU_carry_flag|   11.184|
i_B<6>         |o_ALU_out<0>    |   32.058|
i_B<6>         |o_ALU_out<1>    |   29.200|
i_B<6>         |o_ALU_out<2>    |   25.305|
i_B<6>         |o_ALU_out<3>    |   21.229|
i_B<6>         |o_ALU_out<4>    |   17.988|
i_B<6>         |o_ALU_out<5>    |   16.411|
i_B<6>         |o_ALU_out<6>    |   15.717|
i_B<6>         |o_ALU_out<7>    |   15.670|
i_B<7>         |o_ALU_carry_flag|   11.955|
i_B<7>         |o_ALU_out<0>    |   31.869|
i_B<7>         |o_ALU_out<1>    |   29.011|
i_B<7>         |o_ALU_out<2>    |   25.116|
i_B<7>         |o_ALU_out<3>    |   21.040|
i_B<7>         |o_ALU_out<4>    |   17.799|
i_B<7>         |o_ALU_out<5>    |   15.874|
i_B<7>         |o_ALU_out<6>    |   15.137|
i_B<7>         |o_ALU_out<7>    |   15.090|
---------------+----------------+---------+


Analysis completed Sat Mar 23 18:23:14 2019 
--------------------------------------------------------------------------------

Trace Settings:
-------------------------
Trace Settings 

Peak Memory Usage: 4571 MB



