Archive member included to satisfy reference by file (symbol)

.\CortexM3\ARM_GCC_541\Debug\CapSense_PWM_LED.a(CapSense_1.o)
                              .\CortexM3\ARM_GCC_541\Debug\main.o (CapSense_1_IsBusy)
.\CortexM3\ARM_GCC_541\Debug\CapSense_PWM_LED.a(CapSense_1_CSHL.o)
                              .\CortexM3\ARM_GCC_541\Debug\main.o (CapSense_1_InitializeAllBaselines)
.\CortexM3\ARM_GCC_541\Debug\CapSense_PWM_LED.a(CapSense_1_INT.o)
                              .\CortexM3\ARM_GCC_541\Debug\CapSense_PWM_LED.a(CapSense_1.o) (CapSense_1_IsrCH0_ISR)
.\CortexM3\ARM_GCC_541\Debug\CapSense_PWM_LED.a(PWM_1.o)
                              .\CortexM3\ARM_GCC_541\Debug\main.o (PWM_1_WriteCompare)
.\CortexM3\ARM_GCC_541\Debug\CapSense_PWM_LED.a(CapSense_1_CompCH0.o)
                              .\CortexM3\ARM_GCC_541\Debug\CapSense_PWM_LED.a(CapSense_1.o) (CapSense_1_CompCH0_Enable)
.\CortexM3\ARM_GCC_541\Debug\CapSense_PWM_LED.a(CapSense_1_IdacCH0.o)
                              .\CortexM3\ARM_GCC_541\Debug\CapSense_PWM_LED.a(CapSense_1.o) (CapSense_1_IdacCH0_Enable)
.\CortexM3\ARM_GCC_541\Debug\CapSense_PWM_LED.a(CapSense_1_AMuxCH0.o)
                              .\CortexM3\ARM_GCC_541\Debug\CapSense_PWM_LED.a(CapSense_1.o) (CapSense_1_AMuxCH0_Init)
.\CortexM3\ARM_GCC_541\Debug\CapSense_PWM_LED.a(CapSense_1_IntClock.o)
                              .\CortexM3\ARM_GCC_541\Debug\CapSense_PWM_LED.a(CapSense_1.o) (CapSense_1_IntClock_Start)
.\CortexM3\ARM_GCC_541\Debug\CapSense_PWM_LED.a(CyLib.o)
                              .\CortexM3\ARM_GCC_541\Debug\Cm3Start.o (CyHalt)
.\CortexM3\ARM_GCC_541\Debug\CapSense_PWM_LED.a(cyPm.o)
                              .\CortexM3\ARM_GCC_541\Debug\CapSense_PWM_LED.a(CyLib.o) (CyPmReadStatus)
.\CortexM3\ARM_GCC_541\Debug\CapSense_PWM_LED.a(CyBootAsmGnu.o)
                              .\CortexM3\ARM_GCC_541\Debug\cyfitter_cfg.o (CyDelayCycles)
.\CortexM3\ARM_GCC_541\Debug\CapSense_PWM_LED.a(CyFlash.o)
                              .\CortexM3\ARM_GCC_541\Debug\CapSense_PWM_LED.a(cyPm.o) (CyFlash_SetWaitCycles)
.\CortexM3\ARM_GCC_541\Debug\CapSense_PWM_LED.a(CySpc.o)
                              .\CortexM3\ARM_GCC_541\Debug\CapSense_PWM_LED.a(CyFlash.o) (CySpcStart)
c:/program files (x86)/cypress/psoc creator/4.2/psoc creator/import/gnu/arm/5.4.1/bin/../lib/gcc/arm-none-eabi/5.4.1/../../../../arm-none-eabi/lib/armv7-m\libg_nano.a(lib_a-errno.o)
                              .\CortexM3\ARM_GCC_541\Debug\Cm3Start.o (__errno)
c:/program files (x86)/cypress/psoc creator/4.2/psoc creator/import/gnu/arm/5.4.1/bin/../lib/gcc/arm-none-eabi/5.4.1/../../../../arm-none-eabi/lib/armv7-m\libg_nano.a(lib_a-exit.o)
                              c:/program files (x86)/cypress/psoc creator/4.2/psoc creator/import/gnu/arm/5.4.1/bin/../lib/gcc/arm-none-eabi/5.4.1/../../../../arm-none-eabi/lib/armv7-m/crt0.o (exit)
c:/program files (x86)/cypress/psoc creator/4.2/psoc creator/import/gnu/arm/5.4.1/bin/../lib/gcc/arm-none-eabi/5.4.1/../../../../arm-none-eabi/lib/armv7-m\libg_nano.a(lib_a-impure.o)
                              c:/program files (x86)/cypress/psoc creator/4.2/psoc creator/import/gnu/arm/5.4.1/bin/../lib/gcc/arm-none-eabi/5.4.1/../../../../arm-none-eabi/lib/armv7-m\libg_nano.a(lib_a-exit.o) (_global_impure_ptr)
c:/program files (x86)/cypress/psoc creator/4.2/psoc creator/import/gnu/arm/5.4.1/bin/../lib/gcc/arm-none-eabi/5.4.1/../../../../arm-none-eabi/lib/armv7-m\libg_nano.a(lib_a-init.o)
                              c:/program files (x86)/cypress/psoc creator/4.2/psoc creator/import/gnu/arm/5.4.1/bin/../lib/gcc/arm-none-eabi/5.4.1/../../../../arm-none-eabi/lib/armv7-m/crt0.o (__libc_init_array)
c:/program files (x86)/cypress/psoc creator/4.2/psoc creator/import/gnu/arm/5.4.1/bin/../lib/gcc/arm-none-eabi/5.4.1/../../../../arm-none-eabi/lib/armv7-m\libg_nano.a(lib_a-memcpy-stub.o)
                              .\CortexM3\ARM_GCC_541\Debug\cyfitter_cfg.o (memcpy)
c:/program files (x86)/cypress/psoc creator/4.2/psoc creator/import/gnu/arm/5.4.1/bin/../lib/gcc/arm-none-eabi/5.4.1/../../../../arm-none-eabi/lib/armv7-m\libg_nano.a(lib_a-memset.o)
                              c:/program files (x86)/cypress/psoc creator/4.2/psoc creator/import/gnu/arm/5.4.1/bin/../lib/gcc/arm-none-eabi/5.4.1/../../../../arm-none-eabi/lib/armv7-m/crt0.o (memset)

Allocating common symbols
Common symbol       size              file

CapSense_1_sensorIndex
                    0x1               .\CortexM3\ARM_GCC_541\Debug\CapSense_PWM_LED.a(CapSense_1.o)
CapSense_1_sensorSignal
                    0x5               .\CortexM3\ARM_GCC_541\Debug\CapSense_PWM_LED.a(CapSense_1_CSHL.o)
CapSense_1_csv      0x1               .\CortexM3\ARM_GCC_541\Debug\CapSense_PWM_LED.a(CapSense_1.o)
CapSense_1_sensorBaselineLow
                    0x5               .\CortexM3\ARM_GCC_541\Debug\CapSense_PWM_LED.a(CapSense_1_CSHL.o)
CapSense_1_sensorBaseline
                    0xa               .\CortexM3\ARM_GCC_541\Debug\CapSense_PWM_LED.a(CapSense_1_CSHL.o)
CapSense_1_sensorOnMask
                    0x1               .\CortexM3\ARM_GCC_541\Debug\CapSense_PWM_LED.a(CapSense_1_CSHL.o)
CapSense_1_sensorRaw
                    0xa               .\CortexM3\ARM_GCC_541\Debug\CapSense_PWM_LED.a(CapSense_1.o)
CapSense_1_lowBaselineResetCnt
                    0x5               .\CortexM3\ARM_GCC_541\Debug\CapSense_PWM_LED.a(CapSense_1_CSHL.o)
dieTemperature      0x2               .\CortexM3\ARM_GCC_541\Debug\CapSense_PWM_LED.a(CyFlash.o)

Discarded input sections

 .text          0x00000000        0x0 c:/program files (x86)/cypress/psoc creator/4.2/psoc creator/import/gnu/arm/5.4.1/bin/../lib/gcc/arm-none-eabi/5.4.1/armv7-m/crti.o
 .data          0x00000000        0x0 c:/program files (x86)/cypress/psoc creator/4.2/psoc creator/import/gnu/arm/5.4.1/bin/../lib/gcc/arm-none-eabi/5.4.1/armv7-m/crti.o
 .bss           0x00000000        0x0 c:/program files (x86)/cypress/psoc creator/4.2/psoc creator/import/gnu/arm/5.4.1/bin/../lib/gcc/arm-none-eabi/5.4.1/armv7-m/crti.o
 .data          0x00000000        0x4 c:/program files (x86)/cypress/psoc creator/4.2/psoc creator/import/gnu/arm/5.4.1/bin/../lib/gcc/arm-none-eabi/5.4.1/armv7-m/crtbegin.o
 .text          0x00000000       0x74 c:/program files (x86)/cypress/psoc creator/4.2/psoc creator/import/gnu/arm/5.4.1/bin/../lib/gcc/arm-none-eabi/5.4.1/../../../../arm-none-eabi/lib/armv7-m/crt0.o
 .data          0x00000000        0x0 c:/program files (x86)/cypress/psoc creator/4.2/psoc creator/import/gnu/arm/5.4.1/bin/../lib/gcc/arm-none-eabi/5.4.1/../../../../arm-none-eabi/lib/armv7-m/crt0.o
 .bss           0x00000000        0x0 c:/program files (x86)/cypress/psoc creator/4.2/psoc creator/import/gnu/arm/5.4.1/bin/../lib/gcc/arm-none-eabi/5.4.1/../../../../arm-none-eabi/lib/armv7-m/crt0.o
 .ARM.extab     0x00000000        0x0 c:/program files (x86)/cypress/psoc creator/4.2/psoc creator/import/gnu/arm/5.4.1/bin/../lib/gcc/arm-none-eabi/5.4.1/../../../../arm-none-eabi/lib/armv7-m/crt0.o
 .ARM.exidx     0x00000000        0x8 c:/program files (x86)/cypress/psoc creator/4.2/psoc creator/import/gnu/arm/5.4.1/bin/../lib/gcc/arm-none-eabi/5.4.1/../../../../arm-none-eabi/lib/armv7-m/crt0.o
 .text          0x00000000        0x0 .\CortexM3\ARM_GCC_541\Debug\main.o
 .data          0x00000000        0x0 .\CortexM3\ARM_GCC_541\Debug\main.o
 .bss           0x00000000        0x0 .\CortexM3\ARM_GCC_541\Debug\main.o
 .text          0x00000000        0x0 .\CortexM3\ARM_GCC_541\Debug\cyfitter_cfg.o
 .data          0x00000000        0x0 .\CortexM3\ARM_GCC_541\Debug\cyfitter_cfg.o
 .bss           0x00000000        0x0 .\CortexM3\ARM_GCC_541\Debug\cyfitter_cfg.o
 .text.SetAnalogRoutingPumps
                0x00000000       0x1c .\CortexM3\ARM_GCC_541\Debug\cyfitter_cfg.o
 .text          0x00000000        0x0 .\CortexM3\ARM_GCC_541\Debug\cymetadata.o
 .data          0x00000000        0x0 .\CortexM3\ARM_GCC_541\Debug\cymetadata.o
 .bss           0x00000000        0x0 .\CortexM3\ARM_GCC_541\Debug\cymetadata.o
 .text          0x00000000        0x0 .\CortexM3\ARM_GCC_541\Debug\Cm3Start.o
 .data          0x00000000        0x4 .\CortexM3\ARM_GCC_541\Debug\Cm3Start.o
 .bss           0x00000000        0x0 .\CortexM3\ARM_GCC_541\Debug\Cm3Start.o
 .text._exit    0x00000000        0xc .\CortexM3\ARM_GCC_541\Debug\Cm3Start.o
 .text._sbrk    0x00000000       0x30 .\CortexM3\ARM_GCC_541\Debug\Cm3Start.o
 .text          0x00000000        0x0 .\CortexM3\ARM_GCC_541\Debug\CapSense_PWM_LED.a(CapSense_1.o)
 .text.CapSense_1_ReadSensorRaw
                0x00000000        0xc .\CortexM3\ARM_GCC_541\Debug\CapSense_PWM_LED.a(CapSense_1.o)
 .text.CapSense_1_Stop
                0x00000000       0x68 .\CortexM3\ARM_GCC_541\Debug\CapSense_PWM_LED.a(CapSense_1.o)
 .text.CapSense_1_GetPrescaler
                0x00000000        0xc .\CortexM3\ARM_GCC_541\Debug\CapSense_PWM_LED.a(CapSense_1.o)
 .text.CapSense_1_SetScanSpeed
                0x00000000        0xc .\CortexM3\ARM_GCC_541\Debug\CapSense_PWM_LED.a(CapSense_1.o)
 .text          0x00000000        0x0 .\CortexM3\ARM_GCC_541\Debug\CapSense_PWM_LED.a(CapSense_1_CSHL.o)
 .data          0x00000000        0x3 .\CortexM3\ARM_GCC_541\Debug\CapSense_PWM_LED.a(CapSense_1_CSHL.o)
 .bss           0x00000000        0x7 .\CortexM3\ARM_GCC_541\Debug\CapSense_PWM_LED.a(CapSense_1_CSHL.o)
 .text.CapSense_1_InitializeEnabledBaselines
                0x00000000       0x44 .\CortexM3\ARM_GCC_541\Debug\CapSense_PWM_LED.a(CapSense_1_CSHL.o)
 .text.CapSense_1_CheckIsSensorActive
                0x00000000       0x5c .\CortexM3\ARM_GCC_541\Debug\CapSense_PWM_LED.a(CapSense_1_CSHL.o)
 .text.CapSense_1_CheckIsWidgetActive
                0x00000000       0x1c .\CortexM3\ARM_GCC_541\Debug\CapSense_PWM_LED.a(CapSense_1_CSHL.o)
 .text.CapSense_1_CheckIsAnyWidgetActive
                0x00000000       0x20 .\CortexM3\ARM_GCC_541\Debug\CapSense_PWM_LED.a(CapSense_1_CSHL.o)
 .text.CapSense_1_EnableWidget
                0x00000000       0x28 .\CortexM3\ARM_GCC_541\Debug\CapSense_PWM_LED.a(CapSense_1_CSHL.o)
 .text.CapSense_1_DisableWidget
                0x00000000       0x2c .\CortexM3\ARM_GCC_541\Debug\CapSense_PWM_LED.a(CapSense_1_CSHL.o)
 .text.CapSense_1_FindMaximum
                0x00000000       0x2c .\CortexM3\ARM_GCC_541\Debug\CapSense_PWM_LED.a(CapSense_1_CSHL.o)
 .text.CapSense_1_CalcCentroid
                0x00000000       0xb0 .\CortexM3\ARM_GCC_541\Debug\CapSense_PWM_LED.a(CapSense_1_CSHL.o)
 .text.CapSense_1_IIR4Filter
                0x00000000        0xc .\CortexM3\ARM_GCC_541\Debug\CapSense_PWM_LED.a(CapSense_1_CSHL.o)
 .text.CapSense_1_GetCentroidPos
                0x00000000       0x5c .\CortexM3\ARM_GCC_541\Debug\CapSense_PWM_LED.a(CapSense_1_CSHL.o)
 .rodata        0x00000000       0x1d .\CortexM3\ARM_GCC_541\Debug\CapSense_PWM_LED.a(CapSense_1_CSHL.o)
 .text          0x00000000        0x0 .\CortexM3\ARM_GCC_541\Debug\CapSense_PWM_LED.a(CapSense_1_INT.o)
 .data          0x00000000        0x0 .\CortexM3\ARM_GCC_541\Debug\CapSense_PWM_LED.a(CapSense_1_INT.o)
 .bss           0x00000000        0x0 .\CortexM3\ARM_GCC_541\Debug\CapSense_PWM_LED.a(CapSense_1_INT.o)
 .text          0x00000000        0x0 .\CortexM3\ARM_GCC_541\Debug\CapSense_PWM_LED.a(PWM_1.o)
 .data          0x00000000        0x0 .\CortexM3\ARM_GCC_541\Debug\CapSense_PWM_LED.a(PWM_1.o)
 .text.PWM_1_Stop
                0x00000000       0x10 .\CortexM3\ARM_GCC_541\Debug\CapSense_PWM_LED.a(PWM_1.o)
 .text.PWM_1_ReadCounter
                0x00000000       0x14 .\CortexM3\ARM_GCC_541\Debug\CapSense_PWM_LED.a(PWM_1.o)
 .text.PWM_1_ReadControlRegister
                0x00000000        0xc .\CortexM3\ARM_GCC_541\Debug\CapSense_PWM_LED.a(PWM_1.o)
 .text.PWM_1_WriteControlRegister
                0x00000000        0xc .\CortexM3\ARM_GCC_541\Debug\CapSense_PWM_LED.a(PWM_1.o)
 .text.PWM_1_ReadCompare
                0x00000000        0xc .\CortexM3\ARM_GCC_541\Debug\CapSense_PWM_LED.a(PWM_1.o)
 .text.PWM_1_ReadPeriod
                0x00000000        0xc .\CortexM3\ARM_GCC_541\Debug\CapSense_PWM_LED.a(PWM_1.o)
 .text          0x00000000        0x0 .\CortexM3\ARM_GCC_541\Debug\CapSense_PWM_LED.a(CapSense_1_CompCH0.o)
 .data          0x00000000        0x0 .\CortexM3\ARM_GCC_541\Debug\CapSense_PWM_LED.a(CapSense_1_CompCH0.o)
 .bss           0x00000000        0x1 .\CortexM3\ARM_GCC_541\Debug\CapSense_PWM_LED.a(CapSense_1_CompCH0.o)
 .text.CapSense_1_CompCH0_trimAdjust
                0x00000000       0x78 .\CortexM3\ARM_GCC_541\Debug\CapSense_PWM_LED.a(CapSense_1_CompCH0.o)
 .text.CapSense_1_CompCH0_Stop
                0x00000000       0x1c .\CortexM3\ARM_GCC_541\Debug\CapSense_PWM_LED.a(CapSense_1_CompCH0.o)
 .text.CapSense_1_CompCH0_Start
                0x00000000       0x1c .\CortexM3\ARM_GCC_541\Debug\CapSense_PWM_LED.a(CapSense_1_CompCH0.o)
 .text.CapSense_1_CompCH0_GetCompare
                0x00000000       0x10 .\CortexM3\ARM_GCC_541\Debug\CapSense_PWM_LED.a(CapSense_1_CompCH0.o)
 .text.CapSense_1_CompCH0_ZeroCal
                0x00000000       0x90 .\CortexM3\ARM_GCC_541\Debug\CapSense_PWM_LED.a(CapSense_1_CompCH0.o)
 .text.CapSense_1_CompCH0_LoadTrim
                0x00000000       0x14 .\CortexM3\ARM_GCC_541\Debug\CapSense_PWM_LED.a(CapSense_1_CompCH0.o)
 .text.CapSense_1_CompCH0_PwrDwnOverrideEnable
                0x00000000       0x10 .\CortexM3\ARM_GCC_541\Debug\CapSense_PWM_LED.a(CapSense_1_CompCH0.o)
 .text.CapSense_1_CompCH0_PwrDwnOverrideDisable
                0x00000000       0x10 .\CortexM3\ARM_GCC_541\Debug\CapSense_PWM_LED.a(CapSense_1_CompCH0.o)
 .text          0x00000000        0x0 .\CortexM3\ARM_GCC_541\Debug\CapSense_PWM_LED.a(CapSense_1_IdacCH0.o)
 .data          0x00000000        0x0 .\CortexM3\ARM_GCC_541\Debug\CapSense_PWM_LED.a(CapSense_1_IdacCH0.o)
 .bss           0x00000000        0x1 .\CortexM3\ARM_GCC_541\Debug\CapSense_PWM_LED.a(CapSense_1_IdacCH0.o)
 .text.CapSense_1_IdacCH0_Stop
                0x00000000       0x1c .\CortexM3\ARM_GCC_541\Debug\CapSense_PWM_LED.a(CapSense_1_IdacCH0.o)
 .text.CapSense_1_IdacCH0_Start
                0x00000000       0x24 .\CortexM3\ARM_GCC_541\Debug\CapSense_PWM_LED.a(CapSense_1_IdacCH0.o)
 .text          0x00000000        0x0 .\CortexM3\ARM_GCC_541\Debug\CapSense_PWM_LED.a(CapSense_1_AMuxCH0.o)
 .data          0x00000000        0x1 .\CortexM3\ARM_GCC_541\Debug\CapSense_PWM_LED.a(CapSense_1_AMuxCH0.o)
 .bss           0x00000000        0x1 .\CortexM3\ARM_GCC_541\Debug\CapSense_PWM_LED.a(CapSense_1_AMuxCH0.o)
 .text.CapSense_1_AMuxCH0_FastSelect
                0x00000000       0x20 .\CortexM3\ARM_GCC_541\Debug\CapSense_PWM_LED.a(CapSense_1_AMuxCH0.o)
 .text.CapSense_1_AMuxCH0_Start
                0x00000000       0x14 .\CortexM3\ARM_GCC_541\Debug\CapSense_PWM_LED.a(CapSense_1_AMuxCH0.o)
 .text.CapSense_1_AMuxCH0_Stop
                0x00000000        0x8 .\CortexM3\ARM_GCC_541\Debug\CapSense_PWM_LED.a(CapSense_1_AMuxCH0.o)
 .text.CapSense_1_AMuxCH0_Select
                0x00000000       0x18 .\CortexM3\ARM_GCC_541\Debug\CapSense_PWM_LED.a(CapSense_1_AMuxCH0.o)
 .text          0x00000000        0x0 .\CortexM3\ARM_GCC_541\Debug\CapSense_PWM_LED.a(CapSense_1_IntClock.o)
 .data          0x00000000        0x0 .\CortexM3\ARM_GCC_541\Debug\CapSense_PWM_LED.a(CapSense_1_IntClock.o)
 .bss           0x00000000        0x0 .\CortexM3\ARM_GCC_541\Debug\CapSense_PWM_LED.a(CapSense_1_IntClock.o)
 .text.CapSense_1_IntClock_Stop
                0x00000000       0x1c .\CortexM3\ARM_GCC_541\Debug\CapSense_PWM_LED.a(CapSense_1_IntClock.o)
 .text.CapSense_1_IntClock_StopBlock
                0x00000000       0x6c .\CortexM3\ARM_GCC_541\Debug\CapSense_PWM_LED.a(CapSense_1_IntClock.o)
 .text.CapSense_1_IntClock_StandbyPower
                0x00000000       0x20 .\CortexM3\ARM_GCC_541\Debug\CapSense_PWM_LED.a(CapSense_1_IntClock.o)
 .text.CapSense_1_IntClock_GetDividerRegister
                0x00000000        0xc .\CortexM3\ARM_GCC_541\Debug\CapSense_PWM_LED.a(CapSense_1_IntClock.o)
 .text.CapSense_1_IntClock_SetModeRegister
                0x00000000       0x14 .\CortexM3\ARM_GCC_541\Debug\CapSense_PWM_LED.a(CapSense_1_IntClock.o)
 .text.CapSense_1_IntClock_ClearModeRegister
                0x00000000       0x18 .\CortexM3\ARM_GCC_541\Debug\CapSense_PWM_LED.a(CapSense_1_IntClock.o)
 .text.CapSense_1_IntClock_GetModeRegister
                0x00000000       0x10 .\CortexM3\ARM_GCC_541\Debug\CapSense_PWM_LED.a(CapSense_1_IntClock.o)
 .text.CapSense_1_IntClock_GetSourceRegister
                0x00000000       0x10 .\CortexM3\ARM_GCC_541\Debug\CapSense_PWM_LED.a(CapSense_1_IntClock.o)
 .text.CapSense_1_IntClock_SetDividerRegister
                0x00000000       0xd8 .\CortexM3\ARM_GCC_541\Debug\CapSense_PWM_LED.a(CapSense_1_IntClock.o)
 .text.CapSense_1_IntClock_SetSourceRegister
                0x00000000       0x5c .\CortexM3\ARM_GCC_541\Debug\CapSense_PWM_LED.a(CapSense_1_IntClock.o)
 .text          0x00000000        0x0 .\CortexM3\ARM_GCC_541\Debug\CapSense_PWM_LED.a(CyLib.o)
 .data          0x00000000       0x10 .\CortexM3\ARM_GCC_541\Debug\CapSense_PWM_LED.a(CyLib.o)
 .bss           0x00000000       0x1c .\CortexM3\ARM_GCC_541\Debug\CapSense_PWM_LED.a(CyLib.o)
 .text.CyUSB_PowerOnCheck
                0x00000000       0x48 .\CortexM3\ARM_GCC_541\Debug\CapSense_PWM_LED.a(CyLib.o)
 .text.CyBusClk_Internal_SetDivider
                0x00000000       0x48 .\CortexM3\ARM_GCC_541\Debug\CapSense_PWM_LED.a(CyLib.o)
 .text.CyPLL_OUT_Stop
                0x00000000       0x10 .\CortexM3\ARM_GCC_541\Debug\CapSense_PWM_LED.a(CyLib.o)
 .text.CyIMO_Stop
                0x00000000       0x1c .\CortexM3\ARM_GCC_541\Debug\CapSense_PWM_LED.a(CyLib.o)
 .text.CyIMO_EnableDoubler
                0x00000000       0x10 .\CortexM3\ARM_GCC_541\Debug\CapSense_PWM_LED.a(CyLib.o)
 .text.CyIMO_DisableDoubler
                0x00000000       0x10 .\CortexM3\ARM_GCC_541\Debug\CapSense_PWM_LED.a(CyLib.o)
 .text.CyMasterClk_SetSource
                0x00000000       0x18 .\CortexM3\ARM_GCC_541\Debug\CapSense_PWM_LED.a(CyLib.o)
 .text.CyMasterClk_SetDivider
                0x00000000        0xc .\CortexM3\ARM_GCC_541\Debug\CapSense_PWM_LED.a(CyLib.o)
 .text.CyBusClk_SetDivider
                0x00000000       0x70 .\CortexM3\ARM_GCC_541\Debug\CapSense_PWM_LED.a(CyLib.o)
 .text.CyUsbClk_SetSource
                0x00000000       0x18 .\CortexM3\ARM_GCC_541\Debug\CapSense_PWM_LED.a(CyLib.o)
 .text.CyILO_Start1K
                0x00000000       0x10 .\CortexM3\ARM_GCC_541\Debug\CapSense_PWM_LED.a(CyLib.o)
 .text.CyILO_Stop1K
                0x00000000       0x10 .\CortexM3\ARM_GCC_541\Debug\CapSense_PWM_LED.a(CyLib.o)
 .text.CyILO_Start100K
                0x00000000       0x10 .\CortexM3\ARM_GCC_541\Debug\CapSense_PWM_LED.a(CyLib.o)
 .text.CyILO_Stop100K
                0x00000000       0x10 .\CortexM3\ARM_GCC_541\Debug\CapSense_PWM_LED.a(CyLib.o)
 .text.CyPLL_OUT_Start
                0x00000000       0x78 .\CortexM3\ARM_GCC_541\Debug\CapSense_PWM_LED.a(CyLib.o)
 .text.CyIMO_Start
                0x00000000       0x60 .\CortexM3\ARM_GCC_541\Debug\CapSense_PWM_LED.a(CyLib.o)
 .text.CyILO_Enable33K
                0x00000000       0x10 .\CortexM3\ARM_GCC_541\Debug\CapSense_PWM_LED.a(CyLib.o)
 .text.CyILO_Disable33K
                0x00000000       0x10 .\CortexM3\ARM_GCC_541\Debug\CapSense_PWM_LED.a(CyLib.o)
 .text.CyILO_SetSource
                0x00000000       0x18 .\CortexM3\ARM_GCC_541\Debug\CapSense_PWM_LED.a(CyLib.o)
 .text.CyILO_SetPowerMode
                0x00000000       0x24 .\CortexM3\ARM_GCC_541\Debug\CapSense_PWM_LED.a(CyLib.o)
 .text.CyXTAL_32KHZ_Stop
                0x00000000       0x30 .\CortexM3\ARM_GCC_541\Debug\CapSense_PWM_LED.a(CyLib.o)
 .text.CyXTAL_32KHZ_ReadStatus
                0x00000000       0x10 .\CortexM3\ARM_GCC_541\Debug\CapSense_PWM_LED.a(CyLib.o)
 .text.CyXTAL_Start
                0x00000000       0xac .\CortexM3\ARM_GCC_541\Debug\CapSense_PWM_LED.a(CyLib.o)
 .text.CyXTAL_Stop
                0x00000000       0x10 .\CortexM3\ARM_GCC_541\Debug\CapSense_PWM_LED.a(CyLib.o)
 .text.CyXTAL_EnableErrStatus
                0x00000000       0x10 .\CortexM3\ARM_GCC_541\Debug\CapSense_PWM_LED.a(CyLib.o)
 .text.CyXTAL_DisableErrStatus
                0x00000000       0x10 .\CortexM3\ARM_GCC_541\Debug\CapSense_PWM_LED.a(CyLib.o)
 .text.CyXTAL_ReadStatus
                0x00000000       0x18 .\CortexM3\ARM_GCC_541\Debug\CapSense_PWM_LED.a(CyLib.o)
 .text.CyXTAL_EnableFaultRecovery
                0x00000000       0x10 .\CortexM3\ARM_GCC_541\Debug\CapSense_PWM_LED.a(CyLib.o)
 .text.CyXTAL_DisableFaultRecovery
                0x00000000       0x10 .\CortexM3\ARM_GCC_541\Debug\CapSense_PWM_LED.a(CyLib.o)
 .text.CyXTAL_SetStartup
                0x00000000       0x18 .\CortexM3\ARM_GCC_541\Debug\CapSense_PWM_LED.a(CyLib.o)
 .text.CyXTAL_SetFbVoltage
                0x00000000       0x18 .\CortexM3\ARM_GCC_541\Debug\CapSense_PWM_LED.a(CyLib.o)
 .text.CyXTAL_SetWdVoltage
                0x00000000       0x18 .\CortexM3\ARM_GCC_541\Debug\CapSense_PWM_LED.a(CyLib.o)
 .text.CyPLL_OUT_SetPQ
                0x00000000       0x60 .\CortexM3\ARM_GCC_541\Debug\CapSense_PWM_LED.a(CyLib.o)
 .text.CyPLL_OUT_SetSource
                0x00000000       0x34 .\CortexM3\ARM_GCC_541\Debug\CapSense_PWM_LED.a(CyLib.o)
 .text.CyIMO_SetTrimValue
                0x00000000       0xcc .\CortexM3\ARM_GCC_541\Debug\CapSense_PWM_LED.a(CyLib.o)
 .text.CyIMO_SetFreq
                0x00000000       0xf4 .\CortexM3\ARM_GCC_541\Debug\CapSense_PWM_LED.a(CyLib.o)
 .text.CyIMO_SetSource
                0x00000000       0x58 .\CortexM3\ARM_GCC_541\Debug\CapSense_PWM_LED.a(CyLib.o)
 .text.CySoftwareReset
                0x00000000       0x10 .\CortexM3\ARM_GCC_541\Debug\CapSense_PWM_LED.a(CyLib.o)
 .text.CyDelay  0x00000000       0x2c .\CortexM3\ARM_GCC_541\Debug\CapSense_PWM_LED.a(CyLib.o)
 .text.CyDelayUs
                0x00000000       0x14 .\CortexM3\ARM_GCC_541\Debug\CapSense_PWM_LED.a(CyLib.o)
 .text.CyXTAL_32KHZ_SetPowerMode
                0x00000000       0x84 .\CortexM3\ARM_GCC_541\Debug\CapSense_PWM_LED.a(CyLib.o)
 .text.CyXTAL_32KHZ_Start
                0x00000000       0x74 .\CortexM3\ARM_GCC_541\Debug\CapSense_PWM_LED.a(CyLib.o)
 .text.CyDelayFreq
                0x00000000       0x4c .\CortexM3\ARM_GCC_541\Debug\CapSense_PWM_LED.a(CyLib.o)
 .text.CyWdtStart
                0x00000000       0x40 .\CortexM3\ARM_GCC_541\Debug\CapSense_PWM_LED.a(CyLib.o)
 .text.CyWdtClear
                0x00000000        0xc .\CortexM3\ARM_GCC_541\Debug\CapSense_PWM_LED.a(CyLib.o)
 .text.CyVdStickyStatus
                0x00000000       0x2c .\CortexM3\ARM_GCC_541\Debug\CapSense_PWM_LED.a(CyLib.o)
 .text.CyVdLvDigitEnable
                0x00000000       0x84 .\CortexM3\ARM_GCC_541\Debug\CapSense_PWM_LED.a(CyLib.o)
 .text.CyVdLvAnalogEnable
                0x00000000       0x80 .\CortexM3\ARM_GCC_541\Debug\CapSense_PWM_LED.a(CyLib.o)
 .text.CyVdLvDigitDisable
                0x00000000       0x30 .\CortexM3\ARM_GCC_541\Debug\CapSense_PWM_LED.a(CyLib.o)
 .text.CyVdLvAnalogDisable
                0x00000000       0x28 .\CortexM3\ARM_GCC_541\Debug\CapSense_PWM_LED.a(CyLib.o)
 .text.CyVdHvAnalogEnable
                0x00000000       0x54 .\CortexM3\ARM_GCC_541\Debug\CapSense_PWM_LED.a(CyLib.o)
 .text.CyVdHvAnalogDisable
                0x00000000       0x20 .\CortexM3\ARM_GCC_541\Debug\CapSense_PWM_LED.a(CyLib.o)
 .text.CyVdRealTimeStatus
                0x00000000       0x1c .\CortexM3\ARM_GCC_541\Debug\CapSense_PWM_LED.a(CyLib.o)
 .text.CyDisableInts
                0x00000000       0x1c .\CortexM3\ARM_GCC_541\Debug\CapSense_PWM_LED.a(CyLib.o)
 .text.CyEnableInts
                0x00000000       0x18 .\CortexM3\ARM_GCC_541\Debug\CapSense_PWM_LED.a(CyLib.o)
 .text.CyFlushCache
                0x00000000       0x44 .\CortexM3\ARM_GCC_541\Debug\CapSense_PWM_LED.a(CyLib.o)
 .text.CyIntSetSysVector
                0x00000000       0x28 .\CortexM3\ARM_GCC_541\Debug\CapSense_PWM_LED.a(CyLib.o)
 .text.CyIntGetSysVector
                0x00000000       0x20 .\CortexM3\ARM_GCC_541\Debug\CapSense_PWM_LED.a(CyLib.o)
 .text.CyIntGetVector
                0x00000000       0x24 .\CortexM3\ARM_GCC_541\Debug\CapSense_PWM_LED.a(CyLib.o)
 .text.CyIntGetPriority
                0x00000000       0x20 .\CortexM3\ARM_GCC_541\Debug\CapSense_PWM_LED.a(CyLib.o)
 .text.CyIntGetState
                0x00000000       0x24 .\CortexM3\ARM_GCC_541\Debug\CapSense_PWM_LED.a(CyLib.o)
 .text.CySysTickStop
                0x00000000       0x10 .\CortexM3\ARM_GCC_541\Debug\CapSense_PWM_LED.a(CyLib.o)
 .text.CySysTickEnableInterrupt
                0x00000000       0x10 .\CortexM3\ARM_GCC_541\Debug\CapSense_PWM_LED.a(CyLib.o)
 .text.CySysTickEnable
                0x00000000       0x18 .\CortexM3\ARM_GCC_541\Debug\CapSense_PWM_LED.a(CyLib.o)
 .text.CySysTickDisableInterrupt
                0x00000000       0x10 .\CortexM3\ARM_GCC_541\Debug\CapSense_PWM_LED.a(CyLib.o)
 .text.CySysTickSetReload
                0x00000000       0x10 .\CortexM3\ARM_GCC_541\Debug\CapSense_PWM_LED.a(CyLib.o)
 .text.CySysTickGetReload
                0x00000000       0x10 .\CortexM3\ARM_GCC_541\Debug\CapSense_PWM_LED.a(CyLib.o)
 .text.CySysTickGetValue
                0x00000000       0x10 .\CortexM3\ARM_GCC_541\Debug\CapSense_PWM_LED.a(CyLib.o)
 .text.CySysTickSetClockSource
                0x00000000       0x20 .\CortexM3\ARM_GCC_541\Debug\CapSense_PWM_LED.a(CyLib.o)
 .text.CySysTickGetClockSource
                0x00000000       0x10 .\CortexM3\ARM_GCC_541\Debug\CapSense_PWM_LED.a(CyLib.o)
 .text.CySysTickGetCountFlag
                0x00000000       0x10 .\CortexM3\ARM_GCC_541\Debug\CapSense_PWM_LED.a(CyLib.o)
 .text.CySysTickServiceCallbacks
                0x00000000       0x28 .\CortexM3\ARM_GCC_541\Debug\CapSense_PWM_LED.a(CyLib.o)
 .text.CySysTickClear
                0x00000000        0xc .\CortexM3\ARM_GCC_541\Debug\CapSense_PWM_LED.a(CyLib.o)
 .text.CySysTickInit
                0x00000000       0x58 .\CortexM3\ARM_GCC_541\Debug\CapSense_PWM_LED.a(CyLib.o)
 .text.CySysTickStart
                0x00000000       0x1c .\CortexM3\ARM_GCC_541\Debug\CapSense_PWM_LED.a(CyLib.o)
 .text.CySysTickSetCallback
                0x00000000       0x10 .\CortexM3\ARM_GCC_541\Debug\CapSense_PWM_LED.a(CyLib.o)
 .text.CySysTickGetCallback
                0x00000000       0x10 .\CortexM3\ARM_GCC_541\Debug\CapSense_PWM_LED.a(CyLib.o)
 .text.CyGetUniqueId
                0x00000000       0x70 .\CortexM3\ARM_GCC_541\Debug\CapSense_PWM_LED.a(CyLib.o)
 .text          0x00000000        0x0 .\CortexM3\ARM_GCC_541\Debug\CapSense_PWM_LED.a(cyPm.o)
 .data          0x00000000        0x0 .\CortexM3\ARM_GCC_541\Debug\CapSense_PWM_LED.a(cyPm.o)
 .bss           0x00000000       0x43 .\CortexM3\ARM_GCC_541\Debug\CapSense_PWM_LED.a(cyPm.o)
 .text.CyPmHibSlpSaveSet
                0x00000000      0x1dc .\CortexM3\ARM_GCC_541\Debug\CapSense_PWM_LED.a(cyPm.o)
 .text.CyPmHibSlpRestore
                0x00000000       0xd8 .\CortexM3\ARM_GCC_541\Debug\CapSense_PWM_LED.a(cyPm.o)
 .text.CyPmHviLviSaveDisable
                0x00000000       0xa0 .\CortexM3\ARM_GCC_541\Debug\CapSense_PWM_LED.a(cyPm.o)
 .text.CyPmHibSaveSet
                0x00000000       0x98 .\CortexM3\ARM_GCC_541\Debug\CapSense_PWM_LED.a(cyPm.o)
 .text.CyPmHviLviRestore
                0x00000000       0x48 .\CortexM3\ARM_GCC_541\Debug\CapSense_PWM_LED.a(cyPm.o)
 .text.CyPmHibRestore
                0x00000000       0x60 .\CortexM3\ARM_GCC_541\Debug\CapSense_PWM_LED.a(cyPm.o)
 .text.CyPmSaveClocks
                0x00000000      0x218 .\CortexM3\ARM_GCC_541\Debug\CapSense_PWM_LED.a(cyPm.o)
 .text.CyPmRestoreClocks
                0x00000000      0x24c .\CortexM3\ARM_GCC_541\Debug\CapSense_PWM_LED.a(cyPm.o)
 .text.CyPmAltAct
                0x00000000       0x6c .\CortexM3\ARM_GCC_541\Debug\CapSense_PWM_LED.a(cyPm.o)
 .text.CyPmSleep
                0x00000000       0xf4 .\CortexM3\ARM_GCC_541\Debug\CapSense_PWM_LED.a(cyPm.o)
 .text.CyPmHibernateEx
                0x00000000       0xf4 .\CortexM3\ARM_GCC_541\Debug\CapSense_PWM_LED.a(cyPm.o)
 .text.CyPmHibernate
                0x00000000        0xc .\CortexM3\ARM_GCC_541\Debug\CapSense_PWM_LED.a(cyPm.o)
 .text.CyPmReadStatus
                0x00000000       0x30 .\CortexM3\ARM_GCC_541\Debug\CapSense_PWM_LED.a(cyPm.o)
 .text.CyPmCtwSetInterval
                0x00000000       0x5c .\CortexM3\ARM_GCC_541\Debug\CapSense_PWM_LED.a(cyPm.o)
 .text.CyPmOppsSet
                0x00000000       0x2c .\CortexM3\ARM_GCC_541\Debug\CapSense_PWM_LED.a(cyPm.o)
 .text.CyPmFtwSetInterval
                0x00000000       0x5c .\CortexM3\ARM_GCC_541\Debug\CapSense_PWM_LED.a(cyPm.o)
 .rodata        0x00000000        0xf .\CortexM3\ARM_GCC_541\Debug\CapSense_PWM_LED.a(cyPm.o)
 .data          0x00000000        0x0 .\CortexM3\ARM_GCC_541\Debug\CapSense_PWM_LED.a(CyBootAsmGnu.o)
 .bss           0x00000000        0x0 .\CortexM3\ARM_GCC_541\Debug\CapSense_PWM_LED.a(CyBootAsmGnu.o)
 .text          0x00000000        0x0 .\CortexM3\ARM_GCC_541\Debug\CapSense_PWM_LED.a(CyFlash.o)
 .data          0x00000000        0x0 .\CortexM3\ARM_GCC_541\Debug\CapSense_PWM_LED.a(CyFlash.o)
 .bss           0x00000000        0x0 .\CortexM3\ARM_GCC_541\Debug\CapSense_PWM_LED.a(CyFlash.o)
 .text.CySetTempInt
                0x00000000       0x60 .\CortexM3\ARM_GCC_541\Debug\CapSense_PWM_LED.a(CyFlash.o)
 .text.CyFlash_Start
                0x00000000       0x54 .\CortexM3\ARM_GCC_541\Debug\CapSense_PWM_LED.a(CyFlash.o)
 .text.CyFlash_Stop
                0x00000000       0x24 .\CortexM3\ARM_GCC_541\Debug\CapSense_PWM_LED.a(CyFlash.o)
 .text.CyFlash_EraseRow
                0x00000000       0x78 .\CortexM3\ARM_GCC_541\Debug\CapSense_PWM_LED.a(CyFlash.o)
 .text.CyFlashGetSpcAlgorithm
                0x00000000       0x4c .\CortexM3\ARM_GCC_541\Debug\CapSense_PWM_LED.a(CyFlash.o)
 .text.CySetTemp
                0x00000000       0x14 .\CortexM3\ARM_GCC_541\Debug\CapSense_PWM_LED.a(CyFlash.o)
 .text.CySetFlashEEBuffer
                0x00000000       0x20 .\CortexM3\ARM_GCC_541\Debug\CapSense_PWM_LED.a(CyFlash.o)
 .text.CyWriteRowFull
                0x00000000       0xf8 .\CortexM3\ARM_GCC_541\Debug\CapSense_PWM_LED.a(CyFlash.o)
 .text.CyWriteRowData
                0x00000000       0x14 .\CortexM3\ARM_GCC_541\Debug\CapSense_PWM_LED.a(CyFlash.o)
 .text.CyFlash_SetWaitCycles
                0x00000000       0x7c .\CortexM3\ARM_GCC_541\Debug\CapSense_PWM_LED.a(CyFlash.o)
 .text.CyEEPROM_Start
                0x00000000       0x54 .\CortexM3\ARM_GCC_541\Debug\CapSense_PWM_LED.a(CyFlash.o)
 .text.CyEEPROM_Stop
                0x00000000       0x24 .\CortexM3\ARM_GCC_541\Debug\CapSense_PWM_LED.a(CyFlash.o)
 .text.CyEEPROM_ReadReserve
                0x00000000       0x1c .\CortexM3\ARM_GCC_541\Debug\CapSense_PWM_LED.a(CyFlash.o)
 .text.CyEEPROM_ReadRelease
                0x00000000       0x10 .\CortexM3\ARM_GCC_541\Debug\CapSense_PWM_LED.a(CyFlash.o)
 COMMON         0x00000000        0x2 .\CortexM3\ARM_GCC_541\Debug\CapSense_PWM_LED.a(CyFlash.o)
 .text          0x00000000        0x0 .\CortexM3\ARM_GCC_541\Debug\CapSense_PWM_LED.a(CySpc.o)
 .data          0x00000000        0x0 .\CortexM3\ARM_GCC_541\Debug\CapSense_PWM_LED.a(CySpc.o)
 .bss           0x00000000        0x8 .\CortexM3\ARM_GCC_541\Debug\CapSense_PWM_LED.a(CySpc.o)
 .text.CySpcStart
                0x00000000       0x24 .\CortexM3\ARM_GCC_541\Debug\CapSense_PWM_LED.a(CySpc.o)
 .text.CySpcStop
                0x00000000       0x24 .\CortexM3\ARM_GCC_541\Debug\CapSense_PWM_LED.a(CySpc.o)
 .text.CySpcReadData
                0x00000000       0x34 .\CortexM3\ARM_GCC_541\Debug\CapSense_PWM_LED.a(CySpc.o)
 .text.CySpcLoadMultiByte
                0x00000000       0x78 .\CortexM3\ARM_GCC_541\Debug\CapSense_PWM_LED.a(CySpc.o)
 .text.CySpcLoadRow
                0x00000000       0x50 .\CortexM3\ARM_GCC_541\Debug\CapSense_PWM_LED.a(CySpc.o)
 .text.CySpcLoadRowFull
                0x00000000       0x80 .\CortexM3\ARM_GCC_541\Debug\CapSense_PWM_LED.a(CySpc.o)
 .text.CySpcWriteRow
                0x00000000       0x4c .\CortexM3\ARM_GCC_541\Debug\CapSense_PWM_LED.a(CySpc.o)
 .text.CySpcEraseSector
                0x00000000       0x3c .\CortexM3\ARM_GCC_541\Debug\CapSense_PWM_LED.a(CySpc.o)
 .text.CySpcEraseRow
                0x00000000       0x4c .\CortexM3\ARM_GCC_541\Debug\CapSense_PWM_LED.a(CySpc.o)
 .text.CySpcGetTemp
                0x00000000       0x3c .\CortexM3\ARM_GCC_541\Debug\CapSense_PWM_LED.a(CySpc.o)
 .text.CySpcLock
                0x00000000       0x4c .\CortexM3\ARM_GCC_541\Debug\CapSense_PWM_LED.a(CySpc.o)
 .text.CySpcUnlock
                0x00000000       0x38 .\CortexM3\ARM_GCC_541\Debug\CapSense_PWM_LED.a(CySpc.o)
 .text.CySpcGetAlgorithm
                0x00000000       0x28 .\CortexM3\ARM_GCC_541\Debug\CapSense_PWM_LED.a(CySpc.o)
 .text          0x00000000        0x0 c:/program files (x86)/cypress/psoc creator/4.2/psoc creator/import/gnu/arm/5.4.1/bin/../lib/gcc/arm-none-eabi/5.4.1/../../../../arm-none-eabi/lib/armv7-m\libg_nano.a(lib_a-errno.o)
 .data          0x00000000        0x0 c:/program files (x86)/cypress/psoc creator/4.2/psoc creator/import/gnu/arm/5.4.1/bin/../lib/gcc/arm-none-eabi/5.4.1/../../../../arm-none-eabi/lib/armv7-m\libg_nano.a(lib_a-errno.o)
 .bss           0x00000000        0x0 c:/program files (x86)/cypress/psoc creator/4.2/psoc creator/import/gnu/arm/5.4.1/bin/../lib/gcc/arm-none-eabi/5.4.1/../../../../arm-none-eabi/lib/armv7-m\libg_nano.a(lib_a-errno.o)
 .text          0x00000000        0x0 c:/program files (x86)/cypress/psoc creator/4.2/psoc creator/import/gnu/arm/5.4.1/bin/../lib/gcc/arm-none-eabi/5.4.1/../../../../arm-none-eabi/lib/armv7-m\libg_nano.a(lib_a-exit.o)
 .data          0x00000000        0x0 c:/program files (x86)/cypress/psoc creator/4.2/psoc creator/import/gnu/arm/5.4.1/bin/../lib/gcc/arm-none-eabi/5.4.1/../../../../arm-none-eabi/lib/armv7-m\libg_nano.a(lib_a-exit.o)
 .bss           0x00000000        0x0 c:/program files (x86)/cypress/psoc creator/4.2/psoc creator/import/gnu/arm/5.4.1/bin/../lib/gcc/arm-none-eabi/5.4.1/../../../../arm-none-eabi/lib/armv7-m\libg_nano.a(lib_a-exit.o)
 .text.exit     0x00000000       0x28 c:/program files (x86)/cypress/psoc creator/4.2/psoc creator/import/gnu/arm/5.4.1/bin/../lib/gcc/arm-none-eabi/5.4.1/../../../../arm-none-eabi/lib/armv7-m\libg_nano.a(lib_a-exit.o)
 .text          0x00000000        0x0 c:/program files (x86)/cypress/psoc creator/4.2/psoc creator/import/gnu/arm/5.4.1/bin/../lib/gcc/arm-none-eabi/5.4.1/../../../../arm-none-eabi/lib/armv7-m\libg_nano.a(lib_a-impure.o)
 .data          0x00000000        0x0 c:/program files (x86)/cypress/psoc creator/4.2/psoc creator/import/gnu/arm/5.4.1/bin/../lib/gcc/arm-none-eabi/5.4.1/../../../../arm-none-eabi/lib/armv7-m\libg_nano.a(lib_a-impure.o)
 .bss           0x00000000        0x0 c:/program files (x86)/cypress/psoc creator/4.2/psoc creator/import/gnu/arm/5.4.1/bin/../lib/gcc/arm-none-eabi/5.4.1/../../../../arm-none-eabi/lib/armv7-m\libg_nano.a(lib_a-impure.o)
 .rodata._global_impure_ptr
                0x00000000        0x4 c:/program files (x86)/cypress/psoc creator/4.2/psoc creator/import/gnu/arm/5.4.1/bin/../lib/gcc/arm-none-eabi/5.4.1/../../../../arm-none-eabi/lib/armv7-m\libg_nano.a(lib_a-impure.o)
 .text          0x00000000        0x0 c:/program files (x86)/cypress/psoc creator/4.2/psoc creator/import/gnu/arm/5.4.1/bin/../lib/gcc/arm-none-eabi/5.4.1/../../../../arm-none-eabi/lib/armv7-m\libg_nano.a(lib_a-init.o)
 .data          0x00000000        0x0 c:/program files (x86)/cypress/psoc creator/4.2/psoc creator/import/gnu/arm/5.4.1/bin/../lib/gcc/arm-none-eabi/5.4.1/../../../../arm-none-eabi/lib/armv7-m\libg_nano.a(lib_a-init.o)
 .bss           0x00000000        0x0 c:/program files (x86)/cypress/psoc creator/4.2/psoc creator/import/gnu/arm/5.4.1/bin/../lib/gcc/arm-none-eabi/5.4.1/../../../../arm-none-eabi/lib/armv7-m\libg_nano.a(lib_a-init.o)
 .text          0x00000000        0x0 c:/program files (x86)/cypress/psoc creator/4.2/psoc creator/import/gnu/arm/5.4.1/bin/../lib/gcc/arm-none-eabi/5.4.1/../../../../arm-none-eabi/lib/armv7-m\libg_nano.a(lib_a-memcpy-stub.o)
 .data          0x00000000        0x0 c:/program files (x86)/cypress/psoc creator/4.2/psoc creator/import/gnu/arm/5.4.1/bin/../lib/gcc/arm-none-eabi/5.4.1/../../../../arm-none-eabi/lib/armv7-m\libg_nano.a(lib_a-memcpy-stub.o)
 .bss           0x00000000        0x0 c:/program files (x86)/cypress/psoc creator/4.2/psoc creator/import/gnu/arm/5.4.1/bin/../lib/gcc/arm-none-eabi/5.4.1/../../../../arm-none-eabi/lib/armv7-m\libg_nano.a(lib_a-memcpy-stub.o)
 .text          0x00000000        0x0 c:/program files (x86)/cypress/psoc creator/4.2/psoc creator/import/gnu/arm/5.4.1/bin/../lib/gcc/arm-none-eabi/5.4.1/../../../../arm-none-eabi/lib/armv7-m\libg_nano.a(lib_a-memset.o)
 .data          0x00000000        0x0 c:/program files (x86)/cypress/psoc creator/4.2/psoc creator/import/gnu/arm/5.4.1/bin/../lib/gcc/arm-none-eabi/5.4.1/../../../../arm-none-eabi/lib/armv7-m\libg_nano.a(lib_a-memset.o)
 .bss           0x00000000        0x0 c:/program files (x86)/cypress/psoc creator/4.2/psoc creator/import/gnu/arm/5.4.1/bin/../lib/gcc/arm-none-eabi/5.4.1/../../../../arm-none-eabi/lib/armv7-m\libg_nano.a(lib_a-memset.o)
 .text          0x00000000        0x0 c:/program files (x86)/cypress/psoc creator/4.2/psoc creator/import/gnu/arm/5.4.1/bin/../lib/gcc/arm-none-eabi/5.4.1/armv7-m/crtend.o
 .data          0x00000000        0x0 c:/program files (x86)/cypress/psoc creator/4.2/psoc creator/import/gnu/arm/5.4.1/bin/../lib/gcc/arm-none-eabi/5.4.1/armv7-m/crtend.o
 .bss           0x00000000        0x0 c:/program files (x86)/cypress/psoc creator/4.2/psoc creator/import/gnu/arm/5.4.1/bin/../lib/gcc/arm-none-eabi/5.4.1/armv7-m/crtend.o
 .text          0x00000000        0x0 c:/program files (x86)/cypress/psoc creator/4.2/psoc creator/import/gnu/arm/5.4.1/bin/../lib/gcc/arm-none-eabi/5.4.1/armv7-m/crtn.o
 .data          0x00000000        0x0 c:/program files (x86)/cypress/psoc creator/4.2/psoc creator/import/gnu/arm/5.4.1/bin/../lib/gcc/arm-none-eabi/5.4.1/armv7-m/crtn.o
 .bss           0x00000000        0x0 c:/program files (x86)/cypress/psoc creator/4.2/psoc creator/import/gnu/arm/5.4.1/bin/../lib/gcc/arm-none-eabi/5.4.1/armv7-m/crtn.o

Memory Configuration

Name             Origin             Length             Attributes
rom              0x00000000         0x00040000         xr
ram              0x1fff8000         0x00010000         xrw
*default*        0x00000000         0xffffffff

Linker script and memory map

LOAD c:/program files (x86)/cypress/psoc creator/4.2/psoc creator/import/gnu/arm/5.4.1/bin/../lib/gcc/arm-none-eabi/5.4.1/armv7-m/crti.o
LOAD c:/program files (x86)/cypress/psoc creator/4.2/psoc creator/import/gnu/arm/5.4.1/bin/../lib/gcc/arm-none-eabi/5.4.1/armv7-m/crtbegin.o
LOAD c:/program files (x86)/cypress/psoc creator/4.2/psoc creator/import/gnu/arm/5.4.1/bin/../lib/gcc/arm-none-eabi/5.4.1/../../../../arm-none-eabi/lib/armv7-m/crt0.o
START GROUP
LOAD .\CortexM3\ARM_GCC_541\Debug\main.o
LOAD .\CortexM3\ARM_GCC_541\Debug\cyfitter_cfg.o
LOAD .\CortexM3\ARM_GCC_541\Debug\cymetadata.o
LOAD .\CortexM3\ARM_GCC_541\Debug\Cm3Start.o
LOAD .\CortexM3\ARM_GCC_541\Debug\CapSense_PWM_LED.a
LOAD C:\Program Files (x86)\Cypress\PSoC Creator\4.2\PSoC Creator\psoc\content\CyComponentLibrary\CyComponentLibrary.cylib\CapSense_CSD_v3_50\Library\CapSenseLibrary_GCC.a
LOAD C:\Program Files (x86)\Cypress\PSoC Creator\4.2\PSoC Creator\psoc\content\cycomponentlibrary\CyComponentLibrary.cylib\CortexM3\ARM_GCC_541\Debug\CyComponentLibrary.a
END GROUP
START GROUP
LOAD c:/program files (x86)/cypress/psoc creator/4.2/psoc creator/import/gnu/arm/5.4.1/bin/../lib/gcc/arm-none-eabi/5.4.1/armv7-m\libgcc.a
LOAD c:/program files (x86)/cypress/psoc creator/4.2/psoc creator/import/gnu/arm/5.4.1/bin/../lib/gcc/arm-none-eabi/5.4.1/../../../../arm-none-eabi/lib/armv7-m\libg_nano.a
LOAD c:/program files (x86)/cypress/psoc creator/4.2/psoc creator/import/gnu/arm/5.4.1/bin/../lib/gcc/arm-none-eabi/5.4.1/../../../../arm-none-eabi/lib/armv7-m\libc_nano.a
END GROUP
START GROUP
LOAD c:/program files (x86)/cypress/psoc creator/4.2/psoc creator/import/gnu/arm/5.4.1/bin/../lib/gcc/arm-none-eabi/5.4.1/armv7-m\libgcc.a
LOAD c:/program files (x86)/cypress/psoc creator/4.2/psoc creator/import/gnu/arm/5.4.1/bin/../lib/gcc/arm-none-eabi/5.4.1/../../../../arm-none-eabi/lib/armv7-m\libc_nano.a
END GROUP
LOAD c:/program files (x86)/cypress/psoc creator/4.2/psoc creator/import/gnu/arm/5.4.1/bin/../lib/gcc/arm-none-eabi/5.4.1/armv7-m/crtend.o
LOAD c:/program files (x86)/cypress/psoc creator/4.2/psoc creator/import/gnu/arm/5.4.1/bin/../lib/gcc/arm-none-eabi/5.4.1/armv7-m/crtn.o
START GROUP
LOAD c:/program files (x86)/cypress/psoc creator/4.2/psoc creator/import/gnu/arm/5.4.1/bin/../lib/gcc/arm-none-eabi/5.4.1/armv7-m\libgcc.a
LOAD c:/program files (x86)/cypress/psoc creator/4.2/psoc creator/import/gnu/arm/5.4.1/bin/../lib/gcc/arm-none-eabi/5.4.1/../../../../arm-none-eabi/lib/armv7-m\libc.a
LOAD c:/program files (x86)/cypress/psoc creator/4.2/psoc creator/import/gnu/arm/5.4.1/bin/../lib/gcc/arm-none-eabi/5.4.1/../../../../arm-none-eabi/lib/armv7-m\libnosys.a
END GROUP
                0x00000000                CY_APPL_ORIGIN = 0x0
                0x00000100                CY_FLASH_ROW_SIZE = 0x100
                0x00000020                CY_ECC_ROW_SIZE = 0x20
                0x00000000                CY_EE_IN_BTLDR = 0x0
                0x00000000                CY_APPL_LOADABLE = 0x0
                0x00000800                CY_EE_SIZE = 0x800
                0x00000001                CY_APPL_NUM = 0x1
                0x00000001                CY_APPL_MAX = 0x1
                0x00000040                CY_METADATA_SIZE = 0x40
                0x00000000                CY_APPL_LOADABLE = 0x0
                0x00000000                CY_CHECKSUM_EXCLUDE_SIZE = ALIGN (0x0, CY_FLASH_ROW_SIZE)
                [!provide]                PROVIDE (__cy_heap_start, _end)
                0x00000001                PROVIDE (__cy_region_num, ((__cy_regions_end - __cy_regions) / 0x10))
                0x20008000                PROVIDE (__cy_stack, (ORIGIN (ram) + LENGTH (ram)))
                [!provide]                PROVIDE (__cy_heap_end, (__cy_stack - 0x800))

.cybootloader   0x00000000        0x0
 *(.cybootloader)
                0x00000000                appl1_start = CY_APPL_ORIGIN?CY_APPL_ORIGIN:ALIGN (CY_FLASH_ROW_SIZE)
                0x0001ff00                appl2_start = (appl1_start + ALIGN ((((LENGTH (rom) - appl1_start) - (0x2 * CY_FLASH_ROW_SIZE)) / 0x2), CY_FLASH_ROW_SIZE))
                0x00000000                appl_start = (CY_APPL_NUM == 0x1)?appl1_start:appl2_start
                0x00000000                ecc_offset = ((appl_start / CY_FLASH_ROW_SIZE) * CY_ECC_ROW_SIZE)
                0x00000000                ee_offset = (CY_APPL_LOADABLE && ! (CY_EE_IN_BTLDR))?((CY_EE_SIZE / CY_APPL_MAX) * (CY_APPL_NUM - 0x1)):0x0
                0x00000800                ee_size = (CY_APPL_LOADABLE && ! (CY_EE_IN_BTLDR))?(CY_EE_SIZE / CY_APPL_MAX):CY_EE_SIZE
                [!provide]                PROVIDE (CY_ECC_OFFSET, ecc_offset)

.text           0x00000000      0xca6
 CREATE_OBJECT_SYMBOLS
                0x00000000                PROVIDE (__cy_interrupt_vector, RomVectors)
 *(.romvectors)
 .romvectors    0x00000000       0x10 .\CortexM3\ARM_GCC_541\Debug\Cm3Start.o
                0x00000000                RomVectors
                0x00000001                ASSERT ((. != __cy_interrupt_vector), No interrupt vector)
                0x00000001                ASSERT (CY_APPL_ORIGIN?(SIZEOF (.cybootloader) <= CY_APPL_ORIGIN):0x1, Wrong image location)
                0x00000010                PROVIDE (__cy_reset, Reset)
 *(.text.Reset)
 .text.Reset    0x00000010       0x18 .\CortexM3\ARM_GCC_541\Debug\Cm3Start.o
                0x00000010                Reset
                0x00000001                ASSERT ((. != __cy_reset), No reset code)
 *(.dma_init)
                0x00000001                ASSERT ((((appl_start + .) <= 0x10000) || 0x1), DMA Init must be within the first 64k of flash)
 *(.text .text.* .gnu.linkonce.t.*)
 .text          0x00000028       0x5c c:/program files (x86)/cypress/psoc creator/4.2/psoc creator/import/gnu/arm/5.4.1/bin/../lib/gcc/arm-none-eabi/5.4.1/armv7-m/crtbegin.o
 .text.main     0x00000084       0x2c .\CortexM3\ARM_GCC_541\Debug\main.o
                0x00000084                main
 .text.CyClockStartupError
                0x000000b0        0x4 .\CortexM3\ARM_GCC_541\Debug\cyfitter_cfg.o
 .text.cfg_write_bytes32
                0x000000b4       0x34 .\CortexM3\ARM_GCC_541\Debug\cyfitter_cfg.o
 .text.AnalogSetDefault
                0x000000e8       0x40 .\CortexM3\ARM_GCC_541\Debug\cyfitter_cfg.o
 .text.CYMEMZERO
                0x00000128        0xc .\CortexM3\ARM_GCC_541\Debug\cyfitter_cfg.o
 .text.ClockSetup
                0x00000134       0xc8 .\CortexM3\ARM_GCC_541\Debug\cyfitter_cfg.o
 .text.CYCONFIGCPY
                0x000001fc        0x8 .\CortexM3\ARM_GCC_541\Debug\cyfitter_cfg.o
 .text.CapSense_1_AMuxCH0_Set
                0x00000204       0x1c .\CortexM3\ARM_GCC_541\Debug\cyfitter_cfg.o
                0x00000204                CapSense_1_AMuxCH0_Set
 .text.CapSense_1_AMuxCH0_Unset
                0x00000220       0x20 .\CortexM3\ARM_GCC_541\Debug\cyfitter_cfg.o
                0x00000220                CapSense_1_AMuxCH0_Unset
 .text.cyfitter_cfg
                0x00000240      0x130 .\CortexM3\ARM_GCC_541\Debug\cyfitter_cfg.o
                0x00000240                cyfitter_cfg
 .text.IntDefaultHandler
                0x00000370       0x10 .\CortexM3\ARM_GCC_541\Debug\Cm3Start.o
                0x00000370                IntDefaultHandler
 .text.Start_c  0x00000380       0x4c .\CortexM3\ARM_GCC_541\Debug\Cm3Start.o
                0x00000380                Start_c
 .text.initialize_psoc
                0x000003cc       0x68 .\CortexM3\ARM_GCC_541\Debug\Cm3Start.o
                0x000003cc                initialize_psoc
 .text.CapSense_1_Enable
                0x00000434       0x68 .\CortexM3\ARM_GCC_541\Debug\CapSense_PWM_LED.a(CapSense_1.o)
                0x00000434                CapSense_1_Enable
 .text.CapSense_1_FindNextSensor
                0x0000049c       0x20 .\CortexM3\ARM_GCC_541\Debug\CapSense_PWM_LED.a(CapSense_1.o)
                0x0000049c                CapSense_1_FindNextSensor
 .text.CapSense_1_IsBusy
                0x000004bc       0x10 .\CortexM3\ARM_GCC_541\Debug\CapSense_PWM_LED.a(CapSense_1.o)
                0x000004bc                CapSense_1_IsBusy
 .text.CapSense_1_EnableSensor
                0x000004cc       0x34 .\CortexM3\ARM_GCC_541\Debug\CapSense_PWM_LED.a(CapSense_1.o)
                0x000004cc                CapSense_1_EnableSensor
 .text.CapSense_1_DisableSensor
                0x00000500       0x38 .\CortexM3\ARM_GCC_541\Debug\CapSense_PWM_LED.a(CapSense_1.o)
                0x00000500                CapSense_1_DisableSensor
 .text.CapSense_1_ClearSensors
                0x00000538       0x18 .\CortexM3\ARM_GCC_541\Debug\CapSense_PWM_LED.a(CapSense_1.o)
                0x00000538                CapSense_1_ClearSensors
 .text.CapSense_1_PostScan
                0x00000550       0x4c .\CortexM3\ARM_GCC_541\Debug\CapSense_PWM_LED.a(CapSense_1.o)
                0x00000550                CapSense_1_PostScan
 .text.CapSense_1_SetPrescaler
                0x0000059c       0x10 .\CortexM3\ARM_GCC_541\Debug\CapSense_PWM_LED.a(CapSense_1.o)
                0x0000059c                CapSense_1_SetPrescaler
 .text.CapSense_1_SetScanSlotSettings
                0x000005ac       0x30 .\CortexM3\ARM_GCC_541\Debug\CapSense_PWM_LED.a(CapSense_1.o)
                0x000005ac                CapSense_1_SetScanSlotSettings
 .text.CapSense_1_PreScan
                0x000005dc       0x34 .\CortexM3\ARM_GCC_541\Debug\CapSense_PWM_LED.a(CapSense_1.o)
                0x000005dc                CapSense_1_PreScan
 .text.CapSense_1_ScanSensor
                0x00000610       0x20 .\CortexM3\ARM_GCC_541\Debug\CapSense_PWM_LED.a(CapSense_1.o)
                0x00000610                CapSense_1_ScanSensor
 .text.CapSense_1_ScanEnabledWidgets
                0x00000630       0x38 .\CortexM3\ARM_GCC_541\Debug\CapSense_PWM_LED.a(CapSense_1.o)
                0x00000630                CapSense_1_ScanEnabledWidgets
 .text.CapSense_1_SetAnalogSwitchesSource
                0x00000668       0x20 .\CortexM3\ARM_GCC_541\Debug\CapSense_PWM_LED.a(CapSense_1.o)
                0x00000668                CapSense_1_SetAnalogSwitchesSource
 .text.CapSense_1_Init
                0x00000688       0xe4 .\CortexM3\ARM_GCC_541\Debug\CapSense_PWM_LED.a(CapSense_1.o)
                0x00000688                CapSense_1_Init
 .text.CapSense_1_Start
                0x0000076c       0x1c .\CortexM3\ARM_GCC_541\Debug\CapSense_PWM_LED.a(CapSense_1.o)
                0x0000076c                CapSense_1_Start
 .text.CapSense_1_BaseInit
                0x00000788       0x28 .\CortexM3\ARM_GCC_541\Debug\CapSense_PWM_LED.a(CapSense_1_CSHL.o)
                0x00000788                CapSense_1_BaseInit
 .text.CapSense_1_InitializeSensorBaseline
                0x000007b0       0x18 .\CortexM3\ARM_GCC_541\Debug\CapSense_PWM_LED.a(CapSense_1_CSHL.o)
                0x000007b0                CapSense_1_InitializeSensorBaseline
 .text.CapSense_1_InitializeAllBaselines
                0x000007c8       0x18 .\CortexM3\ARM_GCC_541\Debug\CapSense_PWM_LED.a(CapSense_1_CSHL.o)
                0x000007c8                CapSense_1_InitializeAllBaselines
 .text.CapSense_1_UpdateSensorBaseline
                0x000007e0       0xa4 .\CortexM3\ARM_GCC_541\Debug\CapSense_PWM_LED.a(CapSense_1_CSHL.o)
                0x000007e0                CapSense_1_UpdateSensorBaseline
 .text.CapSense_1_UpdateEnabledBaselines
                0x00000884       0x2c .\CortexM3\ARM_GCC_541\Debug\CapSense_PWM_LED.a(CapSense_1_CSHL.o)
                0x00000884                CapSense_1_UpdateEnabledBaselines
 .text.CapSense_1_IsrCH0_ISR
                0x000008b0       0x50 .\CortexM3\ARM_GCC_541\Debug\CapSense_PWM_LED.a(CapSense_1_INT.o)
                0x000008b0                CapSense_1_IsrCH0_ISR
 .text.PWM_1_Enable
                0x00000900       0x10 .\CortexM3\ARM_GCC_541\Debug\CapSense_PWM_LED.a(PWM_1.o)
                0x00000900                PWM_1_Enable
 .text.PWM_1_WriteCounter
                0x00000910        0xc .\CortexM3\ARM_GCC_541\Debug\CapSense_PWM_LED.a(PWM_1.o)
                0x00000910                PWM_1_WriteCounter
 .text.PWM_1_WritePeriod
                0x0000091c        0xc .\CortexM3\ARM_GCC_541\Debug\CapSense_PWM_LED.a(PWM_1.o)
                0x0000091c                PWM_1_WritePeriod
 .text.PWM_1_WriteCompare
                0x00000928        0xc .\CortexM3\ARM_GCC_541\Debug\CapSense_PWM_LED.a(PWM_1.o)
                0x00000928                PWM_1_WriteCompare
 .text.PWM_1_SetInterruptMode
                0x00000934        0xc .\CortexM3\ARM_GCC_541\Debug\CapSense_PWM_LED.a(PWM_1.o)
                0x00000934                PWM_1_SetInterruptMode
 .text.PWM_1_ReadStatusRegister
                0x00000940        0xc .\CortexM3\ARM_GCC_541\Debug\CapSense_PWM_LED.a(PWM_1.o)
                0x00000940                PWM_1_ReadStatusRegister
 .text.PWM_1_ReadCapture
                0x0000094c        0xc .\CortexM3\ARM_GCC_541\Debug\CapSense_PWM_LED.a(PWM_1.o)
                0x0000094c                PWM_1_ReadCapture
 .text.PWM_1_ClearFIFO
                0x00000958       0x14 .\CortexM3\ARM_GCC_541\Debug\CapSense_PWM_LED.a(PWM_1.o)
                0x00000958                PWM_1_ClearFIFO
 .text.PWM_1_Init
                0x0000096c       0x50 .\CortexM3\ARM_GCC_541\Debug\CapSense_PWM_LED.a(PWM_1.o)
                0x0000096c                PWM_1_Init
 .text.PWM_1_Start
                0x000009bc       0x1c .\CortexM3\ARM_GCC_541\Debug\CapSense_PWM_LED.a(PWM_1.o)
                0x000009bc                PWM_1_Start
 .text.CapSense_1_CompCH0_Enable
                0x000009d8       0x1c .\CortexM3\ARM_GCC_541\Debug\CapSense_PWM_LED.a(CapSense_1_CompCH0.o)
                0x000009d8                CapSense_1_CompCH0_Enable
 .text.CapSense_1_CompCH0_SetSpeed
                0x000009f4       0x58 .\CortexM3\ARM_GCC_541\Debug\CapSense_PWM_LED.a(CapSense_1_CompCH0.o)
                0x000009f4                CapSense_1_CompCH0_SetSpeed
 .text.CapSense_1_CompCH0_Init
                0x00000a4c       0x3c .\CortexM3\ARM_GCC_541\Debug\CapSense_PWM_LED.a(CapSense_1_CompCH0.o)
                0x00000a4c                CapSense_1_CompCH0_Init
 .text.CapSense_1_IdacCH0_Enable
                0x00000a88       0x1c .\CortexM3\ARM_GCC_541\Debug\CapSense_PWM_LED.a(CapSense_1_IdacCH0.o)
                0x00000a88                CapSense_1_IdacCH0_Enable
 .text.CapSense_1_IdacCH0_SetSpeed
                0x00000aa4       0x1c .\CortexM3\ARM_GCC_541\Debug\CapSense_PWM_LED.a(CapSense_1_IdacCH0.o)
                0x00000aa4                CapSense_1_IdacCH0_SetSpeed
 .text.CapSense_1_IdacCH0_SetValue
                0x00000ac0        0xc .\CortexM3\ARM_GCC_541\Debug\CapSense_PWM_LED.a(CapSense_1_IdacCH0.o)
                0x00000ac0                CapSense_1_IdacCH0_SetValue
 .text.CapSense_1_IdacCH0_DacTrim
                0x00000acc       0x34 .\CortexM3\ARM_GCC_541\Debug\CapSense_PWM_LED.a(CapSense_1_IdacCH0.o)
                0x00000acc                CapSense_1_IdacCH0_DacTrim
 .text.CapSense_1_IdacCH0_Init
                0x00000b00       0x2c .\CortexM3\ARM_GCC_541\Debug\CapSense_PWM_LED.a(CapSense_1_IdacCH0.o)
                0x00000b00                CapSense_1_IdacCH0_Init
 .text.CapSense_1_IdacCH0_SetPolarity
                0x00000b2c       0x20 .\CortexM3\ARM_GCC_541\Debug\CapSense_PWM_LED.a(CapSense_1_IdacCH0.o)
                0x00000b2c                CapSense_1_IdacCH0_SetPolarity
 .text.CapSense_1_IdacCH0_SetRange
                0x00000b4c       0x20 .\CortexM3\ARM_GCC_541\Debug\CapSense_PWM_LED.a(CapSense_1_IdacCH0.o)
                0x00000b4c                CapSense_1_IdacCH0_SetRange
 .text.CapSense_1_AMuxCH0_DisconnectAll
                0x00000b6c       0x18 .\CortexM3\ARM_GCC_541\Debug\CapSense_PWM_LED.a(CapSense_1_AMuxCH0.o)
                0x00000b6c                CapSense_1_AMuxCH0_DisconnectAll
 .text.CapSense_1_AMuxCH0_Init
                0x00000b84        0x8 .\CortexM3\ARM_GCC_541\Debug\CapSense_PWM_LED.a(CapSense_1_AMuxCH0.o)
                0x00000b84                CapSense_1_AMuxCH0_Init
 .text.CapSense_1_IntClock_Start
                0x00000b8c       0x1c .\CortexM3\ARM_GCC_541\Debug\CapSense_PWM_LED.a(CapSense_1_IntClock.o)
                0x00000b8c                CapSense_1_IntClock_Start
 .text.CyHalt   0x00000ba8        0x4 .\CortexM3\ARM_GCC_541\Debug\CapSense_PWM_LED.a(CyLib.o)
                0x00000ba8                CyHalt
 .text.CyIntSetVector
                0x00000bac       0x28 .\CortexM3\ARM_GCC_541\Debug\CapSense_PWM_LED.a(CyLib.o)
                0x00000bac                CyIntSetVector
 .text.CyIntSetPriority
                0x00000bd4       0x30 .\CortexM3\ARM_GCC_541\Debug\CapSense_PWM_LED.a(CyLib.o)
                0x00000bd4                CyIntSetPriority
 *fill*         0x00000c04        0x4 
 .text          0x00000c08       0x20 .\CortexM3\ARM_GCC_541\Debug\CapSense_PWM_LED.a(CyBootAsmGnu.o)
                0x00000c08                CyDelayCycles
                0x00000c18                CyEnterCriticalSection
                0x00000c20                CyExitCriticalSection
 .text.__errno  0x00000c28        0xc c:/program files (x86)/cypress/psoc creator/4.2/psoc creator/import/gnu/arm/5.4.1/bin/../lib/gcc/arm-none-eabi/5.4.1/../../../../arm-none-eabi/lib/armv7-m\libg_nano.a(lib_a-errno.o)
                0x00000c28                __errno
 .text.__libc_init_array
                0x00000c34       0x4c c:/program files (x86)/cypress/psoc creator/4.2/psoc creator/import/gnu/arm/5.4.1/bin/../lib/gcc/arm-none-eabi/5.4.1/../../../../arm-none-eabi/lib/armv7-m\libg_nano.a(lib_a-init.o)
                0x00000c34                __libc_init_array
 .text.memcpy   0x00000c80       0x16 c:/program files (x86)/cypress/psoc creator/4.2/psoc creator/import/gnu/arm/5.4.1/bin/../lib/gcc/arm-none-eabi/5.4.1/../../../../arm-none-eabi/lib/armv7-m\libg_nano.a(lib_a-memcpy-stub.o)
                0x00000c80                memcpy
 .text.memset   0x00000c96       0x10 c:/program files (x86)/cypress/psoc creator/4.2/psoc creator/import/gnu/arm/5.4.1/bin/../lib/gcc/arm-none-eabi/5.4.1/../../../../arm-none-eabi/lib/armv7-m\libg_nano.a(lib_a-memset.o)
                0x00000c96                memset
 *(.plt)
 *(.gnu.warning)
 *(.glue_7t)
 .glue_7t       0x00000ca6        0x0 linker stubs
 *(.glue_7)
 .glue_7        0x00000ca6        0x0 linker stubs
 *(.vfp11_veneer)
 .vfp11_veneer  0x00000ca6        0x0 linker stubs
 *(.bootloader)
 *(.ARM.extab* .gnu.linkonce.armextab.*)
 *(.gcc_except_table)

.v4_bx          0x00000ca8        0x0
 .v4_bx         0x00000ca8        0x0 linker stubs

.iplt           0x00000ca8        0x0
 .iplt          0x00000ca8        0x0 c:/program files (x86)/cypress/psoc creator/4.2/psoc creator/import/gnu/arm/5.4.1/bin/../lib/gcc/arm-none-eabi/5.4.1/armv7-m/crtbegin.o

.eh_frame_hdr
 *(.eh_frame_hdr)

.eh_frame       0x00000ca8        0x4
 *(.eh_frame)
 .eh_frame      0x00000ca8        0x0 c:/program files (x86)/cypress/psoc creator/4.2/psoc creator/import/gnu/arm/5.4.1/bin/../lib/gcc/arm-none-eabi/5.4.1/armv7-m/crtbegin.o
 .eh_frame      0x00000ca8        0x4 c:/program files (x86)/cypress/psoc creator/4.2/psoc creator/import/gnu/arm/5.4.1/bin/../lib/gcc/arm-none-eabi/5.4.1/armv7-m/crtend.o
                [!provide]                PROVIDE (__exidx_start, .)

.ARM.exidx
 *(.ARM.exidx* .gnu.linkonce.armexidx.*)
                0x00000cac                __exidx_end = .

.rodata         0x00000cac       0xfc
 *(.rodata .rodata.* .gnu.linkonce.r.*)
 .rodata        0x00000cac       0x6a .\CortexM3\ARM_GCC_541\Debug\cyfitter_cfg.o
                0x00000cac                CapSense_1_AMuxCH0__addrTable
                0x00000ccc                CapSense_1_AMuxCH0__maskTable
 *fill*         0x00000d16        0x2 
 .rodata        0x00000d18       0x55 .\CortexM3\ARM_GCC_541\Debug\CapSense_PWM_LED.a(CapSense_1.o)
                0x00000d18                CapSense_1_portTable
                0x00000d20                CapSense_1_maskTable
                0x00000d28                CapSense_1_pcTable
                0x00000d3c                CapSense_1_csTable
                0x00000d5c                CapSense_1_idacSettings
                0x00000d64                CapSense_1_widgetNumber
                0x00000d6c                CapSense_1_widgetResolution
 .rodata.str1.1
                0x00000d6d        0x2 c:/program files (x86)/cypress/psoc creator/4.2/psoc creator/import/gnu/arm/5.4.1/bin/../lib/gcc/arm-none-eabi/5.4.1/../../../../arm-none-eabi/lib/armv7-m\libg_nano.a(lib_a-impure.o)
                0x00000d70                . = ALIGN (0x4)
 *fill*         0x00000d6f        0x1 
 *(.init)
 .init          0x00000d70        0x4 c:/program files (x86)/cypress/psoc creator/4.2/psoc creator/import/gnu/arm/5.4.1/bin/../lib/gcc/arm-none-eabi/5.4.1/armv7-m/crti.o
                0x00000d70                _init
 .init          0x00000d74        0x8 c:/program files (x86)/cypress/psoc creator/4.2/psoc creator/import/gnu/arm/5.4.1/bin/../lib/gcc/arm-none-eabi/5.4.1/armv7-m/crtn.o
                0x00000d7c                . = ALIGN (0x4)
                0x00000d7c                __preinit_array_start = .
 *(.preinit_array)
                0x00000d7c                __preinit_array_end = .
                0x00000d7c                . = ALIGN (0x4)
                0x00000d7c                __init_array_start = .
 *(SORT(.init_array.*))
 *(.init_array)
 .init_array    0x00000d7c        0x4 c:/program files (x86)/cypress/psoc creator/4.2/psoc creator/import/gnu/arm/5.4.1/bin/../lib/gcc/arm-none-eabi/5.4.1/armv7-m/crtbegin.o
 .init_array    0x00000d80        0x4 .\CortexM3\ARM_GCC_541\Debug\Cm3Start.o
                0x00000d84                __init_array_end = .
                0x00000d84                . = ALIGN (0x4)
 *(.fini)
 .fini          0x00000d84        0x4 c:/program files (x86)/cypress/psoc creator/4.2/psoc creator/import/gnu/arm/5.4.1/bin/../lib/gcc/arm-none-eabi/5.4.1/armv7-m/crti.o
                0x00000d84                _fini
 .fini          0x00000d88        0x8 c:/program files (x86)/cypress/psoc creator/4.2/psoc creator/import/gnu/arm/5.4.1/bin/../lib/gcc/arm-none-eabi/5.4.1/armv7-m/crtn.o
                0x00000d90                . = ALIGN (0x4)
                0x00000d90                __fini_array_start = .
 *(.fini_array)
 .fini_array    0x00000d90        0x4 c:/program files (x86)/cypress/psoc creator/4.2/psoc creator/import/gnu/arm/5.4.1/bin/../lib/gcc/arm-none-eabi/5.4.1/armv7-m/crtbegin.o
 *(SORT(.fini_array.*))
                0x00000d94                __fini_array_end = .
                0x00000d94                . = ALIGN (0x4)
 *crtbegin.o(.ctors)
 *(EXCLUDE_FILE(*crtend.o) .ctors)
 *(SORT(.ctors.*))
 *crtend.o(.ctors)
                0x00000d94                . = ALIGN (0x4)
 *crtbegin.o(.dtors)
 *(EXCLUDE_FILE(*crtend.o) .dtors)
 *(SORT(.dtors.*))
 *crtend.o(.dtors)
                0x00000d94                . = ALIGN (0x4)
                0x00000d94                __cy_regions = .
                0x00000d94        0x4 LONG 0xda8 __cy_region_init_ram
                0x00000d98        0x4 LONG 0x1fff80c8 __cy_region_start_data
                0x00000d9c        0x4 LONG 0x78 __cy_region_init_size_ram
                0x00000da0        0x4 LONG 0x58 __cy_region_zero_size_ram
                0x00000da4                __cy_regions_end = .
                0x00000da8                . = ALIGN (0x8)
 *fill*         0x00000da4        0x4 
                0x00000da8                _etext = .

.cy_checksum_exclude
                0x00000da8        0x0
 *(.cy_checksum_exclude)

.ramvectors     0x1fff8000       0xc0
                0x1fff8000                __cy_region_start_ram = .
 *(.ramvectors)
 .ramvectors    0x1fff8000       0xc0 .\CortexM3\ARM_GCC_541\Debug\Cm3Start.o
                0x1fff8000                CyRamVectors

.noinit         0x1fff80c0        0x1
 *(.noinit)
 .noinit        0x1fff80c0        0x1 .\CortexM3\ARM_GCC_541\Debug\CapSense_PWM_LED.a(CyLib.o)
                0x1fff80c0                CyResetStatus

.data           0x1fff80c8       0x78 load address 0x00000da8
                0x1fff80c8                __cy_region_start_data = .
 *(.jcr)
 .jcr           0x1fff80c8        0x0 c:/program files (x86)/cypress/psoc creator/4.2/psoc creator/import/gnu/arm/5.4.1/bin/../lib/gcc/arm-none-eabi/5.4.1/armv7-m/crtbegin.o
 .jcr           0x1fff80c8        0x4 c:/program files (x86)/cypress/psoc creator/4.2/psoc creator/import/gnu/arm/5.4.1/bin/../lib/gcc/arm-none-eabi/5.4.1/armv7-m/crtend.o
 *(.got.plt)
 *(.got)
 *(.shdata)
 *(.data .data.* .gnu.linkonce.d.*)
 .data          0x1fff80cc        0x9 .\CortexM3\ARM_GCC_541\Debug\CapSense_PWM_LED.a(CapSense_1.o)
                0x1fff80cc                CapSense_1_sensorEnableMask
                0x1fff80d0                CapSense_1_analogSwitchDivider
 *fill*         0x1fff80d5        0x3 
 .data.impure_data
                0x1fff80d8       0x60 c:/program files (x86)/cypress/psoc creator/4.2/psoc creator/import/gnu/arm/5.4.1/bin/../lib/gcc/arm-none-eabi/5.4.1/../../../../arm-none-eabi/lib/armv7-m\libg_nano.a(lib_a-impure.o)
 .data._impure_ptr
                0x1fff8138        0x4 c:/program files (x86)/cypress/psoc creator/4.2/psoc creator/import/gnu/arm/5.4.1/bin/../lib/gcc/arm-none-eabi/5.4.1/../../../../arm-none-eabi/lib/armv7-m\libg_nano.a(lib_a-impure.o)
                0x1fff8138                _impure_ptr
                0x1fff8140                . = ALIGN (0x8)
 *fill*         0x1fff813c        0x4 
 *(.ram)
                0x1fff8140                _edata = .

.igot.plt       0x1fff8140        0x0 load address 0x00000e20
 .igot.plt      0x1fff8140        0x0 c:/program files (x86)/cypress/psoc creator/4.2/psoc creator/import/gnu/arm/5.4.1/bin/../lib/gcc/arm-none-eabi/5.4.1/armv7-m/crtbegin.o

.bss            0x1fff8140       0x58 load address 0x00000e20
                0x1fff8140                PROVIDE (__bss_start__, .)
 *(.shbss)
 *(.bss .bss.* .gnu.linkonce.b.*)
 .bss           0x1fff8140       0x1c c:/program files (x86)/cypress/psoc creator/4.2/psoc creator/import/gnu/arm/5.4.1/bin/../lib/gcc/arm-none-eabi/5.4.1/armv7-m/crtbegin.o
 .bss           0x1fff815c        0x1 .\CortexM3\ARM_GCC_541\Debug\CapSense_PWM_LED.a(CapSense_1.o)
 .bss           0x1fff815d        0x1 .\CortexM3\ARM_GCC_541\Debug\CapSense_PWM_LED.a(PWM_1.o)
                0x1fff815d                PWM_1_initVar
 *(COMMON)
 *fill*         0x1fff815e        0x2 
 COMMON         0x1fff8160        0xe .\CortexM3\ARM_GCC_541\Debug\CapSense_PWM_LED.a(CapSense_1.o)
                0x1fff8160                CapSense_1_sensorIndex
                0x1fff8161                CapSense_1_csv
                0x1fff8164                CapSense_1_sensorRaw
 *fill*         0x1fff816e        0x2 
 COMMON         0x1fff8170       0x25 .\CortexM3\ARM_GCC_541\Debug\CapSense_PWM_LED.a(CapSense_1_CSHL.o)
                0x1fff8170                CapSense_1_sensorSignal
                0x1fff8178                CapSense_1_sensorBaselineLow
                0x1fff8180                CapSense_1_sensorBaseline
                0x1fff818c                CapSense_1_sensorOnMask
                0x1fff8190                CapSense_1_lowBaselineResetCnt
                0x1fff8198                . = ALIGN (0x8)
 *fill*         0x1fff8195        0x3 
 *(.ram.b)
                0x1fff8198                _end = .
                0x1fff8198                __end = .
                0x1fff8198                PROVIDE (end, .)
                0x1fff8198                PROVIDE (__bss_end__, .)
                0x00000da8                __cy_region_init_ram = LOADADDR (.data)
                0x00000078                __cy_region_init_size_ram = (_edata - ADDR (.data))
                0x00000058                __cy_region_zero_size_ram = (_end - _edata)

.heap           0x1fff8198       0x80 load address 0x00000e20
                0x1fff8198                . = _end
                0x1fff8218                . = (. + 0x80)
 *fill*         0x1fff8198       0x80 
                0x1fff8218                __cy_heap_limit = .

.stack          0x20007800      0x800
                0x20007800                __cy_stack_limit = .
                0x20008000                . = (. + 0x800)
 *fill*         0x20007800      0x800 
                0x00000001                ASSERT ((__cy_stack_limit >= __cy_heap_limit), region RAM overflowed with stack)
                0x00000000                cy_checksum_exclude_size = (CY_APPL_LOADABLE == 0x1)?SIZEOF (.cy_checksum_exclude):0x0
                0x00000001                ASSERT ((cy_checksum_exclude_size <= CY_CHECKSUM_EXCLUDE_SIZE), CY_BOOT: Section .cy_checksum_exclude size exceedes specified limit.)

.cyloadermeta
 *(.cyloadermeta)

.cyloadablemeta
 *(.cyloadablemeta)

.cyconfigecc    0x80000000      0x3b0
 *(.cyconfigecc)
 .cyconfigecc   0x80000000      0x3b0 .\CortexM3\ARM_GCC_541\Debug\cymetadata.o
                0x80000000                cy_meta_configecc

.cycustnvl      0x90000000        0x4
 *(.cycustnvl)
 .cycustnvl     0x90000000        0x4 .\CortexM3\ARM_GCC_541\Debug\cymetadata.o
                0x90000000                cy_meta_custnvl

.cywolatch      0x90100000        0x4
 *(.cywolatch)
 .cywolatch     0x90100000        0x4 .\CortexM3\ARM_GCC_541\Debug\cymetadata.o
                0x90100000                cy_meta_wonvl

.cyeeprom       0x90200000        0x0
 *(.cyeeprom)
                0x00000001                ASSERT ((. <= ((0x90200000 + ee_offset) + ee_size)), .cyeeprom data will not fit in EEPROM)

.cyflashprotect
                0x90400000      0x100
 *(.cyflashprotect)
 .cyflashprotect
                0x90400000      0x100 .\CortexM3\ARM_GCC_541\Debug\cymetadata.o
                0x90400000                cy_meta_flashprotect

.cymeta         0x90500000        0xc
 *(.cymeta)
 .cymeta        0x90500000        0xc .\CortexM3\ARM_GCC_541\Debug\cymetadata.o
                0x90500000                cy_metadata

.rel.dyn        0x00000e20        0x0 load address 0x9050000c
 .rel.iplt      0x00000e20        0x0 c:/program files (x86)/cypress/psoc creator/4.2/psoc creator/import/gnu/arm/5.4.1/bin/../lib/gcc/arm-none-eabi/5.4.1/armv7-m/crtbegin.o

.stab
 *(.stab)

.stabstr
 *(.stabstr)

.debug
 *(.debug)

.line
 *(.line)

.debug_srcinfo
 *(.debug_srcinfo)

.debug_sfnames
 *(.debug_sfnames)

.debug_aranges  0x00000000      0x8c8
 *(.debug_aranges)
 .debug_aranges
                0x00000000       0x20 .\CortexM3\ARM_GCC_541\Debug\main.o
 .debug_aranges
                0x00000020       0x68 .\CortexM3\ARM_GCC_541\Debug\cyfitter_cfg.o
 .debug_aranges
                0x00000088       0x18 .\CortexM3\ARM_GCC_541\Debug\cymetadata.o
 .debug_aranges
                0x000000a0       0x48 .\CortexM3\ARM_GCC_541\Debug\Cm3Start.o
 .debug_aranges
                0x000000e8       0xb0 .\CortexM3\ARM_GCC_541\Debug\CapSense_PWM_LED.a(CapSense_1.o)
 .debug_aranges
                0x00000198       0x90 .\CortexM3\ARM_GCC_541\Debug\CapSense_PWM_LED.a(CapSense_1_CSHL.o)
 .debug_aranges
                0x00000228       0x20 .\CortexM3\ARM_GCC_541\Debug\CapSense_PWM_LED.a(CapSense_1_INT.o)
 .debug_aranges
                0x00000248       0x98 .\CortexM3\ARM_GCC_541\Debug\CapSense_PWM_LED.a(PWM_1.o)
 .debug_aranges
                0x000002e0       0x70 .\CortexM3\ARM_GCC_541\Debug\CapSense_PWM_LED.a(CapSense_1_CompCH0.o)
 .debug_aranges
                0x00000350       0x60 .\CortexM3\ARM_GCC_541\Debug\CapSense_PWM_LED.a(CapSense_1_IdacCH0.o)
 .debug_aranges
                0x000003b0       0x48 .\CortexM3\ARM_GCC_541\Debug\CapSense_PWM_LED.a(CapSense_1_AMuxCH0.o)
 .debug_aranges
                0x000003f8       0x70 .\CortexM3\ARM_GCC_541\Debug\CapSense_PWM_LED.a(CapSense_1_IntClock.o)
 .debug_aranges
                0x00000468      0x2a0 .\CortexM3\ARM_GCC_541\Debug\CapSense_PWM_LED.a(CyLib.o)
 .debug_aranges
                0x00000708       0x98 .\CortexM3\ARM_GCC_541\Debug\CapSense_PWM_LED.a(cyPm.o)
 .debug_aranges
                0x000007a0       0x20 .\CortexM3\ARM_GCC_541\Debug\CapSense_PWM_LED.a(CyBootAsmGnu.o)
 .debug_aranges
                0x000007c0       0x88 .\CortexM3\ARM_GCC_541\Debug\CapSense_PWM_LED.a(CyFlash.o)
 .debug_aranges
                0x00000848       0x80 .\CortexM3\ARM_GCC_541\Debug\CapSense_PWM_LED.a(CySpc.o)

.debug_pubnames
 *(.debug_pubnames)

.debug_info     0x00000000     0x5574
 *(.debug_info .gnu.linkonce.wi.*)
 .debug_info    0x00000000      0x18b .\CortexM3\ARM_GCC_541\Debug\main.o
 .debug_info    0x0000018b      0x653 .\CortexM3\ARM_GCC_541\Debug\cyfitter_cfg.o
 .debug_info    0x000007de      0x135 .\CortexM3\ARM_GCC_541\Debug\cymetadata.o
 .debug_info    0x00000913      0x3bb .\CortexM3\ARM_GCC_541\Debug\Cm3Start.o
 .debug_info    0x00000cce      0x847 .\CortexM3\ARM_GCC_541\Debug\CapSense_PWM_LED.a(CapSense_1.o)
 .debug_info    0x00001515      0x923 .\CortexM3\ARM_GCC_541\Debug\CapSense_PWM_LED.a(CapSense_1_CSHL.o)
 .debug_info    0x00001e38      0x10d .\CortexM3\ARM_GCC_541\Debug\CapSense_PWM_LED.a(CapSense_1_INT.o)
 .debug_info    0x00001f45      0x334 .\CortexM3\ARM_GCC_541\Debug\CapSense_PWM_LED.a(PWM_1.o)
 .debug_info    0x00002279      0x2c8 .\CortexM3\ARM_GCC_541\Debug\CapSense_PWM_LED.a(CapSense_1_CompCH0.o)
 .debug_info    0x00002541      0x209 .\CortexM3\ARM_GCC_541\Debug\CapSense_PWM_LED.a(CapSense_1_IdacCH0.o)
 .debug_info    0x0000274a      0x1d3 .\CortexM3\ARM_GCC_541\Debug\CapSense_PWM_LED.a(CapSense_1_AMuxCH0.o)
 .debug_info    0x0000291d      0x283 .\CortexM3\ARM_GCC_541\Debug\CapSense_PWM_LED.a(CapSense_1_IntClock.o)
 .debug_info    0x00002ba0     0x1374 .\CortexM3\ARM_GCC_541\Debug\CapSense_PWM_LED.a(CyLib.o)
 .debug_info    0x00003f14      0xa2a .\CortexM3\ARM_GCC_541\Debug\CapSense_PWM_LED.a(cyPm.o)
 .debug_info    0x0000493e       0x99 .\CortexM3\ARM_GCC_541\Debug\CapSense_PWM_LED.a(CyBootAsmGnu.o)
 .debug_info    0x000049d7      0x64d .\CortexM3\ARM_GCC_541\Debug\CapSense_PWM_LED.a(CyFlash.o)
 .debug_info    0x00005024      0x550 .\CortexM3\ARM_GCC_541\Debug\CapSense_PWM_LED.a(CySpc.o)

.debug_abbrev   0x00000000     0x15e2
 *(.debug_abbrev)
 .debug_abbrev  0x00000000       0xb1 .\CortexM3\ARM_GCC_541\Debug\main.o
 .debug_abbrev  0x000000b1      0x22d .\CortexM3\ARM_GCC_541\Debug\cyfitter_cfg.o
 .debug_abbrev  0x000002de       0x66 .\CortexM3\ARM_GCC_541\Debug\cymetadata.o
 .debug_abbrev  0x00000344      0x1e8 .\CortexM3\ARM_GCC_541\Debug\Cm3Start.o
 .debug_abbrev  0x0000052c      0x193 .\CortexM3\ARM_GCC_541\Debug\CapSense_PWM_LED.a(CapSense_1.o)
 .debug_abbrev  0x000006bf      0x1bd .\CortexM3\ARM_GCC_541\Debug\CapSense_PWM_LED.a(CapSense_1_CSHL.o)
 .debug_abbrev  0x0000087c       0x85 .\CortexM3\ARM_GCC_541\Debug\CapSense_PWM_LED.a(CapSense_1_INT.o)
 .debug_abbrev  0x00000901      0x133 .\CortexM3\ARM_GCC_541\Debug\CapSense_PWM_LED.a(PWM_1.o)
 .debug_abbrev  0x00000a34      0x16e .\CortexM3\ARM_GCC_541\Debug\CapSense_PWM_LED.a(CapSense_1_CompCH0.o)
 .debug_abbrev  0x00000ba2      0x106 .\CortexM3\ARM_GCC_541\Debug\CapSense_PWM_LED.a(CapSense_1_IdacCH0.o)
 .debug_abbrev  0x00000ca8       0xb3 .\CortexM3\ARM_GCC_541\Debug\CapSense_PWM_LED.a(CapSense_1_AMuxCH0.o)
 .debug_abbrev  0x00000d5b      0x139 .\CortexM3\ARM_GCC_541\Debug\CapSense_PWM_LED.a(CapSense_1_IntClock.o)
 .debug_abbrev  0x00000e94      0x254 .\CortexM3\ARM_GCC_541\Debug\CapSense_PWM_LED.a(CyLib.o)
 .debug_abbrev  0x000010e8      0x1ab .\CortexM3\ARM_GCC_541\Debug\CapSense_PWM_LED.a(cyPm.o)
 .debug_abbrev  0x00001293       0x14 .\CortexM3\ARM_GCC_541\Debug\CapSense_PWM_LED.a(CyBootAsmGnu.o)
 .debug_abbrev  0x000012a7      0x1a7 .\CortexM3\ARM_GCC_541\Debug\CapSense_PWM_LED.a(CyFlash.o)
 .debug_abbrev  0x0000144e      0x194 .\CortexM3\ARM_GCC_541\Debug\CapSense_PWM_LED.a(CySpc.o)

.debug_line     0x00000000     0x23e2
 *(.debug_line)
 .debug_line    0x00000000      0x19e .\CortexM3\ARM_GCC_541\Debug\main.o
 .debug_line    0x0000019e      0x220 .\CortexM3\ARM_GCC_541\Debug\cyfitter_cfg.o
 .debug_line    0x000003be      0x141 .\CortexM3\ARM_GCC_541\Debug\cymetadata.o
 .debug_line    0x000004ff      0x234 .\CortexM3\ARM_GCC_541\Debug\Cm3Start.o
 .debug_line    0x00000733      0x2b4 .\CortexM3\ARM_GCC_541\Debug\CapSense_PWM_LED.a(CapSense_1.o)
 .debug_line    0x000009e7      0x2ba .\CortexM3\ARM_GCC_541\Debug\CapSense_PWM_LED.a(CapSense_1_CSHL.o)
 .debug_line    0x00000ca1       0x7d .\CortexM3\ARM_GCC_541\Debug\CapSense_PWM_LED.a(CapSense_1_INT.o)
 .debug_line    0x00000d1e      0x185 .\CortexM3\ARM_GCC_541\Debug\CapSense_PWM_LED.a(PWM_1.o)
 .debug_line    0x00000ea3      0x171 .\CortexM3\ARM_GCC_541\Debug\CapSense_PWM_LED.a(CapSense_1_CompCH0.o)
 .debug_line    0x00001014      0x106 .\CortexM3\ARM_GCC_541\Debug\CapSense_PWM_LED.a(CapSense_1_IdacCH0.o)
 .debug_line    0x0000111a       0xe9 .\CortexM3\ARM_GCC_541\Debug\CapSense_PWM_LED.a(CapSense_1_AMuxCH0.o)
 .debug_line    0x00001203      0x182 .\CortexM3\ARM_GCC_541\Debug\CapSense_PWM_LED.a(CapSense_1_IntClock.o)
 .debug_line    0x00001385      0x816 .\CortexM3\ARM_GCC_541\Debug\CapSense_PWM_LED.a(CyLib.o)
 .debug_line    0x00001b9b      0x367 .\CortexM3\ARM_GCC_541\Debug\CapSense_PWM_LED.a(cyPm.o)
 .debug_line    0x00001f02       0x66 .\CortexM3\ARM_GCC_541\Debug\CapSense_PWM_LED.a(CyBootAsmGnu.o)
 .debug_line    0x00001f68      0x21a .\CortexM3\ARM_GCC_541\Debug\CapSense_PWM_LED.a(CyFlash.o)
 .debug_line    0x00002182      0x260 .\CortexM3\ARM_GCC_541\Debug\CapSense_PWM_LED.a(CySpc.o)

.debug_frame    0x00000000     0x1758
 *(.debug_frame)
 .debug_frame   0x00000000       0x2c .\CortexM3\ARM_GCC_541\Debug\main.o
 .debug_frame   0x0000002c      0x104 .\CortexM3\ARM_GCC_541\Debug\cyfitter_cfg.o
 .debug_frame   0x00000130       0xb8 .\CortexM3\ARM_GCC_541\Debug\Cm3Start.o
 .debug_frame   0x000001e8      0x1dc .\CortexM3\ARM_GCC_541\Debug\CapSense_PWM_LED.a(CapSense_1.o)
 .debug_frame   0x000003c4      0x1c4 .\CortexM3\ARM_GCC_541\Debug\CapSense_PWM_LED.a(CapSense_1_CSHL.o)
 .debug_frame   0x00000588       0x2c .\CortexM3\ARM_GCC_541\Debug\CapSense_PWM_LED.a(CapSense_1_INT.o)
 .debug_frame   0x000005b4      0x134 .\CortexM3\ARM_GCC_541\Debug\CapSense_PWM_LED.a(PWM_1.o)
 .debug_frame   0x000006e8      0x108 .\CortexM3\ARM_GCC_541\Debug\CapSense_PWM_LED.a(CapSense_1_CompCH0.o)
 .debug_frame   0x000007f0       0xd0 .\CortexM3\ARM_GCC_541\Debug\CapSense_PWM_LED.a(CapSense_1_IdacCH0.o)
 .debug_frame   0x000008c0       0xb8 .\CortexM3\ARM_GCC_541\Debug\CapSense_PWM_LED.a(CapSense_1_AMuxCH0.o)
 .debug_frame   0x00000978       0xe0 .\CortexM3\ARM_GCC_541\Debug\CapSense_PWM_LED.a(CapSense_1_IntClock.o)
 .debug_frame   0x00000a58      0x738 .\CortexM3\ARM_GCC_541\Debug\CapSense_PWM_LED.a(CyLib.o)
 .debug_frame   0x00001190      0x1f8 .\CortexM3\ARM_GCC_541\Debug\CapSense_PWM_LED.a(cyPm.o)
 .debug_frame   0x00001388      0x194 .\CortexM3\ARM_GCC_541\Debug\CapSense_PWM_LED.a(CyFlash.o)
 .debug_frame   0x0000151c      0x180 .\CortexM3\ARM_GCC_541\Debug\CapSense_PWM_LED.a(CySpc.o)
 .debug_frame   0x0000169c       0x20 c:/program files (x86)/cypress/psoc creator/4.2/psoc creator/import/gnu/arm/5.4.1/bin/../lib/gcc/arm-none-eabi/5.4.1/../../../../arm-none-eabi/lib/armv7-m\libg_nano.a(lib_a-errno.o)
 .debug_frame   0x000016bc       0x28 c:/program files (x86)/cypress/psoc creator/4.2/psoc creator/import/gnu/arm/5.4.1/bin/../lib/gcc/arm-none-eabi/5.4.1/../../../../arm-none-eabi/lib/armv7-m\libg_nano.a(lib_a-exit.o)
 .debug_frame   0x000016e4       0x2c c:/program files (x86)/cypress/psoc creator/4.2/psoc creator/import/gnu/arm/5.4.1/bin/../lib/gcc/arm-none-eabi/5.4.1/../../../../arm-none-eabi/lib/armv7-m\libg_nano.a(lib_a-init.o)
 .debug_frame   0x00001710       0x28 c:/program files (x86)/cypress/psoc creator/4.2/psoc creator/import/gnu/arm/5.4.1/bin/../lib/gcc/arm-none-eabi/5.4.1/../../../../arm-none-eabi/lib/armv7-m\libg_nano.a(lib_a-memcpy-stub.o)
 .debug_frame   0x00001738       0x20 c:/program files (x86)/cypress/psoc creator/4.2/psoc creator/import/gnu/arm/5.4.1/bin/../lib/gcc/arm-none-eabi/5.4.1/../../../../arm-none-eabi/lib/armv7-m\libg_nano.a(lib_a-memset.o)

.debug_str      0x00000000     0x22c5
 *(.debug_str)
 .debug_str     0x00000000      0x218 .\CortexM3\ARM_GCC_541\Debug\main.o
                                0x260 (size before relaxing)
 .debug_str     0x00000218      0x229 .\CortexM3\ARM_GCC_541\Debug\cyfitter_cfg.o
                                0x3c7 (size before relaxing)
 .debug_str     0x00000441       0x7f .\CortexM3\ARM_GCC_541\Debug\cymetadata.o
                                0x1ed (size before relaxing)
 .debug_str     0x000004c0      0x13e .\CortexM3\ARM_GCC_541\Debug\Cm3Start.o
                                0x313 (size before relaxing)
 .debug_str     0x000005fe      0x493 .\CortexM3\ARM_GCC_541\Debug\CapSense_PWM_LED.a(CapSense_1.o)
                                0x6ad (size before relaxing)
 .debug_str     0x00000a91      0x3d8 .\CortexM3\ARM_GCC_541\Debug\CapSense_PWM_LED.a(CapSense_1_CSHL.o)
                                0x6c3 (size before relaxing)
 .debug_str     0x00000e69       0x3e .\CortexM3\ARM_GCC_541\Debug\CapSense_PWM_LED.a(CapSense_1_INT.o)
                                0x22f (size before relaxing)
 .debug_str     0x00000ea7      0x17f .\CortexM3\ARM_GCC_541\Debug\CapSense_PWM_LED.a(PWM_1.o)
                                0x35a (size before relaxing)
 .debug_str     0x00001026      0x196 .\CortexM3\ARM_GCC_541\Debug\CapSense_PWM_LED.a(CapSense_1_CompCH0.o)
                                0x37d (size before relaxing)
 .debug_str     0x000011bc       0xab .\CortexM3\ARM_GCC_541\Debug\CapSense_PWM_LED.a(CapSense_1_IdacCH0.o)
                                0x2d2 (size before relaxing)
 .debug_str     0x00001267       0xf5 .\CortexM3\ARM_GCC_541\Debug\CapSense_PWM_LED.a(CapSense_1_AMuxCH0.o)
                                0x2ba (size before relaxing)
 .debug_str     0x0000135c      0x1bf .\CortexM3\ARM_GCC_541\Debug\CapSense_PWM_LED.a(CapSense_1_IntClock.o)
                                0x387 (size before relaxing)
 .debug_str     0x0000151b      0x7de .\CortexM3\ARM_GCC_541\Debug\CapSense_PWM_LED.a(CyLib.o)
                                0xa50 (size before relaxing)
 .debug_str     0x00001cf9      0x365 .\CortexM3\ARM_GCC_541\Debug\CapSense_PWM_LED.a(cyPm.o)
                                0x73c (size before relaxing)
 .debug_str     0x0000205e      0x1bb .\CortexM3\ARM_GCC_541\Debug\CapSense_PWM_LED.a(CyFlash.o)
                                0x3c9 (size before relaxing)
 .debug_str     0x00002219       0xac .\CortexM3\ARM_GCC_541\Debug\CapSense_PWM_LED.a(CySpc.o)
                                0x341 (size before relaxing)

.debug_loc      0x00000000     0x2776
 *(.debug_loc)
 .debug_loc     0x00000000      0x29c .\CortexM3\ARM_GCC_541\Debug\cyfitter_cfg.o
 .debug_loc     0x0000029c      0x144 .\CortexM3\ARM_GCC_541\Debug\Cm3Start.o
 .debug_loc     0x000003e0      0x26c .\CortexM3\ARM_GCC_541\Debug\CapSense_PWM_LED.a(CapSense_1.o)
 .debug_loc     0x0000064c      0x75d .\CortexM3\ARM_GCC_541\Debug\CapSense_PWM_LED.a(CapSense_1_CSHL.o)
 .debug_loc     0x00000da9       0x26 .\CortexM3\ARM_GCC_541\Debug\CapSense_PWM_LED.a(PWM_1.o)
 .debug_loc     0x00000dcf       0xed .\CortexM3\ARM_GCC_541\Debug\CapSense_PWM_LED.a(CapSense_1_CompCH0.o)
 .debug_loc     0x00000ebc       0x76 .\CortexM3\ARM_GCC_541\Debug\CapSense_PWM_LED.a(CapSense_1_IdacCH0.o)
 .debug_loc     0x00000f32       0x6c .\CortexM3\ARM_GCC_541\Debug\CapSense_PWM_LED.a(CapSense_1_AMuxCH0.o)
 .debug_loc     0x00000f9e      0x12c .\CortexM3\ARM_GCC_541\Debug\CapSense_PWM_LED.a(CapSense_1_IntClock.o)
 .debug_loc     0x000010ca      0xa11 .\CortexM3\ARM_GCC_541\Debug\CapSense_PWM_LED.a(CyLib.o)
 .debug_loc     0x00001adb      0x1e4 .\CortexM3\ARM_GCC_541\Debug\CapSense_PWM_LED.a(cyPm.o)
 .debug_loc     0x00001cbf      0x3b2 .\CortexM3\ARM_GCC_541\Debug\CapSense_PWM_LED.a(CyFlash.o)
 .debug_loc     0x00002071      0x705 .\CortexM3\ARM_GCC_541\Debug\CapSense_PWM_LED.a(CySpc.o)

.debug_macinfo
 *(.debug_macinfo)

.debug_ranges   0x00000000      0x7a0
 *(.debug_ranges)
 .debug_ranges  0x00000000       0x10 .\CortexM3\ARM_GCC_541\Debug\main.o
 .debug_ranges  0x00000010       0x58 .\CortexM3\ARM_GCC_541\Debug\cyfitter_cfg.o
 .debug_ranges  0x00000068       0x38 .\CortexM3\ARM_GCC_541\Debug\Cm3Start.o
 .debug_ranges  0x000000a0       0xa0 .\CortexM3\ARM_GCC_541\Debug\CapSense_PWM_LED.a(CapSense_1.o)
 .debug_ranges  0x00000140       0x80 .\CortexM3\ARM_GCC_541\Debug\CapSense_PWM_LED.a(CapSense_1_CSHL.o)
 .debug_ranges  0x000001c0       0x10 .\CortexM3\ARM_GCC_541\Debug\CapSense_PWM_LED.a(CapSense_1_INT.o)
 .debug_ranges  0x000001d0       0x88 .\CortexM3\ARM_GCC_541\Debug\CapSense_PWM_LED.a(PWM_1.o)
 .debug_ranges  0x00000258       0x60 .\CortexM3\ARM_GCC_541\Debug\CapSense_PWM_LED.a(CapSense_1_CompCH0.o)
 .debug_ranges  0x000002b8       0x50 .\CortexM3\ARM_GCC_541\Debug\CapSense_PWM_LED.a(CapSense_1_IdacCH0.o)
 .debug_ranges  0x00000308       0x38 .\CortexM3\ARM_GCC_541\Debug\CapSense_PWM_LED.a(CapSense_1_AMuxCH0.o)
 .debug_ranges  0x00000340       0x60 .\CortexM3\ARM_GCC_541\Debug\CapSense_PWM_LED.a(CapSense_1_IntClock.o)
 .debug_ranges  0x000003a0      0x290 .\CortexM3\ARM_GCC_541\Debug\CapSense_PWM_LED.a(CyLib.o)
 .debug_ranges  0x00000630       0x88 .\CortexM3\ARM_GCC_541\Debug\CapSense_PWM_LED.a(cyPm.o)
 .debug_ranges  0x000006b8       0x78 .\CortexM3\ARM_GCC_541\Debug\CapSense_PWM_LED.a(CyFlash.o)
 .debug_ranges  0x00000730       0x70 .\CortexM3\ARM_GCC_541\Debug\CapSense_PWM_LED.a(CySpc.o)

.comment        0x00000000       0x6e
 .comment       0x00000000       0x6e .\CortexM3\ARM_GCC_541\Debug\main.o
                                 0x6f (size before relaxing)
 .comment       0x0000006e       0x6f .\CortexM3\ARM_GCC_541\Debug\cyfitter_cfg.o
 .comment       0x0000006e       0x6f .\CortexM3\ARM_GCC_541\Debug\cymetadata.o
 .comment       0x0000006e       0x6f .\CortexM3\ARM_GCC_541\Debug\Cm3Start.o
 .comment       0x0000006e       0x6f .\CortexM3\ARM_GCC_541\Debug\CapSense_PWM_LED.a(CapSense_1.o)
 .comment       0x0000006e       0x6f .\CortexM3\ARM_GCC_541\Debug\CapSense_PWM_LED.a(CapSense_1_CSHL.o)
 .comment       0x0000006e       0x6f .\CortexM3\ARM_GCC_541\Debug\CapSense_PWM_LED.a(CapSense_1_INT.o)
 .comment       0x0000006e       0x6f .\CortexM3\ARM_GCC_541\Debug\CapSense_PWM_LED.a(PWM_1.o)
 .comment       0x0000006e       0x6f .\CortexM3\ARM_GCC_541\Debug\CapSense_PWM_LED.a(CapSense_1_CompCH0.o)
 .comment       0x0000006e       0x6f .\CortexM3\ARM_GCC_541\Debug\CapSense_PWM_LED.a(CapSense_1_IdacCH0.o)
 .comment       0x0000006e       0x6f .\CortexM3\ARM_GCC_541\Debug\CapSense_PWM_LED.a(CapSense_1_AMuxCH0.o)
 .comment       0x0000006e       0x6f .\CortexM3\ARM_GCC_541\Debug\CapSense_PWM_LED.a(CapSense_1_IntClock.o)
 .comment       0x0000006e       0x6f .\CortexM3\ARM_GCC_541\Debug\CapSense_PWM_LED.a(CyLib.o)
 .comment       0x0000006e       0x6f .\CortexM3\ARM_GCC_541\Debug\CapSense_PWM_LED.a(cyPm.o)
 .comment       0x0000006e       0x6f .\CortexM3\ARM_GCC_541\Debug\CapSense_PWM_LED.a(CyFlash.o)
 .comment       0x0000006e       0x6f .\CortexM3\ARM_GCC_541\Debug\CapSense_PWM_LED.a(CySpc.o)

.debug_weaknames
 *(.debug_weaknames)

.debug_funcnames
 *(.debug_funcnames)

.debug_typenames
 *(.debug_typenames)

.debug_varnames
 *(.debug_varnames)

.note.gnu.arm.ident
 *(.note.gnu.arm.ident)

.ARM.attributes
                0x00000000       0x29
 *(.ARM.attributes)
 .ARM.attributes
                0x00000000       0x1d c:/program files (x86)/cypress/psoc creator/4.2/psoc creator/import/gnu/arm/5.4.1/bin/../lib/gcc/arm-none-eabi/5.4.1/armv7-m/crti.o
 .ARM.attributes
                0x0000001d       0x2d c:/program files (x86)/cypress/psoc creator/4.2/psoc creator/import/gnu/arm/5.4.1/bin/../lib/gcc/arm-none-eabi/5.4.1/armv7-m/crtbegin.o
 .ARM.attributes
                0x0000004a       0x1b c:/program files (x86)/cypress/psoc creator/4.2/psoc creator/import/gnu/arm/5.4.1/bin/../lib/gcc/arm-none-eabi/5.4.1/../../../../arm-none-eabi/lib/armv7-m/crt0.o
 .ARM.attributes
                0x00000065       0x33 .\CortexM3\ARM_GCC_541\Debug\main.o
 .ARM.attributes
                0x00000098       0x33 .\CortexM3\ARM_GCC_541\Debug\cyfitter_cfg.o
 .ARM.attributes
                0x000000cb       0x33 .\CortexM3\ARM_GCC_541\Debug\cymetadata.o
 .ARM.attributes
                0x000000fe       0x33 .\CortexM3\ARM_GCC_541\Debug\Cm3Start.o
 .ARM.attributes
                0x00000131       0x33 .\CortexM3\ARM_GCC_541\Debug\CapSense_PWM_LED.a(CapSense_1.o)
 .ARM.attributes
                0x00000164       0x33 .\CortexM3\ARM_GCC_541\Debug\CapSense_PWM_LED.a(CapSense_1_CSHL.o)
 .ARM.attributes
                0x00000197       0x33 .\CortexM3\ARM_GCC_541\Debug\CapSense_PWM_LED.a(CapSense_1_INT.o)
 .ARM.attributes
                0x000001ca       0x33 .\CortexM3\ARM_GCC_541\Debug\CapSense_PWM_LED.a(PWM_1.o)
 .ARM.attributes
                0x000001fd       0x33 .\CortexM3\ARM_GCC_541\Debug\CapSense_PWM_LED.a(CapSense_1_CompCH0.o)
 .ARM.attributes
                0x00000230       0x33 .\CortexM3\ARM_GCC_541\Debug\CapSense_PWM_LED.a(CapSense_1_IdacCH0.o)
 .ARM.attributes
                0x00000263       0x33 .\CortexM3\ARM_GCC_541\Debug\CapSense_PWM_LED.a(CapSense_1_AMuxCH0.o)
 .ARM.attributes
                0x00000296       0x33 .\CortexM3\ARM_GCC_541\Debug\CapSense_PWM_LED.a(CapSense_1_IntClock.o)
 .ARM.attributes
                0x000002c9       0x33 .\CortexM3\ARM_GCC_541\Debug\CapSense_PWM_LED.a(CyLib.o)
 .ARM.attributes
                0x000002fc       0x33 .\CortexM3\ARM_GCC_541\Debug\CapSense_PWM_LED.a(cyPm.o)
 .ARM.attributes
                0x0000032f       0x21 .\CortexM3\ARM_GCC_541\Debug\CapSense_PWM_LED.a(CyBootAsmGnu.o)
 .ARM.attributes
                0x00000350       0x33 .\CortexM3\ARM_GCC_541\Debug\CapSense_PWM_LED.a(CyFlash.o)
 .ARM.attributes
                0x00000383       0x33 .\CortexM3\ARM_GCC_541\Debug\CapSense_PWM_LED.a(CySpc.o)
 .ARM.attributes
                0x000003b6       0x2d c:/program files (x86)/cypress/psoc creator/4.2/psoc creator/import/gnu/arm/5.4.1/bin/../lib/gcc/arm-none-eabi/5.4.1/../../../../arm-none-eabi/lib/armv7-m\libg_nano.a(lib_a-errno.o)
 .ARM.attributes
                0x000003e3       0x2d c:/program files (x86)/cypress/psoc creator/4.2/psoc creator/import/gnu/arm/5.4.1/bin/../lib/gcc/arm-none-eabi/5.4.1/../../../../arm-none-eabi/lib/armv7-m\libg_nano.a(lib_a-exit.o)
 .ARM.attributes
                0x00000410       0x2d c:/program files (x86)/cypress/psoc creator/4.2/psoc creator/import/gnu/arm/5.4.1/bin/../lib/gcc/arm-none-eabi/5.4.1/../../../../arm-none-eabi/lib/armv7-m\libg_nano.a(lib_a-impure.o)
 .ARM.attributes
                0x0000043d       0x2d c:/program files (x86)/cypress/psoc creator/4.2/psoc creator/import/gnu/arm/5.4.1/bin/../lib/gcc/arm-none-eabi/5.4.1/../../../../arm-none-eabi/lib/armv7-m\libg_nano.a(lib_a-init.o)
 .ARM.attributes
                0x0000046a       0x2d c:/program files (x86)/cypress/psoc creator/4.2/psoc creator/import/gnu/arm/5.4.1/bin/../lib/gcc/arm-none-eabi/5.4.1/../../../../arm-none-eabi/lib/armv7-m\libg_nano.a(lib_a-memcpy-stub.o)
 .ARM.attributes
                0x00000497       0x2d c:/program files (x86)/cypress/psoc creator/4.2/psoc creator/import/gnu/arm/5.4.1/bin/../lib/gcc/arm-none-eabi/5.4.1/../../../../arm-none-eabi/lib/armv7-m\libg_nano.a(lib_a-memset.o)
 .ARM.attributes
                0x000004c4       0x2d c:/program files (x86)/cypress/psoc creator/4.2/psoc creator/import/gnu/arm/5.4.1/bin/../lib/gcc/arm-none-eabi/5.4.1/armv7-m/crtend.o
 .ARM.attributes
                0x000004f1       0x1d c:/program files (x86)/cypress/psoc creator/4.2/psoc creator/import/gnu/arm/5.4.1/bin/../lib/gcc/arm-none-eabi/5.4.1/armv7-m/crtn.o

/DISCARD/
 *(.note.GNU-stack)
OUTPUT(C:\Users\holge\Desktop\cypress_PsOC_5LP\Workspace01\CapSense_PWM_LED.cydsn\CortexM3\ARM_GCC_541\Debug\CapSense_PWM_LED.elf elf32-littlearm)
